** Drc report for stlink.kicad_pcb **
** Created on 2025-09-16T15:35:37+0800 **

** Found 4 DRC violations **
[clearance]: Clearance violation (netclass 'Default' clearance 0.1524 mm; actual 0.0000 mm)
    Rule: netclass 'Default'; error
    @(116.8400 mm, 93.3450 mm): Via [GND] on F.Cu - B.Cu
    @(146.6850 mm, 106.0450 mm): Zone [+3V3] on In1.Cu, priority 0
[hole_clearance]: Hole clearance violation (board setup constraints hole clearance 0.1524 mm; actual 0.0000 mm)
    Rule: board setup constraints hole; error
    @(116.8400 mm, 93.3450 mm): Via [GND] on F.Cu - B.Cu
    @(146.6850 mm, 106.0450 mm): Zone [+3V3] on In1.Cu, priority 0
[silk_edge_clearance]: Silkscreen clipped by board edge
    Rule: board setup constraints silk; warning
    @(101.6000 mm, 74.9300 mm): Segment of B1 on Edge.Cuts
    @(103.1800 mm, 84.2000 mm): Segment of J1 on F.Silkscreen
[silk_edge_clearance]: Silkscreen clipped by board edge
    Rule: board setup constraints silk; warning
    @(101.6000 mm, 74.9300 mm): Segment of B1 on Edge.Cuts
    @(103.1800 mm, 93.6000 mm): Segment of J1 on F.Silkscreen

** Found 0 unconnected pads **

** Found 6 Footprint errors **
[missing_footprint]: Missing footprint J3 (Conn_01x05)
    Local override; warning
[extra_footprint]: Extra footprint
    Local override; warning
    @(113.6650 mm, 103.5050 mm): Footprint TP3
[extra_footprint]: Extra footprint
    Local override; warning
    @(116.2050 mm, 103.5050 mm): Footprint TP1
[extra_footprint]: Extra footprint
    Local override; warning
    @(118.7450 mm, 103.5050 mm): Footprint TP4
[extra_footprint]: Extra footprint
    Local override; warning
    @(108.5850 mm, 103.5050 mm): Footprint TP5
[extra_footprint]: Extra footprint
    Local override; warning
    @(111.1250 mm, 103.5050 mm): Footprint TP2

** End of Report **
