** Drc report for stlink.kicad_pcb **
** Created on 2025-09-16T10:34:43+0800 **

** Found 9 DRC violations **
[clearance]: Clearance violation (netclass 'Default' clearance 0.1524 mm; actual 0.1332 mm)
    Rule: netclass 'Default'; error
    @(108.5922 mm, 91.3500 mm): Track [VBUS] on F.Cu, length 0.7707 mm
    @(109.2250 mm, 90.6500 mm): Pad B5 [Net-(J1-CC2)] of J1 on F.Cu
[clearance]: Clearance violation (netclass 'Default' clearance 0.1524 mm; actual 0.1332 mm)
    Rule: netclass 'Default'; error
    @(109.2250 mm, 87.1500 mm): Pad B8 [unconnected-(J1-SBU2-PadB8)] of J1 on F.Cu
    @(108.5922 mm, 86.4500 mm): Track [VBUS] on F.Cu, length 0.7707 mm
[shorting_items]: Items shorting two nets (nets D+ and D-)
    Local override; error
    @(108.4623 mm, 89.4123 mm): Track [D+] on F.Cu, length 0.7232 mm
    @(109.2250 mm, 89.1500 mm): Pad A7 [D-] of J1 on F.Cu
[shorting_items]: Items shorting two nets (nets D+ and D-)
    Local override; error
    @(108.4623 mm, 89.6109 mm): Track [D+] on F.Cu, length 0.9218 mm
    @(109.2250 mm, 89.1500 mm): Pad A7 [D-] of J1 on F.Cu
[silk_edge_clearance]: Silkscreen clipped by board edge
    Rule: board setup constraints silk; warning
    @(101.6000 mm, 74.9300 mm): Segment of B1 on Edge.Cuts
    @(103.1800 mm, 84.2000 mm): Segment of J1 on F.Silkscreen
[silk_edge_clearance]: Silkscreen clipped by board edge
    Rule: board setup constraints silk; warning
    @(101.6000 mm, 74.9300 mm): Segment of B1 on Edge.Cuts
    @(103.1800 mm, 93.6000 mm): Segment of J1 on F.Silkscreen
[solder_mask_bridge]: Front solder mask aperture bridges items with different nets
    Rule: board setup solder mask min width; error
    @(108.4623 mm, 89.4123 mm): Track [D+] on F.Cu, length 0.7232 mm
    @(109.2250 mm, 89.1500 mm): Pad A7 [D-] of J1 on F.Cu
[solder_mask_bridge]: Front solder mask aperture bridges items with different nets
    Rule: board setup solder mask min width; error
    @(108.4623 mm, 89.6109 mm): Track [D+] on F.Cu, length 0.9218 mm
    @(109.2250 mm, 89.1500 mm): Pad A7 [D-] of J1 on F.Cu
[silk_overlap]: Silkscreen overlap
    Rule: board setup constraints silk; warning
    @(114.3000 mm, 88.2650 mm): Reference field of R11
    @(114.8000 mm, 88.9000 mm): Reference field of U1

** Found 0 unconnected pads **

** Found 0 Footprint errors **

** End of Report **
