ERC report (2025-09-17T05:32:17+0800, Encoding UTF8)

***** Sheet /
[lib_symbol_mismatch]: Symbol 'VBUS' doesn't match copy in library 'power'
    ; warning
    @(49.53 mm, 22.86 mm): Symbol #PWR06 [VBUS]
[power_pin_not_driven]: Input Power pin not driven by any Output Power pins
    ; error
    @(46.99 mm, 27.94 mm): Symbol J1 Pin A4 [VBUS, Power input, Line]
[lib_symbol_mismatch]: Symbol '+5V' doesn't match copy in library 'power'
    ; warning
    @(62.23 mm, 22.86 mm): Symbol #PWR010 [+5V]
[lib_symbol_mismatch]: Symbol 'GND' doesn't match copy in library 'power'
    ; warning
    @(24.13 mm, 68.58 mm): Symbol #PWR01 [GND]
[power_pin_not_driven]: Input Power pin not driven by any Output Power pins
    ; error
    @(31.75 mm, 66.04 mm): Symbol J1 Pin A1 [GND, Power input, Line]
[lib_symbol_mismatch]: Symbol '+3V3' doesn't match copy in library 'power'
    ; warning
    @(71.12 mm, 22.86 mm): Symbol #PWR012 [+3V3]
[lib_symbol_mismatch]: Symbol 'GND' doesn't match copy in library 'power'
    ; warning
    @(31.75 mm, 68.58 mm): Symbol #PWR02 [GND]
[lib_symbol_issues]: Symbol 'Q_NPN_BEC' not found in symbol library 'Device'
    ; warning
    @(73.66 mm, 35.56 mm): Symbol Q1 [Q_NPN_BEC]
[lib_symbol_mismatch]: Symbol '+5V' doesn't match copy in library 'power'
    ; warning
    @(81.28 mm, 22.86 mm): Symbol #PWR015 [+5V]
[lib_symbol_mismatch]: Symbol 'GND' doesn't match copy in library 'power'
    ; warning
    @(52.07 mm, 68.58 mm): Symbol #PWR07 [GND]
[lib_symbol_mismatch]: Symbol 'GND' doesn't match copy in library 'power'
    ; warning
    @(58.42 mm, 68.58 mm): Symbol #PWR09 [GND]
[lib_symbol_mismatch]: Symbol 'GND' doesn't match copy in library 'power'
    ; warning
    @(81.28 mm, 46.99 mm): Symbol #PWR016 [GND]
[lib_symbol_mismatch]: Symbol '+3V3' doesn't match copy in library 'power'
    ; warning
    @(35.56 mm, 93.98 mm): Symbol #PWR03 [+3V3]
[lib_symbol_mismatch]: Symbol '+5V' doesn't match copy in library 'power'
    ; warning
    @(118.11 mm, 39.37 mm): Symbol #PWR019 [+5V]
[lib_symbol_mismatch]: Symbol 'GND' doesn't match copy in library 'power'
    ; warning
    @(35.56 mm, 127.00 mm): Symbol #PWR04 [GND]
[lib_symbol_mismatch]: Symbol 'GND' doesn't match copy in library 'power'
    ; warning
    @(44.45 mm, 127.00 mm): Symbol #PWR05 [GND]
[power_pin_not_driven]: Input Power pin not driven by any Output Power pins
    ; error
    @(129.54 mm, 41.91 mm): Symbol U3 Pin 3 [VI, Power input, Line]
[lib_symbol_mismatch]: Symbol 'GND' doesn't match copy in library 'power'
    ; warning
    @(137.16 mm, 57.15 mm): Symbol #PWR020 [GND]
[lib_symbol_mismatch]: Symbol 'GND' doesn't match copy in library 'power'
    ; warning
    @(54.61 mm, 138.43 mm): Symbol #PWR08 [GND]
[lib_symbol_mismatch]: Symbol '+3V3' doesn't match copy in library 'power'
    ; warning
    @(116.84 mm, 96.52 mm): Symbol #PWR018 [+3V3]
[lib_symbol_mismatch]: Symbol 'GND' doesn't match copy in library 'power'
    ; warning
    @(67.31 mm, 138.43 mm): Symbol #PWR011 [GND]
[lib_symbol_mismatch]: Symbol 'GND' doesn't match copy in library 'power'
    ; warning
    @(74.93 mm, 138.43 mm): Symbol #PWR013 [GND]
[lib_symbol_mismatch]: Symbol '+3V3' doesn't match copy in library 'power'
    ; warning
    @(154.94 mm, 39.37 mm): Symbol #PWR022 [+3V3]
[lib_symbol_mismatch]: Symbol 'GND' doesn't match copy in library 'power'
    ; warning
    @(80.01 mm, 138.43 mm): Symbol #PWR014 [GND]
[lib_symbol_mismatch]: Symbol '+3V3' doesn't match copy in library 'power'
    ; warning
    @(176.53 mm, 39.37 mm): Symbol #PWR024 [+3V3]
[lib_symbol_mismatch]: Symbol 'STM32F103C8Tx' doesn't match copy in library 'MCU_ST_STM32F1'
    ; warning
    @(116.84 mm, 139.70 mm): Symbol U1 [STM32F103C8Tx]
[lib_symbol_mismatch]: Symbol 'GND' doesn't match copy in library 'power'
    ; warning
    @(176.53 mm, 52.07 mm): Symbol #PWR025 [GND]
[lib_symbol_mismatch]: Symbol 'SolderJumper_3_Bridged12' doesn't match copy in library 'Jumper'
    ; warning
    @(148.59 mm, 115.57 mm): Symbol JP1 [SolderJumper_3_Bridged12]
[lib_symbol_mismatch]: Symbol '+3V3' doesn't match copy in library 'power'
    ; warning
    @(154.94 mm, 113.03 mm): Symbol #PWR023 [+3V3]
[lib_symbol_mismatch]: Symbol 'GND' doesn't match copy in library 'power'
    ; warning
    @(148.59 mm, 147.32 mm): Symbol #PWR021 [GND]
[lib_symbol_mismatch]: Symbol 'GND' doesn't match copy in library 'power'
    ; warning
    @(115.57 mm, 182.88 mm): Symbol #PWR017 [GND]
[lib_symbol_mismatch]: Symbol '+3V3' doesn't match copy in library 'power'
    ; warning
    @(191.77 mm, 109.22 mm): Symbol #PWR026 [+3V3]
[lib_symbol_mismatch]: Symbol 'LED' doesn't match copy in library 'Device'
    ; warning
    @(191.77 mm, 120.65 mm): Symbol D2 [LED]
[lib_symbol_mismatch]: Symbol 'LED' doesn't match copy in library 'Device'
    ; warning
    @(191.77 mm, 128.27 mm): Symbol D3 [LED]
[lib_symbol_mismatch]: Symbol 'GND' doesn't match copy in library 'power'
    ; warning
    @(191.77 mm, 139.70 mm): Symbol #PWR027 [GND]
[no_connect_dangling]: Unconnected "no connection" flag
    ; warning
    @(229.87 mm, 68.58 mm): No Connect
[lib_symbol_mismatch]: Symbol '+3V3' doesn't match copy in library 'power'
    ; warning
    @(254.00 mm, 39.37 mm): Symbol #PWR029 [+3V3]
[lib_symbol_mismatch]: Symbol 'GND' doesn't match copy in library 'power'
    ; warning
    @(254.00 mm, 54.61 mm): Symbol #PWR030 [GND]
[lib_symbol_mismatch]: Symbol '+5V' doesn't match copy in library 'power'
    ; warning
    @(238.76 mm, 110.49 mm): Symbol #PWR028 [+5V]
[lib_symbol_mismatch]: Symbol '+3V3' doesn't match copy in library 'power'
    ; warning
    @(256.54 mm, 110.49 mm): Symbol #PWR031 [+3V3]
[lib_symbol_mismatch]: Symbol 'GND' doesn't match copy in library 'power'
    ; warning
    @(256.54 mm, 125.73 mm): Symbol #PWR032 [GND]

 ** ERC messages: 41  Errors 3  Warnings 38
