Archive member included to satisfy reference by file (symbol)

/home/lth/st/stm32cubeide_1.19.0/plugins/com.st.stm32cube.ide.mcu.externaltools.gnu-tools-for-stm32.13.3.rel1.linux64_1.0.0.202410170706/tools/bin/../lib/gcc/arm-none-eabi/13.3.1/../../../../arm-none-eabi/lib/thumb/v7-m/nofp/libc_nano.a(libc_a-exit.o)
                              /home/lth/st/stm32cubeide_1.19.0/plugins/com.st.stm32cube.ide.mcu.externaltools.gnu-tools-for-stm32.13.3.rel1.linux64_1.0.0.202410170706/tools/bin/../lib/gcc/arm-none-eabi/13.3.1/../../../../arm-none-eabi/lib/thumb/v7-m/nofp/crt0.o (exit)
/home/lth/st/stm32cubeide_1.19.0/plugins/com.st.stm32cube.ide.mcu.externaltools.gnu-tools-for-stm32.13.3.rel1.linux64_1.0.0.202410170706/tools/bin/../lib/gcc/arm-none-eabi/13.3.1/../../../../arm-none-eabi/lib/thumb/v7-m/nofp/libc_nano.a(libc_a-findfp.o)
                              /home/lth/st/stm32cubeide_1.19.0/plugins/com.st.stm32cube.ide.mcu.externaltools.gnu-tools-for-stm32.13.3.rel1.linux64_1.0.0.202410170706/tools/bin/../lib/gcc/arm-none-eabi/13.3.1/../../../../arm-none-eabi/lib/thumb/v7-m/nofp/libc_nano.a(libc_a-exit.o) (__stdio_exit_handler)
/home/lth/st/stm32cubeide_1.19.0/plugins/com.st.stm32cube.ide.mcu.externaltools.gnu-tools-for-stm32.13.3.rel1.linux64_1.0.0.202410170706/tools/bin/../lib/gcc/arm-none-eabi/13.3.1/../../../../arm-none-eabi/lib/thumb/v7-m/nofp/libc_nano.a(libc_a-fwalk.o)
                              /home/lth/st/stm32cubeide_1.19.0/plugins/com.st.stm32cube.ide.mcu.externaltools.gnu-tools-for-stm32.13.3.rel1.linux64_1.0.0.202410170706/tools/bin/../lib/gcc/arm-none-eabi/13.3.1/../../../../arm-none-eabi/lib/thumb/v7-m/nofp/libc_nano.a(libc_a-findfp.o) (_fwalk_sglue)
/home/lth/st/stm32cubeide_1.19.0/plugins/com.st.stm32cube.ide.mcu.externaltools.gnu-tools-for-stm32.13.3.rel1.linux64_1.0.0.202410170706/tools/bin/../lib/gcc/arm-none-eabi/13.3.1/../../../../arm-none-eabi/lib/thumb/v7-m/nofp/libc_nano.a(libc_a-stdio.o)
                              /home/lth/st/stm32cubeide_1.19.0/plugins/com.st.stm32cube.ide.mcu.externaltools.gnu-tools-for-stm32.13.3.rel1.linux64_1.0.0.202410170706/tools/bin/../lib/gcc/arm-none-eabi/13.3.1/../../../../arm-none-eabi/lib/thumb/v7-m/nofp/libc_nano.a(libc_a-findfp.o) (__sread)
/home/lth/st/stm32cubeide_1.19.0/plugins/com.st.stm32cube.ide.mcu.externaltools.gnu-tools-for-stm32.13.3.rel1.linux64_1.0.0.202410170706/tools/bin/../lib/gcc/arm-none-eabi/13.3.1/../../../../arm-none-eabi/lib/thumb/v7-m/nofp/libc_nano.a(libc_a-memset.o)
                              /home/lth/st/stm32cubeide_1.19.0/plugins/com.st.stm32cube.ide.mcu.externaltools.gnu-tools-for-stm32.13.3.rel1.linux64_1.0.0.202410170706/tools/bin/../lib/gcc/arm-none-eabi/13.3.1/../../../../arm-none-eabi/lib/thumb/v7-m/nofp/crt0.o (memset)
/home/lth/st/stm32cubeide_1.19.0/plugins/com.st.stm32cube.ide.mcu.externaltools.gnu-tools-for-stm32.13.3.rel1.linux64_1.0.0.202410170706/tools/bin/../lib/gcc/arm-none-eabi/13.3.1/../../../../arm-none-eabi/lib/thumb/v7-m/nofp/libc_nano.a(libc_a-closer.o)
                              /home/lth/st/stm32cubeide_1.19.0/plugins/com.st.stm32cube.ide.mcu.externaltools.gnu-tools-for-stm32.13.3.rel1.linux64_1.0.0.202410170706/tools/bin/../lib/gcc/arm-none-eabi/13.3.1/../../../../arm-none-eabi/lib/thumb/v7-m/nofp/libc_nano.a(libc_a-stdio.o) (_close_r)
/home/lth/st/stm32cubeide_1.19.0/plugins/com.st.stm32cube.ide.mcu.externaltools.gnu-tools-for-stm32.13.3.rel1.linux64_1.0.0.202410170706/tools/bin/../lib/gcc/arm-none-eabi/13.3.1/../../../../arm-none-eabi/lib/thumb/v7-m/nofp/libc_nano.a(libc_a-reent.o)
                              /home/lth/st/stm32cubeide_1.19.0/plugins/com.st.stm32cube.ide.mcu.externaltools.gnu-tools-for-stm32.13.3.rel1.linux64_1.0.0.202410170706/tools/bin/../lib/gcc/arm-none-eabi/13.3.1/../../../../arm-none-eabi/lib/thumb/v7-m/nofp/libc_nano.a(libc_a-closer.o) (errno)
/home/lth/st/stm32cubeide_1.19.0/plugins/com.st.stm32cube.ide.mcu.externaltools.gnu-tools-for-stm32.13.3.rel1.linux64_1.0.0.202410170706/tools/bin/../lib/gcc/arm-none-eabi/13.3.1/../../../../arm-none-eabi/lib/thumb/v7-m/nofp/libc_nano.a(libc_a-impure.o)
                              /home/lth/st/stm32cubeide_1.19.0/plugins/com.st.stm32cube.ide.mcu.externaltools.gnu-tools-for-stm32.13.3.rel1.linux64_1.0.0.202410170706/tools/bin/../lib/gcc/arm-none-eabi/13.3.1/../../../../arm-none-eabi/lib/thumb/v7-m/nofp/libc_nano.a(libc_a-reent.o) (_impure_ptr)
/home/lth/st/stm32cubeide_1.19.0/plugins/com.st.stm32cube.ide.mcu.externaltools.gnu-tools-for-stm32.13.3.rel1.linux64_1.0.0.202410170706/tools/bin/../lib/gcc/arm-none-eabi/13.3.1/../../../../arm-none-eabi/lib/thumb/v7-m/nofp/libc_nano.a(libc_a-lseekr.o)
                              /home/lth/st/stm32cubeide_1.19.0/plugins/com.st.stm32cube.ide.mcu.externaltools.gnu-tools-for-stm32.13.3.rel1.linux64_1.0.0.202410170706/tools/bin/../lib/gcc/arm-none-eabi/13.3.1/../../../../arm-none-eabi/lib/thumb/v7-m/nofp/libc_nano.a(libc_a-stdio.o) (_lseek_r)
[...]
Memory Configuration

Name             Origin             Length             Attributes
RAM              0x20000000         0x00005000         xrw
APP              0x08000000         0x0001c000         xr
FLASH            0x0801c000         0x00004000         xr
*default*        0x00000000         0xffffffff

Linker script and memory map

LOAD /home/lth/st/stm32cubeide_1.19.0/plugins/com.st.stm32cube.ide.mcu.externaltools.gnu-tools-for-stm32.13.3.rel1.linux64_1.0.0.202410170706/tools/bin/../lib/gcc/arm-none-eabi/13.3.1/thumb/v7-m/nofp/crti.o
LOAD /home/lth/st/stm32cubeide_1.19.0/plugins/com.st.stm32cube.ide.mcu.externaltools.gnu-tools-for-stm32.13.3.rel1.linux64_1.0.0.202410170706/tools/bin/../lib/gcc/arm-none-eabi/13.3.1/thumb/v7-m/nofp/crtbegin.o
LOAD /home/lth/st/stm32cubeide_1.19.0/plugins/com.st.stm32cube.ide.mcu.externaltools.gnu-tools-for-stm32.13.3.rel1.linux64_1.0.0.202410170706/tools/bin/../lib/gcc/arm-none-eabi/13.3.1/../../../../arm-none-eabi/lib/thumb/v7-m/nofp/crt0.o
LOAD ./Core/Src/main.o
LOAD ./Core/Src/stm32f1xx_hal_msp.o
LOAD ./Core/Src/stm32f1xx_it.o
LOAD ./Core/Src/syscalls.o
LOAD ./Core/Src/sysmem.o
LOAD ./Core/Src/system_stm32f1xx.o
LOAD ./Core/Startup/startup_stm32f103cbtx.o
LOAD ./Drivers/STM32F1xx_HAL_Driver/Src/stm32f1xx_hal.o
LOAD ./Drivers/STM32F1xx_HAL_Driver/Src/stm32f1xx_hal_cortex.o
LOAD ./Drivers/STM32F1xx_HAL_Driver/Src/stm32f1xx_hal_dma.o
LOAD ./Drivers/STM32F1xx_HAL_Driver/Src/stm32f1xx_hal_exti.o
LOAD ./Drivers/STM32F1xx_HAL_Driver/Src/stm32f1xx_hal_flash.o
LOAD ./Drivers/STM32F1xx_HAL_Driver/Src/stm32f1xx_hal_flash_ex.o
LOAD ./Drivers/STM32F1xx_HAL_Driver/Src/stm32f1xx_hal_gpio.o
LOAD ./Drivers/STM32F1xx_HAL_Driver/Src/stm32f1xx_hal_gpio_ex.o
LOAD ./Drivers/STM32F1xx_HAL_Driver/Src/stm32f1xx_hal_pcd.o
LOAD ./Drivers/STM32F1xx_HAL_Driver/Src/stm32f1xx_hal_pcd_ex.o
LOAD ./Drivers/STM32F1xx_HAL_Driver/Src/stm32f1xx_hal_pwr.o
LOAD ./Drivers/STM32F1xx_HAL_Driver/Src/stm32f1xx_hal_rcc.o
LOAD ./Drivers/STM32F1xx_HAL_Driver/Src/stm32f1xx_hal_rcc_ex.o
LOAD ./Drivers/STM32F1xx_HAL_Driver/Src/stm32f1xx_ll_usb.o
LOAD ./Middlewares/ST/STM32_USB_Device_Library/Class/DFU/Src/usbd_dfu.o
LOAD ./Middlewares/ST/STM32_USB_Device_Library/Core/Src/usbd_core.o
LOAD ./Middlewares/ST/STM32_USB_Device_Library/Core/Src/usbd_ctlreq.o
LOAD ./Middlewares/ST/STM32_USB_Device_Library/Core/Src/usbd_ioreq.o
LOAD ./USB_DEVICE/App/usb_device.o
LOAD ./USB_DEVICE/App/usbd_desc.o
LOAD ./USB_DEVICE/App/usbd_dfu_if.o
LOAD ./USB_DEVICE/Target/usbd_conf.o
START GROUP
LOAD /home/lth/st/stm32cubeide_1.19.0/plugins/com.st.stm32cube.ide.mcu.externaltools.gnu-tools-for-stm32.13.3.rel1.linux64_1.0.0.202410170706/tools/bin/../lib/gcc/arm-none-eabi/13.3.1/../../../../arm-none-eabi/lib/thumb/v7-m/nofp/libc_nano.a
LOAD /home/lth/st/stm32cubeide_1.19.0/plugins/com.st.stm32cube.ide.mcu.externaltools.gnu-tools-for-stm32.13.3.rel1.linux64_1.0.0.202410170706/tools/bin/../lib/gcc/arm-none-eabi/13.3.1/../../../../arm-none-eabi/lib/thumb/v7-m/nofp/libm.a
END GROUP
START GROUP
LOAD /home/lth/st/stm32cubeide_1.19.0/plugins/com.st.stm32cube.ide.mcu.externaltools.gnu-tools-for-stm32.13.3.rel1.linux64_1.0.0.202410170706/tools/bin/../lib/gcc/arm-none-eabi/13.3.1/thumb/v7-m/nofp/libgcc.a
LOAD /home/lth/st/stm32cubeide_1.19.0/plugins/com.st.stm32cube.ide.mcu.externaltools.gnu-tools-for-stm32.13.3.rel1.linux64_1.0.0.202410170706/tools/bin/../lib/gcc/arm-none-eabi/13.3.1/../../../../arm-none-eabi/lib/thumb/v7-m/nofp/libc_nano.a
END GROUP
START GROUP
LOAD /home/lth/st/stm32cubeide_1.19.0/plugins/com.st.stm32cube.ide.mcu.externaltools.gnu-tools-for-stm32.13.3.rel1.linux64_1.0.0.202410170706/tools/bin/../lib/gcc/arm-none-eabi/13.3.1/thumb/v7-m/nofp/libgcc.a
LOAD /home/lth/st/stm32cubeide_1.19.0/plugins/com.st.stm32cube.ide.mcu.externaltools.gnu-tools-for-stm32.13.3.rel1.linux64_1.0.0.202410170706/tools/bin/../lib/gcc/arm-none-eabi/13.3.1/../../../../arm-none-eabi/lib/thumb/v7-m/nofp/libc_nano.a
LOAD /home/lth/st/stm32cubeide_1.19.0/plugins/com.st.stm32cube.ide.mcu.externaltools.gnu-tools-for-stm32.13.3.rel1.linux64_1.0.0.202410170706/tools/bin/../lib/gcc/arm-none-eabi/13.3.1/../../../../arm-none-eabi/lib/thumb/v7-m/nofp/libnosys.a
END GROUP
START GROUP
LOAD /home/lth/st/stm32cubeide_1.19.0/plugins/com.st.stm32cube.ide.mcu.externaltools.gnu-tools-for-stm32.13.3.rel1.linux64_1.0.0.202410170706/tools/bin/../lib/gcc/arm-none-eabi/13.3.1/thumb/v7-m/nofp/libgcc.a
LOAD /home/lth/st/stm32cubeide_1.19.0/plugins/com.st.stm32cube.ide.mcu.externaltools.gnu-tools-for-stm32.13.3.rel1.linux64_1.0.0.202410170706/tools/bin/../lib/gcc/arm-none-eabi/13.3.1/../../../../arm-none-eabi/lib/thumb/v7-m/nofp/libc_nano.a
LOAD /home/lth/st/stm32cubeide_1.19.0/plugins/com.st.stm32cube.ide.mcu.externaltools.gnu-tools-for-stm32.13.3.rel1.linux64_1.0.0.202410170706/tools/bin/../lib/gcc/arm-none-eabi/13.3.1/../../../../arm-none-eabi/lib/thumb/v7-m/nofp/libnosys.a
END GROUP
LOAD /home/lth/st/stm32cubeide_1.19.0/plugins/com.st.stm32cube.ide.mcu.externaltools.gnu-tools-for-stm32.13.3.rel1.linux64_1.0.0.202410170706/tools/bin/../lib/gcc/arm-none-eabi/13.3.1/thumb/v7-m/nofp/crtend.o
LOAD /home/lth/st/stm32cubeide_1.19.0/plugins/com.st.stm32cube.ide.mcu.externaltools.gnu-tools-for-stm32.13.3.rel1.linux64_1.0.0.202410170706/tools/bin/../lib/gcc/arm-none-eabi/13.3.1/thumb/v7-m/nofp/crtn.o
                0x20005000                        _estack = (ORIGIN (RAM) + LENGTH (RAM))
                0x00000200                        _Min_Heap_Size = 0x200
                0x00000400                        _Min_Stack_Size = 0x400

.isr_vector     0x0801c000      0x10c
                0x0801c000                        . = ALIGN (0x4)
 *(.isr_vector)
 .isr_vector    0x0801c000      0x10c ./Core/Startup/startup_stm32f103cbtx.o
                0x0801c000                g_pfnVectors
                0x0801c10c                        . = ALIGN (0x4)

.text           0x0801c10c     0x351c
                0x0801c10c                        . = ALIGN (0x4)
 *(.text)
 .text          0x0801c10c       0x40 /home/lth/st/stm32cubeide_1.19.0/plugins/com.st.stm32cube.ide.mcu.externaltools.gnu-tools-for-stm32.13.3.rel1.linux64_1.0.0.202410170706/tools/bin/../lib/gcc/arm-none-eabi/13.3.1/thumb/v7-m/nofp/crtbegin.o
 .text          0x0801c14c       0x10 /home/lth/st/stm32cubeide_1.19.0/plugins/com.st.stm32cube.ide.mcu.externaltools.gnu-tools-for-stm32.13.3.rel1.linux64_1.0.0.202410170706/tools/bin/../lib/gcc/arm-none-eabi/13.3.1/../../../../arm-none-eabi/lib/thumb/v7-m/nofp/libc_nano.a(libc_a-strlen.o)
                0x0801c14c                strlen
 *(.text*)
 .text.SystemClock_Config
                0x0801c15c       0x7c ./Core/Src/main.o
                0x0801c15c                SystemClock_Config
 .text.startup.main
                0x0801c1d8       0x90 ./Core/Src/main.o
                0x0801c1d8                main
 .text.Error_Handler
                0x0801c268        0x4 ./Core/Src/main.o
                0x0801c268                Error_Handler
 .text.HAL_MspInit
                0x0801c26c       0x44 ./Core/Src/stm32f1xx_hal_msp.o
                0x0801c26c                HAL_MspInit
 .text.NMI_Handler
                0x0801c2b0        0x2 ./Core/Src/stm32f1xx_it.o
                0x0801c2b0                NMI_Handler
 .text.HardFault_Handler
                0x0801c2b2        0x2 ./Core/Src/stm32f1xx_it.o
                0x0801c2b2                HardFault_Handler
 .text.MemManage_Handler
                0x0801c2b4        0x2 ./Core/Src/stm32f1xx_it.o
                0x0801c2b4                MemManage_Handler
 .text.BusFault_Handler
                0x0801c2b6        0x2 ./Core/Src/stm32f1xx_it.o
                0x0801c2b6                BusFault_Handler
 .text.UsageFault_Handler
                0x0801c2b8        0x2 ./Core/Src/stm32f1xx_it.o
                0x0801c2b8                UsageFault_Handler
 .text.SVC_Handler
                0x0801c2ba        0x2 ./Core/Src/stm32f1xx_it.o
                0x0801c2ba                SVC_Handler
 .text.DebugMon_Handler
                0x0801c2bc        0x2 ./Core/Src/stm32f1xx_it.o
                0x0801c2bc                DebugMon_Handler
 .text.PendSV_Handler
                0x0801c2be        0x2 ./Core/Src/stm32f1xx_it.o
                0x0801c2be                PendSV_Handler
 .text.SysTick_Handler
                0x0801c2c0        0x4 ./Core/Src/stm32f1xx_it.o
                0x0801c2c0                SysTick_Handler
 .text.USB_LP_CAN1_RX0_IRQHandler
                0x0801c2c4        0xc ./Core/Src/stm32f1xx_it.o
                0x0801c2c4                USB_LP_CAN1_RX0_IRQHandler
 .text.SystemInit
                0x0801c2d0       0x10 ./Core/Src/system_stm32f1xx.o
                0x0801c2d0                SystemInit
 .text.Reset_Handler
                0x0801c2e0       0x48 ./Core/Startup/startup_stm32f103cbtx.o
                0x0801c2e0                Reset_Handler
 .text.Default_Handler
                0x0801c328        0x2 ./Core/Startup/startup_stm32f103cbtx.o
                0x0801c328                RTC_Alarm_IRQHandler
                0x0801c328                EXTI2_IRQHandler
                0x0801c328                TIM1_CC_IRQHandler
                0x0801c328                PVD_IRQHandler
                0x0801c328                EXTI3_IRQHandler
                0x0801c328                EXTI0_IRQHandler
                0x0801c328                I2C2_EV_IRQHandler
                0x0801c328                ADC1_2_IRQHandler
                0x0801c328                SPI1_IRQHandler
                0x0801c328                TAMPER_IRQHandler
                0x0801c328                DMA1_Channel4_IRQHandler
                0x0801c328                USART3_IRQHandler
                0x0801c328                RTC_IRQHandler
                0x0801c328                DMA1_Channel7_IRQHandler
                0x0801c328                CAN1_RX1_IRQHandler
                0x0801c328                TIM4_IRQHandler
                0x0801c328                I2C1_EV_IRQHandler
                0x0801c328                DMA1_Channel6_IRQHandler
                0x0801c328                TIM3_IRQHandler
                0x0801c328                RCC_IRQHandler
                0x0801c328                TIM1_TRG_COM_IRQHandler
                0x0801c328                DMA1_Channel1_IRQHandler
                0x0801c328                Default_Handler
                0x0801c328                EXTI15_10_IRQHandler
                0x0801c328                EXTI9_5_IRQHandler
                0x0801c328                SPI2_IRQHandler
                0x0801c328                DMA1_Channel5_IRQHandler
                0x0801c328                EXTI4_IRQHandler
                0x0801c328                USB_HP_CAN1_TX_IRQHandler
                0x0801c328                DMA1_Channel3_IRQHandler
                0x0801c328                TIM1_UP_IRQHandler
                0x0801c328                WWDG_IRQHandler
                0x0801c328                TIM2_IRQHandler
                0x0801c328                TIM1_BRK_IRQHandler
                0x0801c328                EXTI1_IRQHandler
                0x0801c328                USART2_IRQHandler
                0x0801c328                I2C2_ER_IRQHandler
                0x0801c328                DMA1_Channel2_IRQHandler
                0x0801c328                CAN1_SCE_IRQHandler
                0x0801c328                FLASH_IRQHandler
                0x0801c328                USART1_IRQHandler
                0x0801c328                I2C1_ER_IRQHandler
                0x0801c328                USBWakeUp_IRQHandler
 *fill*         0x0801c32a        0x2 
 .text.HAL_InitTick
                0x0801c32c       0x48 ./Drivers/STM32F1xx_HAL_Driver/Src/stm32f1xx_hal.o
                0x0801c32c                HAL_InitTick
 .text.HAL_Init
                0x0801c374       0x24 ./Drivers/STM32F1xx_HAL_Driver/Src/stm32f1xx_hal.o
                0x0801c374                HAL_Init
 .text.HAL_IncTick
                0x0801c398       0x18 ./Drivers/STM32F1xx_HAL_Driver/Src/stm32f1xx_hal.o
                0x0801c398                HAL_IncTick
 .text.HAL_GetTick
                0x0801c3b0        0xc ./Drivers/STM32F1xx_HAL_Driver/Src/stm32f1xx_hal.o
                0x0801c3b0                HAL_GetTick
 .text.HAL_Delay
                0x0801c3bc       0x24 ./Drivers/STM32F1xx_HAL_Driver/Src/stm32f1xx_hal.o
                0x0801c3bc                HAL_Delay
 .text.HAL_NVIC_SetPriorityGrouping
                0x0801c3e0       0x24 ./Drivers/STM32F1xx_HAL_Driver/Src/stm32f1xx_hal_cortex.o
                0x0801c3e0                HAL_NVIC_SetPriorityGrouping
 .text.HAL_NVIC_SetPriority
                0x0801c404       0x60 ./Drivers/STM32F1xx_HAL_Driver/Src/stm32f1xx_hal_cortex.o
                0x0801c404                HAL_NVIC_SetPriority
 .text.HAL_NVIC_EnableIRQ
                0x0801c464       0x1c ./Drivers/STM32F1xx_HAL_Driver/Src/stm32f1xx_hal_cortex.o
                0x0801c464                HAL_NVIC_EnableIRQ
 .text.HAL_SYSTICK_Config
                0x0801c480       0x28 ./Drivers/STM32F1xx_HAL_Driver/Src/stm32f1xx_hal_cortex.o
                0x0801c480                HAL_SYSTICK_Config
 .text.FLASH_SetErrorCode
                0x0801c4a8       0x50 ./Drivers/STM32F1xx_HAL_Driver/Src/stm32f1xx_hal_flash.o
 .text.HAL_FLASH_Unlock
                0x0801c4f8       0x24 ./Drivers/STM32F1xx_HAL_Driver/Src/stm32f1xx_hal_flash.o
                0x0801c4f8                HAL_FLASH_Unlock
 .text.HAL_FLASH_Lock
                0x0801c51c       0x14 ./Drivers/STM32F1xx_HAL_Driver/Src/stm32f1xx_hal_flash.o
                0x0801c51c                HAL_FLASH_Lock
 .text.FLASH_WaitForLastOperation
                0x0801c530       0x54 ./Drivers/STM32F1xx_HAL_Driver/Src/stm32f1xx_hal_flash.o
                0x0801c530                FLASH_WaitForLastOperation
 .text.HAL_FLASH_Program
                0x0801c584       0xa4 ./Drivers/STM32F1xx_HAL_Driver/Src/stm32f1xx_hal_flash.o
                0x0801c584                HAL_FLASH_Program
 .text.FLASH_PageErase
                0x0801c628       0x24 ./Drivers/STM32F1xx_HAL_Driver/Src/stm32f1xx_hal_flash_ex.o
                0x0801c628                FLASH_PageErase
 .text.HAL_FLASHEx_Erase
                0x0801c64c       0xa8 ./Drivers/STM32F1xx_HAL_Driver/Src/stm32f1xx_hal_flash_ex.o
                0x0801c64c                HAL_FLASHEx_Erase
 .text.HAL_GPIO_Init
                0x0801c6f4      0x1a8 ./Drivers/STM32F1xx_HAL_Driver/Src/stm32f1xx_hal_gpio.o
                0x0801c6f4                HAL_GPIO_Init
 .text.HAL_GPIO_DeInit
                0x0801c89c       0xdc ./Drivers/STM32F1xx_HAL_Driver/Src/stm32f1xx_hal_gpio.o
                0x0801c89c                HAL_GPIO_DeInit
 .text.HAL_GPIO_WritePin
                0x0801c978        0xa ./Drivers/STM32F1xx_HAL_Driver/Src/stm32f1xx_hal_gpio.o
                0x0801c978                HAL_GPIO_WritePin
 .text.HAL_GPIO_TogglePin
                0x0801c982       0x12 ./Drivers/STM32F1xx_HAL_Driver/Src/stm32f1xx_hal_gpio.o
                0x0801c982                HAL_GPIO_TogglePin
 .text.HAL_PCD_Init
                0x0801c994       0xc6 ./Drivers/STM32F1xx_HAL_Driver/Src/stm32f1xx_hal_pcd.o
                0x0801c994                HAL_PCD_Init
 .text.HAL_PCD_Start
                0x0801ca5a       0x32 ./Drivers/STM32F1xx_HAL_Driver/Src/stm32f1xx_hal_pcd.o
                0x0801ca5a                HAL_PCD_Start
 .text.HAL_PCD_Stop
                0x0801ca8c       0x32 ./Drivers/STM32F1xx_HAL_Driver/Src/stm32f1xx_hal_pcd.o
                0x0801ca8c                HAL_PCD_Stop
 .text.HAL_PCD_SetAddress
                0x0801cabe       0x26 ./Drivers/STM32F1xx_HAL_Driver/Src/stm32f1xx_hal_pcd.o
                0x0801cabe                HAL_PCD_SetAddress
 .text.HAL_PCD_IRQHandler
                0x0801cae4      0xa08 ./Drivers/STM32F1xx_HAL_Driver/Src/stm32f1xx_hal_pcd.o
                0x0801cae4                HAL_PCD_IRQHandler
 .text.HAL_PCD_EP_Open
                0x0801d4ec       0x60 ./Drivers/STM32F1xx_HAL_Driver/Src/stm32f1xx_hal_pcd.o
                0x0801d4ec                HAL_PCD_EP_Open
 .text.HAL_PCD_EP_Receive
                0x0801d54c       0x2e ./Drivers/STM32F1xx_HAL_Driver/Src/stm32f1xx_hal_pcd.o
                0x0801d54c                HAL_PCD_EP_Receive
 .text.HAL_PCD_EP_Transmit
                0x0801d57a       0x30 ./Drivers/STM32F1xx_HAL_Driver/Src/stm32f1xx_hal_pcd.o
                0x0801d57a                HAL_PCD_EP_Transmit
 .text.HAL_PCD_EP_SetStall
                0x0801d5aa       0x6c ./Drivers/STM32F1xx_HAL_Driver/Src/stm32f1xx_hal_pcd.o
                0x0801d5aa                HAL_PCD_EP_SetStall
 .text.HAL_PCD_EP_ClrStall
                0x0801d616       0x64 ./Drivers/STM32F1xx_HAL_Driver/Src/stm32f1xx_hal_pcd.o
                0x0801d616                HAL_PCD_EP_ClrStall
 .text.HAL_PCDEx_PMAConfig
                0x0801d67a       0x32 ./Drivers/STM32F1xx_HAL_Driver/Src/stm32f1xx_hal_pcd_ex.o
                0x0801d67a                HAL_PCDEx_PMAConfig
 .text.HAL_RCC_OscConfig
                0x0801d6ac      0x338 ./Drivers/STM32F1xx_HAL_Driver/Src/stm32f1xx_hal_rcc.o
                0x0801d6ac                HAL_RCC_OscConfig
 .text.HAL_RCC_GetSysClockFreq
                0x0801d9e4       0x4c ./Drivers/STM32F1xx_HAL_Driver/Src/stm32f1xx_hal_rcc.o
                0x0801d9e4                HAL_RCC_GetSysClockFreq
 .text.HAL_RCC_ClockConfig
                0x0801da30      0x138 ./Drivers/STM32F1xx_HAL_Driver/Src/stm32f1xx_hal_rcc.o
                0x0801da30                HAL_RCC_ClockConfig
 .text.HAL_RCCEx_PeriphCLKConfig
                0x0801db68       0xf4 ./Drivers/STM32F1xx_HAL_Driver/Src/stm32f1xx_hal_rcc_ex.o
                0x0801db68                HAL_RCCEx_PeriphCLKConfig
 .text.USB_CoreInit
                0x0801dc5c        0xe ./Drivers/STM32F1xx_HAL_Driver/Src/stm32f1xx_ll_usb.o
                0x0801dc5c                USB_CoreInit
 .text.USB_EnableGlobalInt
                0x0801dc6a       0x12 ./Drivers/STM32F1xx_HAL_Driver/Src/stm32f1xx_ll_usb.o
                0x0801dc6a                USB_EnableGlobalInt
 .text.USB_DisableGlobalInt
                0x0801dc7c       0x14 ./Drivers/STM32F1xx_HAL_Driver/Src/stm32f1xx_ll_usb.o
                0x0801dc7c                USB_DisableGlobalInt
 .text.USB_SetCurrentMode
                0x0801dc90        0x4 ./Drivers/STM32F1xx_HAL_Driver/Src/stm32f1xx_ll_usb.o
                0x0801dc90                USB_SetCurrentMode
 .text.USB_DevInit
                0x0801dc94       0x22 ./Drivers/STM32F1xx_HAL_Driver/Src/stm32f1xx_ll_usb.o
                0x0801dc94                USB_DevInit
 *fill*         0x0801dcb6        0x2 
 .text.USB_ActivateEndpoint
                0x0801dcb8      0x2c0 ./Drivers/STM32F1xx_HAL_Driver/Src/stm32f1xx_ll_usb.o
                0x0801dcb8                USB_ActivateEndpoint
 .text.USB_EPSetStall
                0x0801df78       0x40 ./Drivers/STM32F1xx_HAL_Driver/Src/stm32f1xx_ll_usb.o
                0x0801df78                USB_EPSetStall
 .text.USB_EPClearStall
                0x0801dfb8       0x92 ./Drivers/STM32F1xx_HAL_Driver/Src/stm32f1xx_ll_usb.o
                0x0801dfb8                USB_EPClearStall
 .text.USB_SetDevAddress
                0x0801e04a        0xc ./Drivers/STM32F1xx_HAL_Driver/Src/stm32f1xx_ll_usb.o
                0x0801e04a                USB_SetDevAddress
 .text.USB_DevConnect
                0x0801e056        0x4 ./Drivers/STM32F1xx_HAL_Driver/Src/stm32f1xx_ll_usb.o
                0x0801e056                USB_DevConnect
 .text.USB_DevDisconnect
                0x0801e05a        0x4 ./Drivers/STM32F1xx_HAL_Driver/Src/stm32f1xx_ll_usb.o
                0x0801e05a                USB_DevDisconnect
 .text.USB_ReadInterrupts
                0x0801e05e        0x8 ./Drivers/STM32F1xx_HAL_Driver/Src/stm32f1xx_ll_usb.o
                0x0801e05e                USB_ReadInterrupts
 .text.USB_EP0_OutStart
                0x0801e066        0x4 ./Drivers/STM32F1xx_HAL_Driver/Src/stm32f1xx_ll_usb.o
                0x0801e066                USB_EP0_OutStart
 .text.USB_WritePMA
                0x0801e06a       0x20 ./Drivers/STM32F1xx_HAL_Driver/Src/stm32f1xx_ll_usb.o
                0x0801e06a                USB_WritePMA
 .text.USB_EPStartXfer
                0x0801e08a      0x46a ./Drivers/STM32F1xx_HAL_Driver/Src/stm32f1xx_ll_usb.o
                0x0801e08a                USB_EPStartXfer
 .text.USB_ReadPMA
                0x0801e4f4       0x38 ./Drivers/STM32F1xx_HAL_Driver/Src/stm32f1xx_ll_usb.o
                0x0801e4f4                USB_ReadPMA
 .text.USBD_DFU_GetCfgDesc
                0x0801e52c        0xc ./Middlewares/ST/STM32_USB_Device_Library/Class/DFU/Src/usbd_dfu.o
 .text.USBD_DFU_DataIn
                0x0801e538        0x4 ./Middlewares/ST/STM32_USB_Device_Library/Class/DFU/Src/usbd_dfu.o
 .text.USBD_DFU_EP0_RxReady
                0x0801e53c        0x4 ./Middlewares/ST/STM32_USB_Device_Library/Class/DFU/Src/usbd_dfu.o
 .text.USBD_DFU_GetDeviceQualifierDesc
                0x0801e540        0xc ./Middlewares/ST/STM32_USB_Device_Library/Class/DFU/Src/usbd_dfu.o
 .text.USBD_DFU_EP0_TxReady
                0x0801e54c      0x128 ./Middlewares/ST/STM32_USB_Device_Library/Class/DFU/Src/usbd_dfu.o
 .text.USBD_DFU_DeInit
                0x0801e674       0x38 ./Middlewares/ST/STM32_USB_Device_Library/Class/DFU/Src/usbd_dfu.o
 .text.USBD_DFU_Init
                0x0801e6ac       0x4a ./Middlewares/ST/STM32_USB_Device_Library/Class/DFU/Src/usbd_dfu.o
 .text.USBD_DFU_IsoOutIncomplete
                0x0801e6f6        0x4 ./Middlewares/ST/STM32_USB_Device_Library/Class/DFU/Src/usbd_dfu.o
 *fill*         0x0801e6fa        0x2 
 .text.USBD_DFU_GetUsrStringDesc
                0x0801e6fc       0x20 ./Middlewares/ST/STM32_USB_Device_Library/Class/DFU/Src/usbd_dfu.o
 .text.USBD_DFU_Setup
                0x0801e71c      0x2e8 ./Middlewares/ST/STM32_USB_Device_Library/Class/DFU/Src/usbd_dfu.o
 .text.USBD_DFU_DataOut
                0x0801ea04        0x4 ./Middlewares/ST/STM32_USB_Device_Library/Class/DFU/Src/usbd_dfu.o
 .text.USBD_DFU_IsoINIncomplete
                0x0801ea08        0x4 ./Middlewares/ST/STM32_USB_Device_Library/Class/DFU/Src/usbd_dfu.o
 .text.USBD_DFU_SOF
                0x0801ea0c        0x4 ./Middlewares/ST/STM32_USB_Device_Library/Class/DFU/Src/usbd_dfu.o
 .text.USBD_DFU_RegisterMedia
                0x0801ea10        0xa ./Middlewares/ST/STM32_USB_Device_Library/Class/DFU/Src/usbd_dfu.o
                0x0801ea10                USBD_DFU_RegisterMedia
 .text.USBD_Init
                0x0801ea1a       0x2a ./Middlewares/ST/STM32_USB_Device_Library/Core/Src/usbd_core.o
                0x0801ea1a                USBD_Init
 .text.USBD_RegisterClass
                0x0801ea44        0xe ./Middlewares/ST/STM32_USB_Device_Library/Core/Src/usbd_core.o
                0x0801ea44                USBD_RegisterClass
 .text.USBD_Start
                0x0801ea52        0xa ./Middlewares/ST/STM32_USB_Device_Library/Core/Src/usbd_core.o
                0x0801ea52                USBD_Start
 .text.USBD_Stop
                0x0801ea5c       0x18 ./Middlewares/ST/STM32_USB_Device_Library/Core/Src/usbd_core.o
                0x0801ea5c                USBD_Stop
 .text.USBD_SetClassConfig
                0x0801ea74       0x1a ./Middlewares/ST/STM32_USB_Device_Library/Core/Src/usbd_core.o
                0x0801ea74                USBD_SetClassConfig
 .text.USBD_ClrClassConfig
                0x0801ea8e        0xe ./Middlewares/ST/STM32_USB_Device_Library/Core/Src/usbd_core.o
                0x0801ea8e                USBD_ClrClassConfig
 .text.USBD_LL_SetupStage
                0x0801ea9c       0x5a ./Middlewares/ST/STM32_USB_Device_Library/Core/Src/usbd_core.o
                0x0801ea9c                USBD_LL_SetupStage
 .text.USBD_LL_DataOutStage
                0x0801eaf6       0x70 ./Middlewares/ST/STM32_USB_Device_Library/Core/Src/usbd_core.o
                0x0801eaf6                USBD_LL_DataOutStage
 .text.USBD_LL_DataInStage
                0x0801eb66       0xb8 ./Middlewares/ST/STM32_USB_Device_Library/Core/Src/usbd_core.o
                0x0801eb66                USBD_LL_DataInStage
 .text.USBD_LL_Reset
                0x0801ec1e       0x4e ./Middlewares/ST/STM32_USB_Device_Library/Core/Src/usbd_core.o
                0x0801ec1e                USBD_LL_Reset
 .text.USBD_LL_SetSpeed
                0x0801ec6c        0x6 ./Middlewares/ST/STM32_USB_Device_Library/Core/Src/usbd_core.o
                0x0801ec6c                USBD_LL_SetSpeed
 .text.USBD_LL_Suspend
                0x0801ec72       0x12 ./Middlewares/ST/STM32_USB_Device_Library/Core/Src/usbd_core.o
                0x0801ec72                USBD_LL_Suspend
 .text.USBD_LL_Resume
                0x0801ec84       0x14 ./Middlewares/ST/STM32_USB_Device_Library/Core/Src/usbd_core.o
                0x0801ec84                USBD_LL_Resume
 .text.USBD_LL_SOF
                0x0801ec98       0x18 ./Middlewares/ST/STM32_USB_Device_Library/Core/Src/usbd_core.o
                0x0801ec98                USBD_LL_SOF
 .text.USBD_CtlError.constprop.0
                0x0801ecb0       0x16 ./Middlewares/ST/STM32_USB_Device_Library/Core/Src/usbd_ctlreq.o
 *fill*         0x0801ecc6        0x2 
 .text.USBD_StdDevReq
                0x0801ecc8      0x2a4 ./Middlewares/ST/STM32_USB_Device_Library/Core/Src/usbd_ctlreq.o
                0x0801ecc8                USBD_StdDevReq
 .text.USBD_StdItfReq
                0x0801ef6c       0x48 ./Middlewares/ST/STM32_USB_Device_Library/Core/Src/usbd_ctlreq.o
                0x0801ef6c                USBD_StdItfReq
 .text.USBD_StdEPReq
                0x0801efb4      0x118 ./Middlewares/ST/STM32_USB_Device_Library/Core/Src/usbd_ctlreq.o
                0x0801efb4                USBD_StdEPReq
 .text.USBD_ParseSetupRequest
                0x0801f0cc       0x16 ./Middlewares/ST/STM32_USB_Device_Library/Core/Src/usbd_ctlreq.o
                0x0801f0cc                USBD_ParseSetupRequest
 .text.USBD_CtlError
                0x0801f0e2       0x16 ./Middlewares/ST/STM32_USB_Device_Library/Core/Src/usbd_ctlreq.o
                0x0801f0e2                USBD_CtlError
 .text.USBD_GetString
                0x0801f0f8       0x38 ./Middlewares/ST/STM32_USB_Device_Library/Core/Src/usbd_ctlreq.o
                0x0801f0f8                USBD_GetString
 .text.USBD_CtlSendData
                0x0801f130       0x1a ./Middlewares/ST/STM32_USB_Device_Library/Core/Src/usbd_ioreq.o
                0x0801f130                USBD_CtlSendData
 .text.USBD_CtlContinueSendData
                0x0801f14a       0x10 ./Middlewares/ST/STM32_USB_Device_Library/Core/Src/usbd_ioreq.o
                0x0801f14a                USBD_CtlContinueSendData
 .text.USBD_CtlPrepareRx
                0x0801f15a       0x1a ./Middlewares/ST/STM32_USB_Device_Library/Core/Src/usbd_ioreq.o
                0x0801f15a                USBD_CtlPrepareRx
 .text.USBD_CtlContinueRx
                0x0801f174       0x10 ./Middlewares/ST/STM32_USB_Device_Library/Core/Src/usbd_ioreq.o
                0x0801f174                USBD_CtlContinueRx
 .text.USBD_CtlSendStatus
                0x0801f184       0x16 ./Middlewares/ST/STM32_USB_Device_Library/Core/Src/usbd_ioreq.o
                0x0801f184                USBD_CtlSendStatus
 .text.USBD_CtlReceiveStatus
                0x0801f19a       0x16 ./Middlewares/ST/STM32_USB_Device_Library/Core/Src/usbd_ioreq.o
                0x0801f19a                USBD_CtlReceiveStatus
 .text.MX_USB_DEVICE_Init
                0x0801f1b0       0x90 ./USB_DEVICE/App/usb_device.o
                0x0801f1b0                MX_USB_DEVICE_Init
 .text.USBD_FS_DeviceDescriptor
                0x0801f240        0xc ./USB_DEVICE/App/usbd_desc.o
                0x0801f240                USBD_FS_DeviceDescriptor
 .text.USBD_FS_LangIDStrDescriptor
                0x0801f24c        0xc ./USB_DEVICE/App/usbd_desc.o
                0x0801f24c                USBD_FS_LangIDStrDescriptor
 .text.IntToUnicode
                0x0801f258       0x2a ./USB_DEVICE/App/usbd_desc.o
 *fill*         0x0801f282        0x2 
 .text.USBD_FS_SerialStrDescriptor
                0x0801f284       0x3c ./USB_DEVICE/App/usbd_desc.o
                0x0801f284                USBD_FS_SerialStrDescriptor
 .text.USBD_FS_ManufacturerStrDescriptor
                0x0801f2c0       0x1c ./USB_DEVICE/App/usbd_desc.o
                0x0801f2c0                USBD_FS_ManufacturerStrDescriptor
 .text.USBD_FS_ProductStrDescriptor
                0x0801f2dc       0x1c ./USB_DEVICE/App/usbd_desc.o
                0x0801f2dc                USBD_FS_ProductStrDescriptor
 .text.USBD_FS_ConfigStrDescriptor
                0x0801f2f8       0x1c ./USB_DEVICE/App/usbd_desc.o
                0x0801f2f8                USBD_FS_ConfigStrDescriptor
 .text.USBD_FS_InterfaceStrDescriptor
                0x0801f314       0x1c ./USB_DEVICE/App/usbd_desc.o
                0x0801f314                USBD_FS_InterfaceStrDescriptor
 .text.MEM_If_Read_FS
                0x0801f330       0x1a ./USB_DEVICE/App/usbd_dfu_if.o
 .text.MEM_If_GetStatus_FS
                0x0801f34a       0x12 ./USB_DEVICE/App/usbd_dfu_if.o
 .text.MEM_If_Write_FS
                0x0801f35c       0x38 ./USB_DEVICE/App/usbd_dfu_if.o
 .text.MEM_If_Erase_FS
                0x0801f394       0x28 ./USB_DEVICE/App/usbd_dfu_if.o
 .text.MEM_If_DeInit_FS
                0x0801f3bc        0xa ./USB_DEVICE/App/usbd_dfu_if.o
 .text.MEM_If_Init_FS
                0x0801f3c6        0xa ./USB_DEVICE/App/usbd_dfu_if.o
 .text.USBD_Get_USB_Status
                0x0801f3d0        0xc ./USB_DEVICE/Target/usbd_conf.o
 .text.HAL_PCD_MspInit
                0x0801f3dc       0x40 ./USB_DEVICE/Target/usbd_conf.o
                0x0801f3dc                HAL_PCD_MspInit
 .text.HAL_PCD_SetupStageCallback
                0x0801f41c        0xc ./USB_DEVICE/Target/usbd_conf.o
                0x0801f41c                HAL_PCD_SetupStageCallback
 .text.HAL_PCD_DataOutStageCallback
                0x0801f428       0x12 ./USB_DEVICE/Target/usbd_conf.o
                0x0801f428                HAL_PCD_DataOutStageCallback
 .text.HAL_PCD_DataInStageCallback
                0x0801f43a       0x10 ./USB_DEVICE/Target/usbd_conf.o
                0x0801f43a                HAL_PCD_DataInStageCallback
 .text.HAL_PCD_SOFCallback
                0x0801f44a        0x8 ./USB_DEVICE/Target/usbd_conf.o
                0x0801f44a                HAL_PCD_SOFCallback
 .text.HAL_PCD_ResetCallback
                0x0801f452       0x24 ./USB_DEVICE/Target/usbd_conf.o
                0x0801f452                HAL_PCD_ResetCallback
 *fill*         0x0801f476        0x2 
 .text.HAL_PCD_SuspendCallback
                0x0801f478       0x20 ./USB_DEVICE/Target/usbd_conf.o
                0x0801f478                HAL_PCD_SuspendCallback
 .text.HAL_PCD_ResumeCallback
                0x0801f498        0x8 ./USB_DEVICE/Target/usbd_conf.o
                0x0801f498                HAL_PCD_ResumeCallback
 .text.USBD_LL_Init
                0x0801f4a0       0x54 ./USB_DEVICE/Target/usbd_conf.o
                0x0801f4a0                USBD_LL_Init
 .text.USBD_LL_Start
                0x0801f4f4       0x12 ./USB_DEVICE/Target/usbd_conf.o
                0x0801f4f4                USBD_LL_Start
 .text.USBD_LL_Stop
                0x0801f506       0x12 ./USB_DEVICE/Target/usbd_conf.o
                0x0801f506                USBD_LL_Stop
 .text.USBD_LL_OpenEP
                0x0801f518       0x18 ./USB_DEVICE/Target/usbd_conf.o
                0x0801f518                USBD_LL_OpenEP
 .text.USBD_LL_StallEP
                0x0801f530       0x12 ./USB_DEVICE/Target/usbd_conf.o
                0x0801f530                USBD_LL_StallEP
 .text.USBD_LL_ClearStallEP
                0x0801f542       0x12 ./USB_DEVICE/Target/usbd_conf.o
                0x0801f542                USBD_LL_ClearStallEP
 .text.USBD_LL_IsStallEP
                0x0801f554       0x22 ./USB_DEVICE/Target/usbd_conf.o
                0x0801f554                USBD_LL_IsStallEP
 .text.USBD_LL_SetUSBAddress
                0x0801f576       0x12 ./USB_DEVICE/Target/usbd_conf.o
                0x0801f576                USBD_LL_SetUSBAddress
 .text.USBD_LL_Transmit
                0x0801f588       0x12 ./USB_DEVICE/Target/usbd_conf.o
                0x0801f588                USBD_LL_Transmit
 .text.USBD_LL_PrepareReceive
                0x0801f59a       0x12 ./USB_DEVICE/Target/usbd_conf.o
                0x0801f59a                USBD_LL_PrepareReceive
 .text.USBD_static_malloc
                0x0801f5ac        0x8 ./USB_DEVICE/Target/usbd_conf.o
                0x0801f5ac                USBD_static_malloc
 .text.USBD_static_free
                0x0801f5b4        0x2 ./USB_DEVICE/Target/usbd_conf.o
                0x0801f5b4                USBD_static_free
 .text.HAL_PCDEx_SetConnectionState
                0x0801f5b6        0x2 ./USB_DEVICE/Target/usbd_conf.o
                0x0801f5b6                HAL_PCDEx_SetConnectionState
 .text.memset   0x0801f5b8       0x10 /home/lth/st/stm32cubeide_1.19.0/plugins/com.st.stm32cube.ide.mcu.externaltools.gnu-tools-for-stm32.13.3.rel1.linux64_1.0.0.202410170706/tools/bin/../lib/gcc/arm-none-eabi/13.3.1/../../../../arm-none-eabi/lib/thumb/v7-m/nofp/libc_nano.a(libc_a-memset.o)
                0x0801f5b8                memset
 .text.__libc_init_array
                0x0801f5c8       0x48 /home/lth/st/stm32cubeide_1.19.0/plugins/com.st.stm32cube.ide.mcu.externaltools.gnu-tools-for-stm32.13.3.rel1.linux64_1.0.0.202410170706/tools/bin/../lib/gcc/arm-none-eabi/13.3.1/../../../../arm-none-eabi/lib/thumb/v7-m/nofp/libc_nano.a(libc_a-init.o)
                0x0801f5c8                __libc_init_array
 *(.glue_7)
 .glue_7        0x0801f610        0x0 linker stubs
 *(.glue_7t)
 .glue_7t       0x0801f610        0x0 linker stubs
 *(.eh_frame)
 .eh_frame      0x0801f610        0x0 /home/lth/st/stm32cubeide_1.19.0/plugins/com.st.stm32cube.ide.mcu.externaltools.gnu-tools-for-stm32.13.3.rel1.linux64_1.0.0.202410170706/tools/bin/../lib/gcc/arm-none-eabi/13.3.1/thumb/v7-m/nofp/crtbegin.o
 *(.init)
 .init          0x0801f610        0x4 /home/lth/st/stm32cubeide_1.19.0/plugins/com.st.stm32cube.ide.mcu.externaltools.gnu-tools-for-stm32.13.3.rel1.linux64_1.0.0.202410170706/tools/bin/../lib/gcc/arm-none-eabi/13.3.1/thumb/v7-m/nofp/crti.o
                0x0801f610                _init
 .init          0x0801f614        0x8 /home/lth/st/stm32cubeide_1.19.0/plugins/com.st.stm32cube.ide.mcu.externaltools.gnu-tools-for-stm32.13.3.rel1.linux64_1.0.0.202410170706/tools/bin/../lib/gcc/arm-none-eabi/13.3.1/thumb/v7-m/nofp/crtn.o
 *(.fini)
 .fini          0x0801f61c        0x4 /home/lth/st/stm32cubeide_1.19.0/plugins/com.st.stm32cube.ide.mcu.externaltools.gnu-tools-for-stm32.13.3.rel1.linux64_1.0.0.202410170706/tools/bin/../lib/gcc/arm-none-eabi/13.3.1/thumb/v7-m/nofp/crti.o
                0x0801f61c                _fini
 .fini          0x0801f620        0x8 /home/lth/st/stm32cubeide_1.19.0/plugins/com.st.stm32cube.ide.mcu.externaltools.gnu-tools-for-stm32.13.3.rel1.linux64_1.0.0.202410170706/tools/bin/../lib/gcc/arm-none-eabi/13.3.1/thumb/v7-m/nofp/crtn.o
                0x0801f628                        . = ALIGN (0x4)
                0x0801f628                        _etext = .

.vfp11_veneer   0x0801f628        0x0
 .vfp11_veneer  0x0801f628        0x0 linker stubs

.v4_bx          0x0801f628        0x0
 .v4_bx         0x0801f628        0x0 linker stubs

.iplt           0x0801f628        0x0
 .iplt          0x0801f628        0x0 /home/lth/st/stm32cubeide_1.19.0/plugins/com.st.stm32cube.ide.mcu.externaltools.gnu-tools-for-stm32.13.3.rel1.linux64_1.0.0.202410170706/tools/bin/../lib/gcc/arm-none-eabi/13.3.1/thumb/v7-m/nofp/crtbegin.o

.rodata         0x0801f628       0x9c
                0x0801f628                        . = ALIGN (0x4)
 *(.rodata)
 *(.rodata*)
 .rodata.AHBPrescTable
                0x0801f628       0x10 ./Core/Src/system_stm32f1xx.o
                0x0801f628                AHBPrescTable
 .rodata.aPredivFactorTable.0
                0x0801f638        0x2 ./Drivers/STM32F1xx_HAL_Driver/Src/stm32f1xx_hal_rcc.o
 .rodata.aPLLMULFactorTable.1
                0x0801f63a       0x10 ./Drivers/STM32F1xx_HAL_Driver/Src/stm32f1xx_hal_rcc.o
 .rodata.USBD_FS_ManufacturerStrDescriptor.str1.1
                0x0801f64a       0x77 ./USB_DEVICE/App/usbd_desc.o
                                  0xb (size before relaxing)
 .rodata.USBD_FS_ProductStrDescriptor.str1.1
                0x0801f6c1       0x1a ./USB_DEVICE/App/usbd_desc.o
 .rodata.USBD_FS_ConfigStrDescriptor.str1.1
                0x0801f6c1        0xb ./USB_DEVICE/App/usbd_desc.o
 .rodata.USBD_FS_InterfaceStrDescriptor.str1.1
                0x0801f6c1        0xe ./USB_DEVICE/App/usbd_desc.o
 .rodata.str1.1
                0x0801f6c1       0x39 ./USB_DEVICE/App/usbd_dfu_if.o
                0x0801f6fc                        . = ALIGN (0x4)
 *fill*         0x0801f6c1        0x3 

.ARM.extab      0x0801f6c4        0x0
                0x0801f6c4                        . = ALIGN (0x4)
 *(.ARM.extab* .gnu.linkonce.armextab.*)
                0x0801f6c4                        . = ALIGN (0x4)

.ARM            0x0801f6c4        0x8
                0x0801f6c4                        . = ALIGN (0x4)
                0x0801f6c4                        __exidx_start = .
 *(.ARM.exidx*)
 .ARM.exidx     0x0801f6c4        0x8 /home/lth/st/stm32cubeide_1.19.0/plugins/com.st.stm32cube.ide.mcu.externaltools.gnu-tools-for-stm32.13.3.rel1.linux64_1.0.0.202410170706/tools/bin/../lib/gcc/arm-none-eabi/13.3.1/../../../../arm-none-eabi/lib/thumb/v7-m/nofp/libc_nano.a(libc_a-strlen.o)
                0x0801f6cc                        __exidx_end = .
                0x0801f6cc                        . = ALIGN (0x4)

.preinit_array  0x0801f6cc        0x0
                0x0801f6cc                        . = ALIGN (0x4)
                0x0801f6cc                        PROVIDE (__preinit_array_start = .)
 *(.preinit_array*)
                0x0801f6cc                        PROVIDE (__preinit_array_end = .)
                0x0801f6cc                        . = ALIGN (0x4)

.init_array     0x0801f6cc        0x4
                0x0801f6cc                        . = ALIGN (0x4)
                0x0801f6cc                        PROVIDE (__init_array_start = .)
 *(SORT_BY_NAME(.init_array.*))
 *(.init_array*)
 .init_array    0x0801f6cc        0x4 /home/lth/st/stm32cubeide_1.19.0/plugins/com.st.stm32cube.ide.mcu.externaltools.gnu-tools-for-stm32.13.3.rel1.linux64_1.0.0.202410170706/tools/bin/../lib/gcc/arm-none-eabi/13.3.1/thumb/v7-m/nofp/crtbegin.o
                0x0801f6d0                        PROVIDE (__init_array_end = .)
                0x0801f6d0                        . = ALIGN (0x4)

.fini_array     0x0801f6d0        0x4
                0x0801f6d0                        . = ALIGN (0x4)
                [!provide]                        PROVIDE (__fini_array_start = .)
 *(SORT_BY_NAME(.fini_array.*))
 *(.fini_array*)
 .fini_array    0x0801f6d0        0x4 /home/lth/st/stm32cubeide_1.19.0/plugins/com.st.stm32cube.ide.mcu.externaltools.gnu-tools-for-stm32.13.3.rel1.linux64_1.0.0.202410170706/tools/bin/../lib/gcc/arm-none-eabi/13.3.1/thumb/v7-m/nofp/crtbegin.o
                [!provide]                        PROVIDE (__fini_array_end = .)
                0x0801f6d4                        . = ALIGN (0x4)
                0x0801f6d4                        _sidata = LOADADDR (.data)

.rel.dyn        0x0801f6d4        0x0
 .rel.iplt      0x0801f6d4        0x0 /home/lth/st/stm32cubeide_1.19.0/plugins/com.st.stm32cube.ide.mcu.externaltools.gnu-tools-for-stm32.13.3.rel1.linux64_1.0.0.202410170706/tools/bin/../lib/gcc/arm-none-eabi/13.3.1/thumb/v7-m/nofp/crtbegin.o

.data           0x20000000       0xdc load address 0x0801f6d4
                0x20000000                        . = ALIGN (0x4)
                0x20000000                        _sdata = .
 *(.data)
 *(.data*)
 .data.SystemCoreClock
                0x20000000        0x4 ./Core/Src/system_stm32f1xx.o
                0x20000000                SystemCoreClock
 .data.uwTickFreq
                0x20000004        0x1 ./Drivers/STM32F1xx_HAL_Driver/Src/stm32f1xx_hal.o
                0x20000004                uwTickFreq
 *fill*         0x20000005        0x3 
 .data.uwTickPrio
                0x20000008        0x4 ./Drivers/STM32F1xx_HAL_Driver/Src/stm32f1xx_hal.o
                0x20000008                uwTickPrio
 .data.USBD_DFU_DeviceQualifierDesc
                0x2000000c        0xa ./Middlewares/ST/STM32_USB_Device_Library/Class/DFU/Src/usbd_dfu.o
 *fill*         0x20000016        0x2 
 .data.USBD_DFU_CfgDesc
                0x20000018       0x1b ./Middlewares/ST/STM32_USB_Device_Library/Class/DFU/Src/usbd_dfu.o
 *fill*         0x20000033        0x1 
 .data.USBD_DFU
                0x20000034       0x3c ./Middlewares/ST/STM32_USB_Device_Library/Class/DFU/Src/usbd_dfu.o
                0x20000034                USBD_DFU
 .data.USBD_StringSerial
                0x20000070       0x1a ./USB_DEVICE/App/usbd_desc.o
                0x20000070                USBD_StringSerial
 *fill*         0x2000008a        0x2 
 .data.USBD_LangIDDesc
                0x2000008c        0x4 ./USB_DEVICE/App/usbd_desc.o
                0x2000008c                USBD_LangIDDesc
 .data.USBD_FS_DeviceDesc
                0x20000090       0x12 ./USB_DEVICE/App/usbd_desc.o
                0x20000090                USBD_FS_DeviceDesc
 *fill*         0x200000a2        0x2 
 .data.FS_Desc  0x200000a4       0x1c ./USB_DEVICE/App/usbd_desc.o
                0x200000a4                FS_Desc
 .data.USBD_DFU_fops_FS
                0x200000c0       0x1c ./USB_DEVICE/App/usbd_dfu_if.o
                0x200000c0                USBD_DFU_fops_FS
 *(.RamFunc)
 *(.RamFunc*)
                0x200000dc                        . = ALIGN (0x4)
                0x200000dc                        _edata = .

.igot.plt       0x200000dc        0x0 load address 0x0801f7b0
 .igot.plt      0x200000dc        0x0 /home/lth/st/stm32cubeide_1.19.0/plugins/com.st.stm32cube.ide.mcu.externaltools.gnu-tools-for-stm32.13.3.rel1.linux64_1.0.0.202410170706/tools/bin/../lib/gcc/arm-none-eabi/13.3.1/thumb/v7-m/nofp/crtbegin.o
                0x200000dc                        . = ALIGN (0x4)

.bss            0x200000e0      0xcfc load address 0x0801f7b0
                0x200000e0                        _sbss = .
                0x200000e0                        __bss_start__ = _sbss
 *(.bss)
 .bss           0x200000e0       0x1c /home/lth/st/stm32cubeide_1.19.0/plugins/com.st.stm32cube.ide.mcu.externaltools.gnu-tools-for-stm32.13.3.rel1.linux64_1.0.0.202410170706/tools/bin/../lib/gcc/arm-none-eabi/13.3.1/thumb/v7-m/nofp/crtbegin.o
 *(.bss*)
 .bss.uwTick    0x200000fc        0x4 ./Drivers/STM32F1xx_HAL_Driver/Src/stm32f1xx_hal.o
                0x200000fc                uwTick
 .bss.pFlash    0x20000100       0x20 ./Drivers/STM32F1xx_HAL_Driver/Src/stm32f1xx_hal_flash.o
                0x20000100                pFlash
 .bss.USBD_StrDesc.0
                0x20000120       0xff ./Middlewares/ST/STM32_USB_Device_Library/Class/DFU/Src/usbd_dfu.o
 .bss.cfgidx.0  0x2000021f        0x1 ./Middlewares/ST/STM32_USB_Device_Library/Core/Src/usbd_ctlreq.o
 .bss.hUsbDeviceFS
                0x20000220      0x2c4 ./USB_DEVICE/App/usb_device.o
                0x20000220                hUsbDeviceFS
 .bss.USBD_StrDesc
                0x200004e4      0x200 ./USB_DEVICE/App/usbd_desc.o
                0x200004e4                USBD_StrDesc
 .bss.mem.0     0x200006e4      0x420 ./USB_DEVICE/Target/usbd_conf.o
 .bss.hpcd_USB_FS
                0x20000b04      0x2d8 ./USB_DEVICE/Target/usbd_conf.o
                0x20000b04                hpcd_USB_FS
 *(COMMON)
                0x20000ddc                        . = ALIGN (0x4)
                0x20000ddc                        _ebss = .
                0x20000ddc                        __bss_end__ = _ebss

._user_heap_stack
                0x20000ddc      0x604 load address 0x0801f7b0
                0x20000de0                        . = ALIGN (0x8)
 *fill*         0x20000ddc        0x4 
                [!provide]                        PROVIDE (end = .)
                0x20000de0                        PROVIDE (_end = .)
                0x20000fe0                        . = (. + _Min_Heap_Size)
 *fill*         0x20000de0      0x200 
                0x200013e0                        . = (. + _Min_Stack_Size)
 *fill*         0x20000fe0      0x400 
                0x200013e0                        . = ALIGN (0x8)

/DISCARD/
 libc.a(*)
 libm.a(*)
 libgcc.a(*)

.ARM.attributes
                0x00000000       0x29
 *(.ARM.attributes)
 .ARM.attributes
                0x00000000       0x1d /home/lth/st/stm32cubeide_1.19.0/plugins/com.st.stm32cube.ide.mcu.externaltools.gnu-tools-for-stm32.13.3.rel1.linux64_1.0.0.202410170706/tools/bin/../lib/gcc/arm-none-eabi/13.3.1/thumb/v7-m/nofp/crti.o
 .ARM.attributes
                0x0000001d       0x2d /home/lth/st/stm32cubeide_1.19.0/plugins/com.st.stm32cube.ide.mcu.externaltools.gnu-tools-for-stm32.13.3.rel1.linux64_1.0.0.202410170706/tools/bin/../lib/gcc/arm-none-eabi/13.3.1/thumb/v7-m/nofp/crtbegin.o
 .ARM.attributes
                0x0000004a       0x2d ./Core/Src/main.o
 .ARM.attributes
                0x00000077       0x2d ./Core/Src/stm32f1xx_hal_msp.o
 .ARM.attributes
                0x000000a4       0x2d ./Core/Src/stm32f1xx_it.o
 .ARM.attributes
                0x000000d1       0x2d ./Core/Src/system_stm32f1xx.o
 .ARM.attributes
                0x000000fe       0x21 ./Core/Startup/startup_stm32f103cbtx.o
 .ARM.attributes
                0x0000011f       0x2d ./Drivers/STM32F1xx_HAL_Driver/Src/stm32f1xx_hal.o
 .ARM.attributes
                0x0000014c       0x2d ./Drivers/STM32F1xx_HAL_Driver/Src/stm32f1xx_hal_cortex.o
 .ARM.attributes
                0x00000179       0x2d ./Drivers/STM32F1xx_HAL_Driver/Src/stm32f1xx_hal_flash.o
 .ARM.attributes
                0x000001a6       0x2d ./Drivers/STM32F1xx_HAL_Driver/Src/stm32f1xx_hal_flash_ex.o
 .ARM.attributes
                0x000001d3       0x2d ./Drivers/STM32F1xx_HAL_Driver/Src/stm32f1xx_hal_gpio.o
 .ARM.attributes
                0x00000200       0x2d ./Drivers/STM32F1xx_HAL_Driver/Src/stm32f1xx_hal_pcd.o
 .ARM.attributes
                0x0000022d       0x2d ./Drivers/STM32F1xx_HAL_Driver/Src/stm32f1xx_hal_pcd_ex.o
 .ARM.attributes
                0x0000025a       0x2d ./Drivers/STM32F1xx_HAL_Driver/Src/stm32f1xx_hal_rcc.o
 .ARM.attributes
                0x00000287       0x2d ./Drivers/STM32F1xx_HAL_Driver/Src/stm32f1xx_hal_rcc_ex.o
 .ARM.attributes
                0x000002b4       0x2d ./Drivers/STM32F1xx_HAL_Driver/Src/stm32f1xx_ll_usb.o
 .ARM.attributes
                0x000002e1       0x2d ./Middlewares/ST/STM32_USB_Device_Library/Class/DFU/Src/usbd_dfu.o
 .ARM.attributes
                0x0000030e       0x2d ./Middlewares/ST/STM32_USB_Device_Library/Core/Src/usbd_core.o
 .ARM.attributes
                0x0000033b       0x2d ./Middlewares/ST/STM32_USB_Device_Library/Core/Src/usbd_ctlreq.o
 .ARM.attributes
                0x00000368       0x2d ./Middlewares/ST/STM32_USB_Device_Library/Core/Src/usbd_ioreq.o
 .ARM.attributes
                0x00000395       0x2d ./USB_DEVICE/App/usb_device.o
 .ARM.attributes
                0x000003c2       0x2d ./USB_DEVICE/App/usbd_desc.o
 .ARM.attributes
                0x000003ef       0x2d ./USB_DEVICE/App/usbd_dfu_if.o
 .ARM.attributes
                0x0000041c       0x2d ./USB_DEVICE/Target/usbd_conf.o
 .ARM.attributes
                0x00000449       0x2d /home/lth/st/stm32cubeide_1.19.0/plugins/com.st.stm32cube.ide.mcu.externaltools.gnu-tools-for-stm32.13.3.rel1.linux64_1.0.0.202410170706/tools/bin/../lib/gcc/arm-none-eabi/13.3.1/../../../../arm-none-eabi/lib/thumb/v7-m/nofp/libc_nano.a(libc_a-memset.o)
 .ARM.attributes
                0x00000476       0x2d /home/lth/st/stm32cubeide_1.19.0/plugins/com.st.stm32cube.ide.mcu.externaltools.gnu-tools-for-stm32.13.3.rel1.linux64_1.0.0.202410170706/tools/bin/../lib/gcc/arm-none-eabi/13.3.1/../../../../arm-none-eabi/lib/thumb/v7-m/nofp/libc_nano.a(libc_a-init.o)
 .ARM.attributes
                0x000004a3       0x17 /home/lth/st/stm32cubeide_1.19.0/plugins/com.st.stm32cube.ide.mcu.externaltools.gnu-tools-for-stm32.13.3.rel1.linux64_1.0.0.202410170706/tools/bin/../lib/gcc/arm-none-eabi/13.3.1/../../../../arm-none-eabi/lib/thumb/v7-m/nofp/libc_nano.a(libc_a-strlen.o)
 .ARM.attributes
                0x000004ba       0x1d /home/lth/st/stm32cubeide_1.19.0/plugins/com.st.stm32cube.ide.mcu.externaltools.gnu-tools-for-stm32.13.3.rel1.linux64_1.0.0.202410170706/tools/bin/../lib/gcc/arm-none-eabi/13.3.1/thumb/v7-m/nofp/crtn.o
OUTPUT(boot_dfu.elf elf32-littlearm)
LOAD linker stubs
LOAD /home/lth/st/stm32cubeide_1.19.0/plugins/com.st.stm32cube.ide.mcu.externaltools.gnu-tools-for-stm32.13.3.rel1.linux64_1.0.0.202410170706/tools/bin/../lib/gcc/arm-none-eabi/13.3.1/../../../../arm-none-eabi/lib/thumb/v7-m/nofp/libc.a
LOAD /home/lth/st/stm32cubeide_1.19.0/plugins/com.st.stm32cube.ide.mcu.externaltools.gnu-tools-for-stm32.13.3.rel1.linux64_1.0.0.202410170706/tools/bin/../lib/gcc/arm-none-eabi/13.3.1/../../../../arm-none-eabi/lib/thumb/v7-m/nofp/libm.a
LOAD /home/lth/st/stm32cubeide_1.19.0/plugins/com.st.stm32cube.ide.mcu.externaltools.gnu-tools-for-stm32.13.3.rel1.linux64_1.0.0.202410170706/tools/bin/../lib/gcc/arm-none-eabi/13.3.1/thumb/v7-m/nofp/libgcc.a

.debug_info     0x00000000     0xf94a
 .debug_info    0x00000000      0x75e ./Core/Src/main.o
 .debug_info    0x0000075e      0x1ec ./Core/Src/stm32f1xx_hal_msp.o
 .debug_info    0x0000094a      0x612 ./Core/Src/stm32f1xx_it.o
 .debug_info    0x00000f5c      0x3fc ./Core/Src/system_stm32f1xx.o
 .debug_info    0x00001358       0x30 ./Core/Startup/startup_stm32f103cbtx.o
 .debug_info    0x00001388      0x7dc ./Drivers/STM32F1xx_HAL_Driver/Src/stm32f1xx_hal.o
 .debug_info    0x00001b64      0xced ./Drivers/STM32F1xx_HAL_Driver/Src/stm32f1xx_hal_cortex.o
 .debug_info    0x00002851      0x669 ./Drivers/STM32F1xx_HAL_Driver/Src/stm32f1xx_hal_flash.o
 .debug_info    0x00002eba      0xba4 ./Drivers/STM32F1xx_HAL_Driver/Src/stm32f1xx_hal_flash_ex.o
 .debug_info    0x00003a5e      0x612 ./Drivers/STM32F1xx_HAL_Driver/Src/stm32f1xx_hal_gpio.o
 .debug_info    0x00004070     0x22fb ./Drivers/STM32F1xx_HAL_Driver/Src/stm32f1xx_hal_pcd.o
 .debug_info    0x0000636b      0x6c8 ./Drivers/STM32F1xx_HAL_Driver/Src/stm32f1xx_hal_pcd_ex.o
 .debug_info    0x00006a33      0x9fb ./Drivers/STM32F1xx_HAL_Driver/Src/stm32f1xx_hal_rcc.o
 .debug_info    0x0000742e      0x420 ./Drivers/STM32F1xx_HAL_Driver/Src/stm32f1xx_hal_rcc_ex.o
 .debug_info    0x0000784e     0x1956 ./Drivers/STM32F1xx_HAL_Driver/Src/stm32f1xx_ll_usb.o
 .debug_info    0x000091a4     0x12c3 ./Middlewares/ST/STM32_USB_Device_Library/Class/DFU/Src/usbd_dfu.o
 .debug_info    0x0000a467      0xdea ./Middlewares/ST/STM32_USB_Device_Library/Core/Src/usbd_core.o
 .debug_info    0x0000b251      0xdae ./Middlewares/ST/STM32_USB_Device_Library/Core/Src/usbd_ctlreq.o
 .debug_info    0x0000bfff      0x862 ./Middlewares/ST/STM32_USB_Device_Library/Core/Src/usbd_ioreq.o
 .debug_info    0x0000c861      0x91a ./USB_DEVICE/App/usb_device.o
 .debug_info    0x0000d17b      0x642 ./USB_DEVICE/App/usbd_desc.o
 .debug_info    0x0000d7bd      0x4cf ./USB_DEVICE/App/usbd_dfu_if.o
 .debug_info    0x0000dc8c     0x1cbe ./USB_DEVICE/Target/usbd_conf.o

.debug_abbrev   0x00000000     0x396a
 .debug_abbrev  0x00000000      0x2c4 ./Core/Src/main.o
 .debug_abbrev  0x000002c4       0xeb ./Core/Src/stm32f1xx_hal_msp.o
 .debug_abbrev  0x000003af      0x1d5 ./Core/Src/stm32f1xx_it.o
 .debug_abbrev  0x00000584      0x143 ./Core/Src/system_stm32f1xx.o
 .debug_abbrev  0x000006c7       0x24 ./Core/Startup/startup_stm32f103cbtx.o
 .debug_abbrev  0x000006eb      0x272 ./Drivers/STM32F1xx_HAL_Driver/Src/stm32f1xx_hal.o
 .debug_abbrev  0x0000095d      0x36b ./Drivers/STM32F1xx_HAL_Driver/Src/stm32f1xx_hal_cortex.o
 .debug_abbrev  0x00000cc8      0x30e ./Drivers/STM32F1xx_HAL_Driver/Src/stm32f1xx_hal_flash.o
 .debug_abbrev  0x00000fd6      0x304 ./Drivers/STM32F1xx_HAL_Driver/Src/stm32f1xx_hal_flash_ex.o
 .debug_abbrev  0x000012da      0x200 ./Drivers/STM32F1xx_HAL_Driver/Src/stm32f1xx_hal_gpio.o
 .debug_abbrev  0x000014da      0x419 ./Drivers/STM32F1xx_HAL_Driver/Src/stm32f1xx_hal_pcd.o
 .debug_abbrev  0x000018f3      0x1d3 ./Drivers/STM32F1xx_HAL_Driver/Src/stm32f1xx_hal_pcd_ex.o
 .debug_abbrev  0x00001ac6      0x2ff ./Drivers/STM32F1xx_HAL_Driver/Src/stm32f1xx_hal_rcc.o
 .debug_abbrev  0x00001dc5      0x1d8 ./Drivers/STM32F1xx_HAL_Driver/Src/stm32f1xx_hal_rcc_ex.o
 .debug_abbrev  0x00001f9d      0x29c ./Drivers/STM32F1xx_HAL_Driver/Src/stm32f1xx_ll_usb.o
 .debug_abbrev  0x00002239      0x472 ./Middlewares/ST/STM32_USB_Device_Library/Class/DFU/Src/usbd_dfu.o
 .debug_abbrev  0x000026ab      0x2f4 ./Middlewares/ST/STM32_USB_Device_Library/Core/Src/usbd_core.o
 .debug_abbrev  0x0000299f      0x3a8 ./Middlewares/ST/STM32_USB_Device_Library/Core/Src/usbd_ctlreq.o
 .debug_abbrev  0x00002d47      0x1b6 ./Middlewares/ST/STM32_USB_Device_Library/Core/Src/usbd_ioreq.o
 .debug_abbrev  0x00002efd      0x228 ./USB_DEVICE/App/usb_device.o
 .debug_abbrev  0x00003125      0x2d3 ./USB_DEVICE/App/usbd_desc.o
 .debug_abbrev  0x000033f8      0x20f ./USB_DEVICE/App/usbd_dfu_if.o
 .debug_abbrev  0x00003607      0x363 ./USB_DEVICE/Target/usbd_conf.o

.debug_loclists
                0x00000000     0x610e
 .debug_loclists
                0x00000000       0x3e ./Core/Src/main.o
 .debug_loclists
                0x0000003e       0x17 ./Core/Src/stm32f1xx_hal_msp.o
 .debug_loclists
                0x00000055       0xac ./Core/Src/system_stm32f1xx.o
 .debug_loclists
                0x00000101       0xd5 ./Drivers/STM32F1xx_HAL_Driver/Src/stm32f1xx_hal.o
 .debug_loclists
                0x000001d6      0x3cb ./Drivers/STM32F1xx_HAL_Driver/Src/stm32f1xx_hal_cortex.o
 .debug_loclists
                0x000005a1      0x250 ./Drivers/STM32F1xx_HAL_Driver/Src/stm32f1xx_hal_flash.o
 .debug_loclists
                0x000007f1      0x575 ./Drivers/STM32F1xx_HAL_Driver/Src/stm32f1xx_hal_flash_ex.o
 .debug_loclists
                0x00000d66      0x2e9 ./Drivers/STM32F1xx_HAL_Driver/Src/stm32f1xx_hal_gpio.o
 .debug_loclists
                0x0000104f     0x127c ./Drivers/STM32F1xx_HAL_Driver/Src/stm32f1xx_hal_pcd.o
 .debug_loclists
                0x000022cb      0x484 ./Drivers/STM32F1xx_HAL_Driver/Src/stm32f1xx_hal_pcd_ex.o
 .debug_loclists
                0x0000274f      0x41d ./Drivers/STM32F1xx_HAL_Driver/Src/stm32f1xx_hal_rcc.o
 .debug_loclists
                0x00002b6c      0x270 ./Drivers/STM32F1xx_HAL_Driver/Src/stm32f1xx_hal_rcc_ex.o
 .debug_loclists
                0x00002ddc     0x11c4 ./Drivers/STM32F1xx_HAL_Driver/Src/stm32f1xx_ll_usb.o
 .debug_loclists
                0x00003fa0      0x823 ./Middlewares/ST/STM32_USB_Device_Library/Class/DFU/Src/usbd_dfu.o
 .debug_loclists
                0x000047c3      0x576 ./Middlewares/ST/STM32_USB_Device_Library/Core/Src/usbd_core.o
 .debug_loclists
                0x00004d39      0x704 ./Middlewares/ST/STM32_USB_Device_Library/Core/Src/usbd_ctlreq.o
 .debug_loclists
                0x0000543d      0x214 ./Middlewares/ST/STM32_USB_Device_Library/Core/Src/usbd_ioreq.o
 .debug_loclists
                0x00005651      0x284 ./USB_DEVICE/App/usbd_desc.o
 .debug_loclists
                0x000058d5      0x124 ./USB_DEVICE/App/usbd_dfu_if.o
 .debug_loclists
                0x000059f9      0x715 ./USB_DEVICE/Target/usbd_conf.o

.debug_aranges  0x00000000      0xa70
 .debug_aranges
                0x00000000       0x30 ./Core/Src/main.o
 .debug_aranges
                0x00000030       0x20 ./Core/Src/stm32f1xx_hal_msp.o
 .debug_aranges
                0x00000050       0x68 ./Core/Src/stm32f1xx_it.o
 .debug_aranges
                0x000000b8       0x28 ./Core/Src/system_stm32f1xx.o
 .debug_aranges
                0x000000e0       0x28 ./Core/Startup/startup_stm32f103cbtx.o
 .debug_aranges
                0x00000108       0xe0 ./Drivers/STM32F1xx_HAL_Driver/Src/stm32f1xx_hal.o
 .debug_aranges
                0x000001e8       0x90 ./Drivers/STM32F1xx_HAL_Driver/Src/stm32f1xx_hal_cortex.o
 .debug_aranges
                0x00000278       0x80 ./Drivers/STM32F1xx_HAL_Driver/Src/stm32f1xx_hal_flash.o
 .debug_aranges
                0x000002f8       0x58 ./Drivers/STM32F1xx_HAL_Driver/Src/stm32f1xx_hal_flash_ex.o
 .debug_aranges
                0x00000350       0x58 ./Drivers/STM32F1xx_HAL_Driver/Src/stm32f1xx_hal_gpio.o
 .debug_aranges
                0x000003a8      0x128 ./Drivers/STM32F1xx_HAL_Driver/Src/stm32f1xx_hal_pcd.o
 .debug_aranges
                0x000004d0       0x38 ./Drivers/STM32F1xx_HAL_Driver/Src/stm32f1xx_hal_pcd_ex.o
 .debug_aranges
                0x00000508       0x88 ./Drivers/STM32F1xx_HAL_Driver/Src/stm32f1xx_hal_rcc.o
 .debug_aranges
                0x00000590       0x30 ./Drivers/STM32F1xx_HAL_Driver/Src/stm32f1xx_hal_rcc_ex.o
 .debug_aranges
                0x000005c0       0xf8 ./Drivers/STM32F1xx_HAL_Driver/Src/stm32f1xx_ll_usb.o
 .debug_aranges
                0x000006b8       0x88 ./Middlewares/ST/STM32_USB_Device_Library/Class/DFU/Src/usbd_dfu.o
 .debug_aranges
                0x00000740       0xb8 ./Middlewares/ST/STM32_USB_Device_Library/Core/Src/usbd_core.o
 .debug_aranges
                0x000007f8       0x50 ./Middlewares/ST/STM32_USB_Device_Library/Core/Src/usbd_ctlreq.o
 .debug_aranges
                0x00000848       0x50 ./Middlewares/ST/STM32_USB_Device_Library/Core/Src/usbd_ioreq.o
 .debug_aranges
                0x00000898       0x20 ./USB_DEVICE/App/usb_device.o
 .debug_aranges
                0x000008b8       0x58 ./USB_DEVICE/App/usbd_desc.o
 .debug_aranges
                0x00000910       0x48 ./USB_DEVICE/App/usbd_dfu_if.o
 .debug_aranges
                0x00000958      0x118 ./USB_DEVICE/Target/usbd_conf.o

.debug_rnglists
                0x00000000      0xcdd
 .debug_rnglists
                0x00000000       0x50 ./Core/Src/main.o
 .debug_rnglists
                0x00000050       0x37 ./Core/Src/stm32f1xx_hal_msp.o
 .debug_rnglists
                0x00000087       0x49 ./Core/Src/stm32f1xx_it.o
 .debug_rnglists
                0x000000d0       0x19 ./Core/Src/system_stm32f1xx.o
 .debug_rnglists
                0x000000e9       0x19 ./Core/Startup/startup_stm32f103cbtx.o
 .debug_rnglists
                0x00000102       0xa3 ./Drivers/STM32F1xx_HAL_Driver/Src/stm32f1xx_hal.o
 .debug_rnglists
                0x000001a5       0xd3 ./Drivers/STM32F1xx_HAL_Driver/Src/stm32f1xx_hal_cortex.o
 .debug_rnglists
                0x00000278       0x8a ./Drivers/STM32F1xx_HAL_Driver/Src/stm32f1xx_hal_flash.o
 .debug_rnglists
                0x00000302       0xa6 ./Drivers/STM32F1xx_HAL_Driver/Src/stm32f1xx_hal_flash_ex.o
 .debug_rnglists
                0x000003a8       0x51 ./Drivers/STM32F1xx_HAL_Driver/Src/stm32f1xx_hal_gpio.o
 .debug_rnglists
                0x000003f9      0x1d1 ./Drivers/STM32F1xx_HAL_Driver/Src/stm32f1xx_hal_pcd.o
 .debug_rnglists
                0x000005ca       0x25 ./Drivers/STM32F1xx_HAL_Driver/Src/stm32f1xx_hal_pcd_ex.o
 .debug_rnglists
                0x000005ef       0x85 ./Drivers/STM32F1xx_HAL_Driver/Src/stm32f1xx_hal_rcc.o
 .debug_rnglists
                0x00000674       0x3f ./Drivers/STM32F1xx_HAL_Driver/Src/stm32f1xx_hal_rcc_ex.o
 .debug_rnglists
                0x000006b3      0x2ee ./Drivers/STM32F1xx_HAL_Driver/Src/stm32f1xx_ll_usb.o
 .debug_rnglists
                0x000009a1       0x7f ./Middlewares/ST/STM32_USB_Device_Library/Class/DFU/Src/usbd_dfu.o
 .debug_rnglists
                0x00000a20       0x86 ./Middlewares/ST/STM32_USB_Device_Library/Core/Src/usbd_core.o
 .debug_rnglists
                0x00000aa6       0x7b ./Middlewares/ST/STM32_USB_Device_Library/Core/Src/usbd_ctlreq.o
 .debug_rnglists
                0x00000b21       0x37 ./Middlewares/ST/STM32_USB_Device_Library/Core/Src/usbd_ioreq.o
 .debug_rnglists
                0x00000b58       0x14 ./USB_DEVICE/App/usb_device.o
 .debug_rnglists
                0x00000b6c       0x61 ./USB_DEVICE/App/usbd_desc.o
 .debug_rnglists
                0x00000bcd       0x31 ./USB_DEVICE/App/usbd_dfu_if.o
 .debug_rnglists
                0x00000bfe       0xdf ./USB_DEVICE/Target/usbd_conf.o

.debug_macro    0x00000000    0x194d2
 .debug_macro   0x00000000      0x31b ./Core/Src/main.o
 .debug_macro   0x0000031b      0xad2 ./Core/Src/main.o
 .debug_macro   0x00000ded      0x215 ./Core/Src/main.o
 .debug_macro   0x00001002       0x2e ./Core/Src/main.o
 .debug_macro   0x00001030       0x22 ./Core/Src/main.o
 .debug_macro   0x00001052       0x22 ./Core/Src/main.o
 .debug_macro   0x00001074       0x8e ./Core/Src/main.o
 .debug_macro   0x00001102       0x51 ./Core/Src/main.o
 .debug_macro   0x00001153      0x103 ./Core/Src/main.o
 .debug_macro   0x00001256       0x6a ./Core/Src/main.o
 .debug_macro   0x000012c0      0x1df ./Core/Src/main.o
 .debug_macro   0x0000149f       0x1c ./Core/Src/main.o
 .debug_macro   0x000014bb       0x22 ./Core/Src/main.o
 .debug_macro   0x000014dd       0xbd ./Core/Src/main.o
 .debug_macro   0x0000159a      0xd23 ./Core/Src/main.o
 .debug_macro   0x000022bd     0xe09e ./Core/Src/main.o
 .debug_macro   0x0001035b       0x6d ./Core/Src/main.o
 .debug_macro   0x000103c8     0x34a2 ./Core/Src/main.o
 .debug_macro   0x0001386a      0x190 ./Core/Src/main.o
 .debug_macro   0x000139fa       0x5c ./Core/Src/main.o
 .debug_macro   0x00013a56      0x5bc ./Core/Src/main.o
 .debug_macro   0x00014012      0x289 ./Core/Src/main.o
 .debug_macro   0x0001429b      0x1cb ./Core/Src/main.o
 .debug_macro   0x00014466      0x114 ./Core/Src/main.o
 .debug_macro   0x0001457a      0x1b2 ./Core/Src/main.o
 .debug_macro   0x0001472c       0x27 ./Core/Src/main.o
 .debug_macro   0x00014753      0x136 ./Core/Src/main.o
 .debug_macro   0x00014889      0x1bc ./Core/Src/main.o
 .debug_macro   0x00014a45       0x34 ./Core/Src/main.o
 .debug_macro   0x00014a79       0x3c ./Core/Src/main.o
 .debug_macro   0x00014ab5       0x57 ./Core/Src/main.o
 .debug_macro   0x00014b0c       0x87 ./Core/Src/main.o
 .debug_macro   0x00014b93      0x240 ./Core/Src/main.o
 .debug_macro   0x00014dd3      0x140 ./Core/Src/main.o
 .debug_macro   0x00014f13       0xb7 ./Core/Src/main.o
 .debug_macro   0x00014fca      0x242 ./Core/Src/main.o
 .debug_macro   0x0001520c       0x83 ./Core/Src/main.o
 .debug_macro   0x0001528f       0x10 ./Core/Src/main.o
 .debug_macro   0x0001529f       0x61 ./Core/Src/main.o
 .debug_macro   0x00015300       0x24 ./Core/Src/main.o
 .debug_macro   0x00015324       0x43 ./Core/Src/main.o
 .debug_macro   0x00015367       0x34 ./Core/Src/main.o
 .debug_macro   0x0001539b       0x16 ./Core/Src/main.o
 .debug_macro   0x000153b1       0x3c ./Core/Src/main.o
 .debug_macro   0x000153ed      0x370 ./Core/Src/main.o
 .debug_macro   0x0001575d       0x10 ./Core/Src/main.o
 .debug_macro   0x0001576d       0x16 ./Core/Src/main.o
 .debug_macro   0x00015783       0x4a ./Core/Src/main.o
 .debug_macro   0x000157cd       0x34 ./Core/Src/main.o
 .debug_macro   0x00015801       0x10 ./Core/Src/main.o
 .debug_macro   0x00015811       0x58 ./Core/Src/main.o
 .debug_macro   0x00015869       0x8e ./Core/Src/main.o
 .debug_macro   0x000158f7       0x1c ./Core/Src/main.o
 .debug_macro   0x00015913      0x185 ./Core/Src/main.o
 .debug_macro   0x00015a98       0x16 ./Core/Src/main.o
 .debug_macro   0x00015aae       0x16 ./Core/Src/main.o
 .debug_macro   0x00015ac4      0x146 ./Core/Src/main.o
 .debug_macro   0x00015c0a       0x16 ./Core/Src/main.o
 .debug_macro   0x00015c20       0x16 ./Core/Src/main.o
 .debug_macro   0x00015c36       0x29 ./Core/Src/main.o
 .debug_macro   0x00015c5f       0x16 ./Core/Src/main.o
 .debug_macro   0x00015c75       0x20 ./Core/Src/main.o
 .debug_macro   0x00015c95       0x72 ./Core/Src/main.o
 .debug_macro   0x00015d07      0x1c2 ./Core/Src/main.o
 .debug_macro   0x00015ec9      0x1b7 ./Core/Src/stm32f1xx_hal_msp.o
 .debug_macro   0x00016080      0x1c1 ./Core/Src/stm32f1xx_it.o
 .debug_macro   0x00016241      0x1c0 ./Core/Src/system_stm32f1xx.o
 .debug_macro   0x00016401      0x1cc ./Drivers/STM32F1xx_HAL_Driver/Src/stm32f1xx_hal.o
 .debug_macro   0x000165cd      0x1a8 ./Drivers/STM32F1xx_HAL_Driver/Src/stm32f1xx_hal_cortex.o
 .debug_macro   0x00016775      0x1a8 ./Drivers/STM32F1xx_HAL_Driver/Src/stm32f1xx_hal_flash.o
 .debug_macro   0x0001691d      0x1ba ./Drivers/STM32F1xx_HAL_Driver/Src/stm32f1xx_hal_flash_ex.o
 .debug_macro   0x00016ad7      0x213 ./Drivers/STM32F1xx_HAL_Driver/Src/stm32f1xx_hal_gpio.o
 .debug_macro   0x00016cea      0x1b4 ./Drivers/STM32F1xx_HAL_Driver/Src/stm32f1xx_hal_pcd.o
 .debug_macro   0x00016e9e      0x1a8 ./Drivers/STM32F1xx_HAL_Driver/Src/stm32f1xx_hal_pcd_ex.o
 .debug_macro   0x00017046      0x1ba ./Drivers/STM32F1xx_HAL_Driver/Src/stm32f1xx_hal_rcc.o
 .debug_macro   0x00017200      0x1a8 ./Drivers/STM32F1xx_HAL_Driver/Src/stm32f1xx_hal_rcc_ex.o
 .debug_macro   0x000173a8      0x1a8 ./Drivers/STM32F1xx_HAL_Driver/Src/stm32f1xx_ll_usb.o
 .debug_macro   0x00017550      0x346 ./Middlewares/ST/STM32_USB_Device_Library/Class/DFU/Src/usbd_dfu.o
 .debug_macro   0x00017896       0x9e ./Middlewares/ST/STM32_USB_Device_Library/Class/DFU/Src/usbd_dfu.o
 .debug_macro   0x00017934      0x112 ./Middlewares/ST/STM32_USB_Device_Library/Class/DFU/Src/usbd_dfu.o
 .debug_macro   0x00017a46       0x56 ./Middlewares/ST/STM32_USB_Device_Library/Class/DFU/Src/usbd_dfu.o
 .debug_macro   0x00017a9c      0x10a ./Middlewares/ST/STM32_USB_Device_Library/Class/DFU/Src/usbd_dfu.o
 .debug_macro   0x00017ba6      0x32d ./Middlewares/ST/STM32_USB_Device_Library/Core/Src/usbd_core.o
 .debug_macro   0x00017ed3      0x1c8 ./Middlewares/ST/STM32_USB_Device_Library/Core/Src/usbd_core.o
 .debug_macro   0x0001809b      0x337 ./Middlewares/ST/STM32_USB_Device_Library/Core/Src/usbd_ctlreq.o
 .debug_macro   0x000183d2      0x333 ./Middlewares/ST/STM32_USB_Device_Library/Core/Src/usbd_ioreq.o
 .debug_macro   0x00018705      0x367 ./USB_DEVICE/App/usb_device.o
 .debug_macro   0x00018a6c       0x16 ./USB_DEVICE/App/usb_device.o
 .debug_macro   0x00018a82       0x22 ./USB_DEVICE/App/usb_device.o
 .debug_macro   0x00018aa4      0x36a ./USB_DEVICE/App/usbd_desc.o
 .debug_macro   0x00018e0e       0x1c ./USB_DEVICE/App/usbd_desc.o
 .debug_macro   0x00018e2a      0x35e ./USB_DEVICE/App/usbd_dfu_if.o
 .debug_macro   0x00019188      0x34a ./USB_DEVICE/Target/usbd_conf.o

.debug_line     0x00000000    0x11102
 .debug_line    0x00000000      0xa55 ./Core/Src/main.o
 .debug_line    0x00000a55      0x674 ./Core/Src/stm32f1xx_hal_msp.o
 .debug_line    0x000010c9      0x726 ./Core/Src/stm32f1xx_it.o
 .debug_line    0x000017ef      0x6e3 ./Core/Src/system_stm32f1xx.o
 .debug_line    0x00001ed2       0x79 ./Core/Startup/startup_stm32f103cbtx.o
 .debug_line    0x00001f4b      0x98e ./Drivers/STM32F1xx_HAL_Driver/Src/stm32f1xx_hal.o
 .debug_line    0x000028d9      0xb3d ./Drivers/STM32F1xx_HAL_Driver/Src/stm32f1xx_hal_cortex.o
 .debug_line    0x00003416      0xbc4 ./Drivers/STM32F1xx_HAL_Driver/Src/stm32f1xx_hal_flash.o
 .debug_line    0x00003fda      0xd77 ./Drivers/STM32F1xx_HAL_Driver/Src/stm32f1xx_hal_flash_ex.o
 .debug_line    0x00004d51      0xa0e ./Drivers/STM32F1xx_HAL_Driver/Src/stm32f1xx_hal_gpio.o
 .debug_line    0x0000575f     0x1c32 ./Drivers/STM32F1xx_HAL_Driver/Src/stm32f1xx_hal_pcd.o
 .debug_line    0x00007391      0x6f7 ./Drivers/STM32F1xx_HAL_Driver/Src/stm32f1xx_hal_pcd_ex.o
 .debug_line    0x00007a88     0x10c6 ./Drivers/STM32F1xx_HAL_Driver/Src/stm32f1xx_hal_rcc.o
 .debug_line    0x00008b4e      0x91a ./Drivers/STM32F1xx_HAL_Driver/Src/stm32f1xx_hal_rcc_ex.o
 .debug_line    0x00009468     0x1a4d ./Drivers/STM32F1xx_HAL_Driver/Src/stm32f1xx_ll_usb.o
 .debug_line    0x0000aeb5     0x10ed ./Middlewares/ST/STM32_USB_Device_Library/Class/DFU/Src/usbd_dfu.o
 .debug_line    0x0000bfa2      0xd97 ./Middlewares/ST/STM32_USB_Device_Library/Core/Src/usbd_core.o
 .debug_line    0x0000cd39      0xeef ./Middlewares/ST/STM32_USB_Device_Library/Core/Src/usbd_ctlreq.o
 .debug_line    0x0000dc28      0x99e ./Middlewares/ST/STM32_USB_Device_Library/Core/Src/usbd_ioreq.o
 .debug_line    0x0000e5c6      0x96e ./USB_DEVICE/App/usb_device.o
 .debug_line    0x0000ef34      0xa63 ./USB_DEVICE/App/usbd_desc.o
 .debug_line    0x0000f997      0xa37 ./USB_DEVICE/App/usbd_dfu_if.o
 .debug_line    0x000103ce      0xd34 ./USB_DEVICE/Target/usbd_conf.o

.debug_str      0x00000000    0x8512d
 .debug_str     0x00000000    0x8512d ./Core/Src/main.o
                              0x81daa (size before relaxing)
 .debug_str     0x0008512d    0x7d7f7 ./Core/Src/stm32f1xx_hal_msp.o
 .debug_str     0x0008512d    0x7dbd6 ./Core/Src/stm32f1xx_it.o
 .debug_str     0x0008512d    0x7d8c2 ./Core/Src/system_stm32f1xx.o
 .debug_str     0x0008512d       0x72 ./Core/Startup/startup_stm32f103cbtx.o
 .debug_str     0x0008512d    0x7df2e ./Drivers/STM32F1xx_HAL_Driver/Src/stm32f1xx_hal.o
 .debug_str     0x0008512d    0x7de7a ./Drivers/STM32F1xx_HAL_Driver/Src/stm32f1xx_hal_cortex.o
 .debug_str     0x0008512d    0x7dad6 ./Drivers/STM32F1xx_HAL_Driver/Src/stm32f1xx_hal_flash.o
 .debug_str     0x0008512d    0x7dc84 ./Drivers/STM32F1xx_HAL_Driver/Src/stm32f1xx_hal_flash_ex.o
 .debug_str     0x0008512d    0x7db81 ./Drivers/STM32F1xx_HAL_Driver/Src/stm32f1xx_hal_gpio.o
 .debug_str     0x0008512d    0x7e118 ./Drivers/STM32F1xx_HAL_Driver/Src/stm32f1xx_hal_pcd.o
 .debug_str     0x0008512d    0x7dc7a ./Drivers/STM32F1xx_HAL_Driver/Src/stm32f1xx_hal_pcd_ex.o
 .debug_str     0x0008512d    0x7dc2a ./Drivers/STM32F1xx_HAL_Driver/Src/stm32f1xx_hal_rcc.o
 .debug_str     0x0008512d    0x7d97a ./Drivers/STM32F1xx_HAL_Driver/Src/stm32f1xx_hal_rcc_ex.o
 .debug_str     0x0008512d    0x7dccc ./Drivers/STM32F1xx_HAL_Driver/Src/stm32f1xx_ll_usb.o
 .debug_str     0x0008512d    0x82787 ./Middlewares/ST/STM32_USB_Device_Library/Class/DFU/Src/usbd_dfu.o
 .debug_str     0x0008512d    0x8210a ./Middlewares/ST/STM32_USB_Device_Library/Core/Src/usbd_core.o
 .debug_str     0x0008512d    0x8203c ./Middlewares/ST/STM32_USB_Device_Library/Core/Src/usbd_ctlreq.o
 .debug_str     0x0008512d    0x81f51 ./Middlewares/ST/STM32_USB_Device_Library/Core/Src/usbd_ioreq.o
 .debug_str     0x0008512d    0x82579 ./USB_DEVICE/App/usb_device.o
 .debug_str     0x0008512d    0x81e75 ./USB_DEVICE/App/usbd_desc.o
 .debug_str     0x0008512d    0x8220b ./USB_DEVICE/App/usbd_dfu_if.o
 .debug_str     0x0008512d    0x82f96 ./USB_DEVICE/Target/usbd_conf.o

.comment        0x00000000       0x43
 .comment       0x00000000       0x43 ./Core/Src/main.o
                                 0x44 (size before relaxing)
 .comment       0x00000043       0x44 ./Core/Src/stm32f1xx_hal_msp.o
 .comment       0x00000043       0x44 ./Core/Src/stm32f1xx_it.o
 .comment       0x00000043       0x44 ./Core/Src/system_stm32f1xx.o
 .comment       0x00000043       0x44 ./Drivers/STM32F1xx_HAL_Driver/Src/stm32f1xx_hal.o
 .comment       0x00000043       0x44 ./Drivers/STM32F1xx_HAL_Driver/Src/stm32f1xx_hal_cortex.o
 .comment       0x00000043       0x44 ./Drivers/STM32F1xx_HAL_Driver/Src/stm32f1xx_hal_flash.o
 .comment       0x00000043       0x44 ./Drivers/STM32F1xx_HAL_Driver/Src/stm32f1xx_hal_flash_ex.o
 .comment       0x00000043       0x44 ./Drivers/STM32F1xx_HAL_Driver/Src/stm32f1xx_hal_gpio.o
 .comment       0x00000043       0x44 ./Drivers/STM32F1xx_HAL_Driver/Src/stm32f1xx_hal_pcd.o
 .comment       0x00000043       0x44 ./Drivers/STM32F1xx_HAL_Driver/Src/stm32f1xx_hal_pcd_ex.o
 .comment       0x00000043       0x44 ./Drivers/STM32F1xx_HAL_Driver/Src/stm32f1xx_hal_rcc.o
 .comment       0x00000043       0x44 ./Drivers/STM32F1xx_HAL_Driver/Src/stm32f1xx_hal_rcc_ex.o
 .comment       0x00000043       0x44 ./Drivers/STM32F1xx_HAL_Driver/Src/stm32f1xx_ll_usb.o
 .comment       0x00000043       0x44 ./Middlewares/ST/STM32_USB_Device_Library/Class/DFU/Src/usbd_dfu.o
 .comment       0x00000043       0x44 ./Middlewares/ST/STM32_USB_Device_Library/Core/Src/usbd_core.o
 .comment       0x00000043       0x44 ./Middlewares/ST/STM32_USB_Device_Library/Core/Src/usbd_ctlreq.o
 .comment       0x00000043       0x44 ./Middlewares/ST/STM32_USB_Device_Library/Core/Src/usbd_ioreq.o
 .comment       0x00000043       0x44 ./USB_DEVICE/App/usb_device.o
 .comment       0x00000043       0x44 ./USB_DEVICE/App/usbd_desc.o
 .comment       0x00000043       0x44 ./USB_DEVICE/App/usbd_dfu_if.o
 .comment       0x00000043       0x44 ./USB_DEVICE/Target/usbd_conf.o

.debug_frame    0x00000000     0x1744
 .debug_frame   0x00000000       0x60 ./Core/Src/main.o
 .debug_frame   0x00000060       0x28 ./Core/Src/stm32f1xx_hal_msp.o
 .debug_frame   0x00000088       0xb0 ./Core/Src/stm32f1xx_it.o
 .debug_frame   0x00000138       0x30 ./Core/Src/system_stm32f1xx.o
 .debug_frame   0x00000168      0x1d4 ./Drivers/STM32F1xx_HAL_Driver/Src/stm32f1xx_hal.o
 .debug_frame   0x0000033c      0x120 ./Drivers/STM32F1xx_HAL_Driver/Src/stm32f1xx_hal_cortex.o
 .debug_frame   0x0000045c      0x11c ./Drivers/STM32F1xx_HAL_Driver/Src/stm32f1xx_hal_flash.o
 .debug_frame   0x00000578       0xdc ./Drivers/STM32F1xx_HAL_Driver/Src/stm32f1xx_hal_flash_ex.o
 .debug_frame   0x00000654       0xd8 ./Drivers/STM32F1xx_HAL_Driver/Src/stm32f1xx_hal_gpio.o
 .debug_frame   0x0000072c      0x2f8 ./Drivers/STM32F1xx_HAL_Driver/Src/stm32f1xx_hal_pcd.o
 .debug_frame   0x00000a24       0x58 ./Drivers/STM32F1xx_HAL_Driver/Src/stm32f1xx_hal_pcd_ex.o
 .debug_frame   0x00000a7c      0x13c ./Drivers/STM32F1xx_HAL_Driver/Src/stm32f1xx_hal_rcc.o
 .debug_frame   0x00000bb8       0x60 ./Drivers/STM32F1xx_HAL_Driver/Src/stm32f1xx_hal_rcc_ex.o
 .debug_frame   0x00000c18      0x218 ./Drivers/STM32F1xx_HAL_Driver/Src/stm32f1xx_ll_usb.o
 .debug_frame   0x00000e30      0x130 ./Middlewares/ST/STM32_USB_Device_Library/Class/DFU/Src/usbd_dfu.o
 .debug_frame   0x00000f60      0x1c4 ./Middlewares/ST/STM32_USB_Device_Library/Core/Src/usbd_core.o
 .debug_frame   0x00001124       0xcc ./Middlewares/ST/STM32_USB_Device_Library/Core/Src/usbd_ctlreq.o
 .debug_frame   0x000011f0       0xb0 ./Middlewares/ST/STM32_USB_Device_Library/Core/Src/usbd_ioreq.o
 .debug_frame   0x000012a0       0x30 ./USB_DEVICE/App/usb_device.o
 .debug_frame   0x000012d0       0xc4 ./USB_DEVICE/App/usbd_desc.o
 .debug_frame   0x00001394       0xa0 ./USB_DEVICE/App/usbd_dfu_if.o
 .debug_frame   0x00001434      0x2c4 ./USB_DEVICE/Target/usbd_conf.o
 .debug_frame   0x000016f8       0x20 /home/lth/st/stm32cubeide_1.19.0/plugins/com.st.stm32cube.ide.mcu.externaltools.gnu-tools-for-stm32.13.3.rel1.linux64_1.0.0.202410170706/tools/bin/../lib/gcc/arm-none-eabi/13.3.1/../../../../arm-none-eabi/lib/thumb/v7-m/nofp/libc_nano.a(libc_a-memset.o)
 .debug_frame   0x00001718       0x2c /home/lth/st/stm32cubeide_1.19.0/plugins/com.st.stm32cube.ide.mcu.externaltools.gnu-tools-for-stm32.13.3.rel1.linux64_1.0.0.202410170706/tools/bin/../lib/gcc/arm-none-eabi/13.3.1/../../../../arm-none-eabi/lib/thumb/v7-m/nofp/libc_nano.a(libc_a-init.o)

.debug_line_str
                0x00000000       0x56
 .debug_line_str
                0x00000000       0x56 ./Core/Startup/startup_stm32f103cbtx.o
