Archive member included to satisfy reference by file (symbol)

/home/lth/st/stm32cubeide_1.12.0/plugins/com.st.stm32cube.ide.mcu.externaltools.gnu-tools-for-stm32.10.3-2021.10.linux64_1.0.200.202301161003/tools/bin/../lib/gcc/arm-none-eabi/10.3.1/../../../../arm-none-eabi/lib/thumb/v7-m/nofp/libc_nano.a(lib_a-errno.o)
                              ./Core/Src/syscalls.o (__errno)
/home/lth/st/stm32cubeide_1.12.0/plugins/com.st.stm32cube.ide.mcu.externaltools.gnu-tools-for-stm32.10.3-2021.10.linux64_1.0.200.202301161003/tools/bin/../lib/gcc/arm-none-eabi/10.3.1/../../../../arm-none-eabi/lib/thumb/v7-m/nofp/libc_nano.a(lib_a-exit.o)
                              /home/lth/st/stm32cubeide_1.12.0/plugins/com.st.stm32cube.ide.mcu.externaltools.gnu-tools-for-stm32.10.3-2021.10.linux64_1.0.200.202301161003/tools/bin/../lib/gcc/arm-none-eabi/10.3.1/../../../../arm-none-eabi/lib/thumb/v7-m/nofp/crt0.o (exit)
/home/lth/st/stm32cubeide_1.12.0/plugins/com.st.stm32cube.ide.mcu.externaltools.gnu-tools-for-stm32.10.3-2021.10.linux64_1.0.200.202301161003/tools/bin/../lib/gcc/arm-none-eabi/10.3.1/../../../../arm-none-eabi/lib/thumb/v7-m/nofp/libc_nano.a(lib_a-impure.o)
                              /home/lth/st/stm32cubeide_1.12.0/plugins/com.st.stm32cube.ide.mcu.externaltools.gnu-tools-for-stm32.10.3-2021.10.linux64_1.0.200.202301161003/tools/bin/../lib/gcc/arm-none-eabi/10.3.1/../../../../arm-none-eabi/lib/thumb/v7-m/nofp/libc_nano.a(lib_a-exit.o) (_global_impure_ptr)
/home/lth/st/stm32cubeide_1.12.0/plugins/com.st.stm32cube.ide.mcu.externaltools.gnu-tools-for-stm32.10.3-2021.10.linux64_1.0.200.202301161003/tools/bin/../lib/gcc/arm-none-eabi/10.3.1/../../../../arm-none-eabi/lib/thumb/v7-m/nofp/libc_nano.a(lib_a-init.o)
                              /home/lth/st/stm32cubeide_1.12.0/plugins/com.st.stm32cube.ide.mcu.externaltools.gnu-tools-for-stm32.10.3-2021.10.linux64_1.0.200.202301161003/tools/bin/../lib/gcc/arm-none-eabi/10.3.1/../../../../arm-none-eabi/lib/thumb/v7-m/nofp/crt0.o (__libc_init_array)
/home/lth/st/stm32cubeide_1.12.0/plugins/com.st.stm32cube.ide.mcu.externaltools.gnu-tools-for-stm32.10.3-2021.10.linux64_1.0.200.202301161003/tools/bin/../lib/gcc/arm-none-eabi/10.3.1/../../../../arm-none-eabi/lib/thumb/v7-m/nofp/libc_nano.a(lib_a-memset.o)
                              /home/lth/st/stm32cubeide_1.12.0/plugins/com.st.stm32cube.ide.mcu.externaltools.gnu-tools-for-stm32.10.3-2021.10.linux64_1.0.200.202301161003/tools/bin/../lib/gcc/arm-none-eabi/10.3.1/../../../../arm-none-eabi/lib/thumb/v7-m/nofp/crt0.o (memset)

Discarded input sections

 .text          0x0000000000000000        0x0 /home/lth/st/stm32cubeide_1.12.0/plugins/com.st.stm32cube.ide.mcu.externaltools.gnu-tools-for-stm32.10.3-2021.10.linux64_1.0.200.202301161003/tools/bin/../lib/gcc/arm-none-eabi/10.3.1/thumb/v7-m/nofp/crti.o
 .data          0x0000000000000000        0x0 /home/lth/st/stm32cubeide_1.12.0/plugins/com.st.stm32cube.ide.mcu.externaltools.gnu-tools-for-stm32.10.3-2021.10.linux64_1.0.200.202301161003/tools/bin/../lib/gcc/arm-none-eabi/10.3.1/thumb/v7-m/nofp/crti.o
 .bss           0x0000000000000000        0x0 /home/lth/st/stm32cubeide_1.12.0/plugins/com.st.stm32cube.ide.mcu.externaltools.gnu-tools-for-stm32.10.3-2021.10.linux64_1.0.200.202301161003/tools/bin/../lib/gcc/arm-none-eabi/10.3.1/thumb/v7-m/nofp/crti.o
 .data          0x0000000000000000        0x4 /home/lth/st/stm32cubeide_1.12.0/plugins/com.st.stm32cube.ide.mcu.externaltools.gnu-tools-for-stm32.10.3-2021.10.linux64_1.0.200.202301161003/tools/bin/../lib/gcc/arm-none-eabi/10.3.1/thumb/v7-m/nofp/crtbegin.o
 .rodata        0x0000000000000000       0x24 /home/lth/st/stm32cubeide_1.12.0/plugins/com.st.stm32cube.ide.mcu.externaltools.gnu-tools-for-stm32.10.3-2021.10.linux64_1.0.200.202301161003/tools/bin/../lib/gcc/arm-none-eabi/10.3.1/thumb/v7-m/nofp/crtbegin.o
 .text          0x0000000000000000       0x7c /home/lth/st/stm32cubeide_1.12.0/plugins/com.st.stm32cube.ide.mcu.externaltools.gnu-tools-for-stm32.10.3-2021.10.linux64_1.0.200.202301161003/tools/bin/../lib/gcc/arm-none-eabi/10.3.1/../../../../arm-none-eabi/lib/thumb/v7-m/nofp/crt0.o
 .data          0x0000000000000000        0x0 /home/lth/st/stm32cubeide_1.12.0/plugins/com.st.stm32cube.ide.mcu.externaltools.gnu-tools-for-stm32.10.3-2021.10.linux64_1.0.200.202301161003/tools/bin/../lib/gcc/arm-none-eabi/10.3.1/../../../../arm-none-eabi/lib/thumb/v7-m/nofp/crt0.o
 .bss           0x0000000000000000        0x0 /home/lth/st/stm32cubeide_1.12.0/plugins/com.st.stm32cube.ide.mcu.externaltools.gnu-tools-for-stm32.10.3-2021.10.linux64_1.0.200.202301161003/tools/bin/../lib/gcc/arm-none-eabi/10.3.1/../../../../arm-none-eabi/lib/thumb/v7-m/nofp/crt0.o
 .ARM.extab     0x0000000000000000        0x0 /home/lth/st/stm32cubeide_1.12.0/plugins/com.st.stm32cube.ide.mcu.externaltools.gnu-tools-for-stm32.10.3-2021.10.linux64_1.0.200.202301161003/tools/bin/../lib/gcc/arm-none-eabi/10.3.1/../../../../arm-none-eabi/lib/thumb/v7-m/nofp/crt0.o
[...]
Memory Configuration

Name             Origin             Length             Attributes
RAM              0x0000000020000000 0x0000000000005000 xrw
FLASH            0x0000000008000000 0x0000000000020000 xr
*default*        0x0000000000000000 0xffffffffffffffff

Linker script and memory map

LOAD /home/lth/st/stm32cubeide_1.12.0/plugins/com.st.stm32cube.ide.mcu.externaltools.gnu-tools-for-stm32.10.3-2021.10.linux64_1.0.200.202301161003/tools/bin/../lib/gcc/arm-none-eabi/10.3.1/thumb/v7-m/nofp/crti.o
LOAD /home/lth/st/stm32cubeide_1.12.0/plugins/com.st.stm32cube.ide.mcu.externaltools.gnu-tools-for-stm32.10.3-2021.10.linux64_1.0.200.202301161003/tools/bin/../lib/gcc/arm-none-eabi/10.3.1/thumb/v7-m/nofp/crtbegin.o
LOAD /home/lth/st/stm32cubeide_1.12.0/plugins/com.st.stm32cube.ide.mcu.externaltools.gnu-tools-for-stm32.10.3-2021.10.linux64_1.0.200.202301161003/tools/bin/../lib/gcc/arm-none-eabi/10.3.1/../../../../arm-none-eabi/lib/thumb/v7-m/nofp/crt0.o
LOAD ./Core/Src/main.o
LOAD ./Core/Src/stm32f1xx_hal_msp.o
LOAD ./Core/Src/stm32f1xx_it.o
LOAD ./Core/Src/syscalls.o
LOAD ./Core/Src/sysmem.o
LOAD ./Core/Src/system_stm32f1xx.o
LOAD ./Core/Startup/startup_stm32f103cbtx.o
LOAD ./Drivers/STM32F1xx_HAL_Driver/Src/stm32f1xx_hal.o
LOAD ./Drivers/STM32F1xx_HAL_Driver/Src/stm32f1xx_hal_cortex.o
LOAD ./Drivers/STM32F1xx_HAL_Driver/Src/stm32f1xx_hal_dma.o
LOAD ./Drivers/STM32F1xx_HAL_Driver/Src/stm32f1xx_hal_exti.o
LOAD ./Drivers/STM32F1xx_HAL_Driver/Src/stm32f1xx_hal_flash.o
LOAD ./Drivers/STM32F1xx_HAL_Driver/Src/stm32f1xx_hal_flash_ex.o
LOAD ./Drivers/STM32F1xx_HAL_Driver/Src/stm32f1xx_hal_gpio.o
LOAD ./Drivers/STM32F1xx_HAL_Driver/Src/stm32f1xx_hal_gpio_ex.o
LOAD ./Drivers/STM32F1xx_HAL_Driver/Src/stm32f1xx_hal_pcd.o
LOAD ./Drivers/STM32F1xx_HAL_Driver/Src/stm32f1xx_hal_pcd_ex.o
LOAD ./Drivers/STM32F1xx_HAL_Driver/Src/stm32f1xx_hal_pwr.o
LOAD ./Drivers/STM32F1xx_HAL_Driver/Src/stm32f1xx_hal_rcc.o
LOAD ./Drivers/STM32F1xx_HAL_Driver/Src/stm32f1xx_hal_rcc_ex.o
LOAD ./Drivers/STM32F1xx_HAL_Driver/Src/stm32f1xx_hal_tim.o
LOAD ./Drivers/STM32F1xx_HAL_Driver/Src/stm32f1xx_hal_tim_ex.o
LOAD ./Drivers/STM32F1xx_HAL_Driver/Src/stm32f1xx_ll_usb.o
LOAD ./Middlewares/ST/STM32_USB_Device_Library/Class/DFU/Src/usbd_dfu.o
LOAD ./Middlewares/ST/STM32_USB_Device_Library/Core/Src/usbd_core.o
LOAD ./Middlewares/ST/STM32_USB_Device_Library/Core/Src/usbd_ctlreq.o
LOAD ./Middlewares/ST/STM32_USB_Device_Library/Core/Src/usbd_ioreq.o
LOAD ./USB_DEVICE/App/usb_device.o
LOAD ./USB_DEVICE/App/usbd_desc.o
LOAD ./USB_DEVICE/App/usbd_dfu_if.o
LOAD ./USB_DEVICE/Target/usbd_conf.o
START GROUP
LOAD /home/lth/st/stm32cubeide_1.12.0/plugins/com.st.stm32cube.ide.mcu.externaltools.gnu-tools-for-stm32.10.3-2021.10.linux64_1.0.200.202301161003/tools/bin/../lib/gcc/arm-none-eabi/10.3.1/../../../../arm-none-eabi/lib/thumb/v7-m/nofp/libc_nano.a
LOAD /home/lth/st/stm32cubeide_1.12.0/plugins/com.st.stm32cube.ide.mcu.externaltools.gnu-tools-for-stm32.10.3-2021.10.linux64_1.0.200.202301161003/tools/bin/../lib/gcc/arm-none-eabi/10.3.1/../../../../arm-none-eabi/lib/thumb/v7-m/nofp/libm.a
END GROUP
START GROUP
LOAD /home/lth/st/stm32cubeide_1.12.0/plugins/com.st.stm32cube.ide.mcu.externaltools.gnu-tools-for-stm32.10.3-2021.10.linux64_1.0.200.202301161003/tools/bin/../lib/gcc/arm-none-eabi/10.3.1/thumb/v7-m/nofp/libgcc.a
LOAD /home/lth/st/stm32cubeide_1.12.0/plugins/com.st.stm32cube.ide.mcu.externaltools.gnu-tools-for-stm32.10.3-2021.10.linux64_1.0.200.202301161003/tools/bin/../lib/gcc/arm-none-eabi/10.3.1/../../../../arm-none-eabi/lib/thumb/v7-m/nofp/libc_nano.a
END GROUP
START GROUP
LOAD /home/lth/st/stm32cubeide_1.12.0/plugins/com.st.stm32cube.ide.mcu.externaltools.gnu-tools-for-stm32.10.3-2021.10.linux64_1.0.200.202301161003/tools/bin/../lib/gcc/arm-none-eabi/10.3.1/thumb/v7-m/nofp/libgcc.a
LOAD /home/lth/st/stm32cubeide_1.12.0/plugins/com.st.stm32cube.ide.mcu.externaltools.gnu-tools-for-stm32.10.3-2021.10.linux64_1.0.200.202301161003/tools/bin/../lib/gcc/arm-none-eabi/10.3.1/../../../../arm-none-eabi/lib/thumb/v7-m/nofp/libc_nano.a
LOAD /home/lth/st/stm32cubeide_1.12.0/plugins/com.st.stm32cube.ide.mcu.externaltools.gnu-tools-for-stm32.10.3-2021.10.linux64_1.0.200.202301161003/tools/bin/../lib/gcc/arm-none-eabi/10.3.1/../../../../arm-none-eabi/lib/thumb/v7-m/nofp/libnosys.a
END GROUP
START GROUP
LOAD /home/lth/st/stm32cubeide_1.12.0/plugins/com.st.stm32cube.ide.mcu.externaltools.gnu-tools-for-stm32.10.3-2021.10.linux64_1.0.200.202301161003/tools/bin/../lib/gcc/arm-none-eabi/10.3.1/thumb/v7-m/nofp/libgcc.a
LOAD /home/lth/st/stm32cubeide_1.12.0/plugins/com.st.stm32cube.ide.mcu.externaltools.gnu-tools-for-stm32.10.3-2021.10.linux64_1.0.200.202301161003/tools/bin/../lib/gcc/arm-none-eabi/10.3.1/../../../../arm-none-eabi/lib/thumb/v7-m/nofp/libc_nano.a
LOAD /home/lth/st/stm32cubeide_1.12.0/plugins/com.st.stm32cube.ide.mcu.externaltools.gnu-tools-for-stm32.10.3-2021.10.linux64_1.0.200.202301161003/tools/bin/../lib/gcc/arm-none-eabi/10.3.1/../../../../arm-none-eabi/lib/thumb/v7-m/nofp/libnosys.a
END GROUP
LOAD /home/lth/st/stm32cubeide_1.12.0/plugins/com.st.stm32cube.ide.mcu.externaltools.gnu-tools-for-stm32.10.3-2021.10.linux64_1.0.200.202301161003/tools/bin/../lib/gcc/arm-none-eabi/10.3.1/thumb/v7-m/nofp/crtend.o
LOAD /home/lth/st/stm32cubeide_1.12.0/plugins/com.st.stm32cube.ide.mcu.externaltools.gnu-tools-for-stm32.10.3-2021.10.linux64_1.0.200.202301161003/tools/bin/../lib/gcc/arm-none-eabi/10.3.1/thumb/v7-m/nofp/crtn.o
                0x0000000020005000                _estack = (ORIGIN (RAM) + LENGTH (RAM))
                0x0000000000000200                _Min_Heap_Size = 0x200
                0x0000000000000400                _Min_Stack_Size = 0x400

.isr_vector     0x0000000008000000      0x10c
                0x0000000008000000                . = ALIGN (0x4)
 *(.isr_vector)
 .isr_vector    0x0000000008000000      0x10c ./Core/Startup/startup_stm32f103cbtx.o
                0x0000000008000000                g_pfnVectors
                0x000000000800010c                . = ALIGN (0x4)

.text           0x000000000800010c     0x2f48
                0x000000000800010c                . = ALIGN (0x4)
 *(.text)
 .text          0x000000000800010c       0x40 /home/lth/st/stm32cubeide_1.12.0/plugins/com.st.stm32cube.ide.mcu.externaltools.gnu-tools-for-stm32.10.3-2021.10.linux64_1.0.200.202301161003/tools/bin/../lib/gcc/arm-none-eabi/10.3.1/thumb/v7-m/nofp/crtbegin.o
 *(.text*)
 .text.SystemClock_Config
                0x000000000800014c       0x7c ./Core/Src/main.o
                0x000000000800014c                SystemClock_Config
 .text.startup.main
                0x00000000080001c8       0x3c ./Core/Src/main.o
                0x00000000080001c8                main
 .text.Error_Handler
                0x0000000008000204        0x4 ./Core/Src/main.o
                0x0000000008000204                Error_Handler
 .text.HAL_MspInit
                0x0000000008000208       0x44 ./Core/Src/stm32f1xx_hal_msp.o
                0x0000000008000208                HAL_MspInit
 .text.NMI_Handler
                0x000000000800024c        0x2 ./Core/Src/stm32f1xx_it.o
                0x000000000800024c                NMI_Handler
 .text.HardFault_Handler
                0x000000000800024e        0x2 ./Core/Src/stm32f1xx_it.o
                0x000000000800024e                HardFault_Handler
 .text.MemManage_Handler
                0x0000000008000250        0x2 ./Core/Src/stm32f1xx_it.o
                0x0000000008000250                MemManage_Handler
 .text.BusFault_Handler
                0x0000000008000252        0x2 ./Core/Src/stm32f1xx_it.o
                0x0000000008000252                BusFault_Handler
 .text.UsageFault_Handler
                0x0000000008000254        0x2 ./Core/Src/stm32f1xx_it.o
                0x0000000008000254                UsageFault_Handler
 .text.SVC_Handler
                0x0000000008000256        0x2 ./Core/Src/stm32f1xx_it.o
                0x0000000008000256                SVC_Handler
 .text.DebugMon_Handler
                0x0000000008000258        0x2 ./Core/Src/stm32f1xx_it.o
                0x0000000008000258                DebugMon_Handler
 .text.PendSV_Handler
                0x000000000800025a        0x2 ./Core/Src/stm32f1xx_it.o
                0x000000000800025a                PendSV_Handler
 .text.SysTick_Handler
                0x000000000800025c        0x4 ./Core/Src/stm32f1xx_it.o
                0x000000000800025c                SysTick_Handler
 .text.USB_LP_CAN1_RX0_IRQHandler
                0x0000000008000260        0xc ./Core/Src/stm32f1xx_it.o
                0x0000000008000260                USB_LP_CAN1_RX0_IRQHandler
 .text.SystemInit
                0x000000000800026c        0x2 ./Core/Src/system_stm32f1xx.o
                0x000000000800026c                SystemInit
 *fill*         0x000000000800026e        0x2 
 .text.Reset_Handler
                0x0000000008000270       0x48 ./Core/Startup/startup_stm32f103cbtx.o
                0x0000000008000270                Reset_Handler
 .text.Default_Handler
                0x00000000080002b8        0x2 ./Core/Startup/startup_stm32f103cbtx.o
                0x00000000080002b8                RTC_Alarm_IRQHandler
                0x00000000080002b8                EXTI2_IRQHandler
                0x00000000080002b8                TIM1_CC_IRQHandler
                0x00000000080002b8                PVD_IRQHandler
                0x00000000080002b8                EXTI3_IRQHandler
                0x00000000080002b8                EXTI0_IRQHandler
                0x00000000080002b8                I2C2_EV_IRQHandler
                0x00000000080002b8                ADC1_2_IRQHandler
                0x00000000080002b8                SPI1_IRQHandler
                0x00000000080002b8                TAMPER_IRQHandler
                0x00000000080002b8                DMA1_Channel4_IRQHandler
                0x00000000080002b8                USART3_IRQHandler
                0x00000000080002b8                RTC_IRQHandler
                0x00000000080002b8                DMA1_Channel7_IRQHandler
                0x00000000080002b8                CAN1_RX1_IRQHandler
                0x00000000080002b8                TIM4_IRQHandler
                0x00000000080002b8                I2C1_EV_IRQHandler
                0x00000000080002b8                DMA1_Channel6_IRQHandler
                0x00000000080002b8                TIM3_IRQHandler
                0x00000000080002b8                RCC_IRQHandler
                0x00000000080002b8                TIM1_TRG_COM_IRQHandler
                0x00000000080002b8                DMA1_Channel1_IRQHandler
                0x00000000080002b8                Default_Handler
                0x00000000080002b8                EXTI15_10_IRQHandler
                0x00000000080002b8                EXTI9_5_IRQHandler
                0x00000000080002b8                SPI2_IRQHandler
                0x00000000080002b8                DMA1_Channel5_IRQHandler
                0x00000000080002b8                EXTI4_IRQHandler
                0x00000000080002b8                USB_HP_CAN1_TX_IRQHandler
                0x00000000080002b8                DMA1_Channel3_IRQHandler
                0x00000000080002b8                TIM1_UP_IRQHandler
                0x00000000080002b8                WWDG_IRQHandler
                0x00000000080002b8                TIM2_IRQHandler
                0x00000000080002b8                TIM1_BRK_IRQHandler
                0x00000000080002b8                EXTI1_IRQHandler
                0x00000000080002b8                USART2_IRQHandler
                0x00000000080002b8                I2C2_ER_IRQHandler
                0x00000000080002b8                DMA1_Channel2_IRQHandler
                0x00000000080002b8                CAN1_SCE_IRQHandler
                0x00000000080002b8                FLASH_IRQHandler
                0x00000000080002b8                USART1_IRQHandler
                0x00000000080002b8                I2C1_ER_IRQHandler
                0x00000000080002b8                USBWakeUp_IRQHandler
 *fill*         0x00000000080002ba        0x2 
 .text.HAL_InitTick
                0x00000000080002bc       0x48 ./Drivers/STM32F1xx_HAL_Driver/Src/stm32f1xx_hal.o
                0x00000000080002bc                HAL_InitTick
 .text.HAL_Init
                0x0000000008000304       0x24 ./Drivers/STM32F1xx_HAL_Driver/Src/stm32f1xx_hal.o
                0x0000000008000304                HAL_Init
 .text.HAL_IncTick
                0x0000000008000328       0x18 ./Drivers/STM32F1xx_HAL_Driver/Src/stm32f1xx_hal.o
                0x0000000008000328                HAL_IncTick
 .text.HAL_GetTick
                0x0000000008000340        0xc ./Drivers/STM32F1xx_HAL_Driver/Src/stm32f1xx_hal.o
                0x0000000008000340                HAL_GetTick
 .text.HAL_Delay
                0x000000000800034c       0x24 ./Drivers/STM32F1xx_HAL_Driver/Src/stm32f1xx_hal.o
                0x000000000800034c                HAL_Delay
 .text.HAL_NVIC_SetPriorityGrouping
                0x0000000008000370       0x24 ./Drivers/STM32F1xx_HAL_Driver/Src/stm32f1xx_hal_cortex.o
                0x0000000008000370                HAL_NVIC_SetPriorityGrouping
 .text.HAL_NVIC_SetPriority
                0x0000000008000394       0x64 ./Drivers/STM32F1xx_HAL_Driver/Src/stm32f1xx_hal_cortex.o
                0x0000000008000394                HAL_NVIC_SetPriority
 .text.HAL_NVIC_EnableIRQ
                0x00000000080003f8       0x1c ./Drivers/STM32F1xx_HAL_Driver/Src/stm32f1xx_hal_cortex.o
                0x00000000080003f8                HAL_NVIC_EnableIRQ
 .text.HAL_SYSTICK_Config
                0x0000000008000414       0x28 ./Drivers/STM32F1xx_HAL_Driver/Src/stm32f1xx_hal_cortex.o
                0x0000000008000414                HAL_SYSTICK_Config
 .text.HAL_PCD_Init
                0x000000000800043c       0xf2 ./Drivers/STM32F1xx_HAL_Driver/Src/stm32f1xx_hal_pcd.o
                0x000000000800043c                HAL_PCD_Init
 .text.HAL_PCD_Start
                0x000000000800052e       0x32 ./Drivers/STM32F1xx_HAL_Driver/Src/stm32f1xx_hal_pcd.o
                0x000000000800052e                HAL_PCD_Start
 .text.HAL_PCD_Stop
                0x0000000008000560       0x32 ./Drivers/STM32F1xx_HAL_Driver/Src/stm32f1xx_hal_pcd.o
                0x0000000008000560                HAL_PCD_Stop
 .text.HAL_PCD_SetAddress
                0x0000000008000592       0x28 ./Drivers/STM32F1xx_HAL_Driver/Src/stm32f1xx_hal_pcd.o
                0x0000000008000592                HAL_PCD_SetAddress
 *fill*         0x00000000080005ba        0x2 
 .text.HAL_PCD_IRQHandler
                0x00000000080005bc      0x968 ./Drivers/STM32F1xx_HAL_Driver/Src/stm32f1xx_hal_pcd.o
                0x00000000080005bc                HAL_PCD_IRQHandler
 .text.HAL_PCD_EP_Open
                0x0000000008000f24       0x62 ./Drivers/STM32F1xx_HAL_Driver/Src/stm32f1xx_hal_pcd.o
                0x0000000008000f24                HAL_PCD_EP_Open
 .text.HAL_PCD_EP_Receive
                0x0000000008000f86       0x2e ./Drivers/STM32F1xx_HAL_Driver/Src/stm32f1xx_hal_pcd.o
                0x0000000008000f86                HAL_PCD_EP_Receive
 .text.HAL_PCD_EP_Transmit
                0x0000000008000fb4       0x34 ./Drivers/STM32F1xx_HAL_Driver/Src/stm32f1xx_hal_pcd.o
                0x0000000008000fb4                HAL_PCD_EP_Transmit
 .text.HAL_PCD_EP_SetStall
                0x0000000008000fe8       0x68 ./Drivers/STM32F1xx_HAL_Driver/Src/stm32f1xx_hal_pcd.o
                0x0000000008000fe8                HAL_PCD_EP_SetStall
 .text.HAL_PCD_EP_ClrStall
                0x0000000008001050       0x62 ./Drivers/STM32F1xx_HAL_Driver/Src/stm32f1xx_hal_pcd.o
                0x0000000008001050                HAL_PCD_EP_ClrStall
 .text.HAL_PCDEx_PMAConfig
                0x00000000080010b2       0x32 ./Drivers/STM32F1xx_HAL_Driver/Src/stm32f1xx_hal_pcd_ex.o
                0x00000000080010b2                HAL_PCDEx_PMAConfig
 .text.HAL_RCC_OscConfig
                0x00000000080010e4      0x338 ./Drivers/STM32F1xx_HAL_Driver/Src/stm32f1xx_hal_rcc.o
                0x00000000080010e4                HAL_RCC_OscConfig
 .text.HAL_RCC_GetSysClockFreq
                0x000000000800141c       0x74 ./Drivers/STM32F1xx_HAL_Driver/Src/stm32f1xx_hal_rcc.o
                0x000000000800141c                HAL_RCC_GetSysClockFreq
 .text.HAL_RCC_ClockConfig
                0x0000000008001490      0x138 ./Drivers/STM32F1xx_HAL_Driver/Src/stm32f1xx_hal_rcc.o
                0x0000000008001490                HAL_RCC_ClockConfig
 .text.HAL_RCCEx_PeriphCLKConfig
                0x00000000080015c8       0xf4 ./Drivers/STM32F1xx_HAL_Driver/Src/stm32f1xx_hal_rcc_ex.o
                0x00000000080015c8                HAL_RCCEx_PeriphCLKConfig
 .text.USB_CoreInit
                0x00000000080016bc        0xe ./Drivers/STM32F1xx_HAL_Driver/Src/stm32f1xx_ll_usb.o
                0x00000000080016bc                USB_CoreInit
 .text.USB_EnableGlobalInt
                0x00000000080016ca       0x12 ./Drivers/STM32F1xx_HAL_Driver/Src/stm32f1xx_ll_usb.o
                0x00000000080016ca                USB_EnableGlobalInt
 .text.USB_DisableGlobalInt
                0x00000000080016dc       0x14 ./Drivers/STM32F1xx_HAL_Driver/Src/stm32f1xx_ll_usb.o
                0x00000000080016dc                USB_DisableGlobalInt
 .text.USB_SetCurrentMode
                0x00000000080016f0        0x4 ./Drivers/STM32F1xx_HAL_Driver/Src/stm32f1xx_ll_usb.o
                0x00000000080016f0                USB_SetCurrentMode
 .text.USB_DevInit
                0x00000000080016f4       0x28 ./Drivers/STM32F1xx_HAL_Driver/Src/stm32f1xx_ll_usb.o
                0x00000000080016f4                USB_DevInit
 .text.USB_ActivateEndpoint
                0x000000000800171c      0x278 ./Drivers/STM32F1xx_HAL_Driver/Src/stm32f1xx_ll_usb.o
                0x000000000800171c                USB_ActivateEndpoint
 .text.USB_EPSetStall
                0x0000000008001994       0x40 ./Drivers/STM32F1xx_HAL_Driver/Src/stm32f1xx_ll_usb.o
                0x0000000008001994                USB_EPSetStall
 .text.USB_EPClearStall
                0x00000000080019d4       0x92 ./Drivers/STM32F1xx_HAL_Driver/Src/stm32f1xx_ll_usb.o
                0x00000000080019d4                USB_EPClearStall
 .text.USB_SetDevAddress
                0x0000000008001a66        0xc ./Drivers/STM32F1xx_HAL_Driver/Src/stm32f1xx_ll_usb.o
                0x0000000008001a66                USB_SetDevAddress
 .text.USB_DevConnect
                0x0000000008001a72        0x4 ./Drivers/STM32F1xx_HAL_Driver/Src/stm32f1xx_ll_usb.o
                0x0000000008001a72                USB_DevConnect
 .text.USB_DevDisconnect
                0x0000000008001a76        0x4 ./Drivers/STM32F1xx_HAL_Driver/Src/stm32f1xx_ll_usb.o
                0x0000000008001a76                USB_DevDisconnect
 .text.USB_ReadInterrupts
                0x0000000008001a7a        0x8 ./Drivers/STM32F1xx_HAL_Driver/Src/stm32f1xx_ll_usb.o
                0x0000000008001a7a                USB_ReadInterrupts
 .text.USB_EP0_OutStart
                0x0000000008001a82        0x4 ./Drivers/STM32F1xx_HAL_Driver/Src/stm32f1xx_ll_usb.o
                0x0000000008001a82                USB_EP0_OutStart
 .text.USB_WritePMA
                0x0000000008001a86       0x20 ./Drivers/STM32F1xx_HAL_Driver/Src/stm32f1xx_ll_usb.o
                0x0000000008001a86                USB_WritePMA
 *fill*         0x0000000008001aa6        0x2 
 .text.USB_EPStartXfer
                0x0000000008001aa8      0x51c ./Drivers/STM32F1xx_HAL_Driver/Src/stm32f1xx_ll_usb.o
                0x0000000008001aa8                USB_EPStartXfer
 .text.USB_ReadPMA
                0x0000000008001fc4       0x38 ./Drivers/STM32F1xx_HAL_Driver/Src/stm32f1xx_ll_usb.o
                0x0000000008001fc4                USB_ReadPMA
 .text.USBD_DFU_GetCfgDesc
                0x0000000008001ffc        0xc ./Middlewares/ST/STM32_USB_Device_Library/Class/DFU/Src/usbd_dfu.o
 .text.USBD_DFU_DataIn
                0x0000000008002008        0x4 ./Middlewares/ST/STM32_USB_Device_Library/Class/DFU/Src/usbd_dfu.o
 .text.USBD_DFU_EP0_RxReady
                0x000000000800200c        0x4 ./Middlewares/ST/STM32_USB_Device_Library/Class/DFU/Src/usbd_dfu.o
 .text.USBD_DFU_GetDeviceQualifierDesc
                0x0000000008002010        0xc ./Middlewares/ST/STM32_USB_Device_Library/Class/DFU/Src/usbd_dfu.o
 .text.USBD_DFU_EP0_TxReady
                0x000000000800201c      0x14c ./Middlewares/ST/STM32_USB_Device_Library/Class/DFU/Src/usbd_dfu.o
 .text.USBD_DFU_DeInit
                0x0000000008002168       0x38 ./Middlewares/ST/STM32_USB_Device_Library/Class/DFU/Src/usbd_dfu.o
 .text.USBD_DFU_Init
                0x00000000080021a0       0x44 ./Middlewares/ST/STM32_USB_Device_Library/Class/DFU/Src/usbd_dfu.o
 .text.USBD_DFU_IsoOutIncomplete
                0x00000000080021e4        0x4 ./Middlewares/ST/STM32_USB_Device_Library/Class/DFU/Src/usbd_dfu.o
 .text.USBD_DFU_GetUsrStringDesc
                0x00000000080021e8       0x20 ./Middlewares/ST/STM32_USB_Device_Library/Class/DFU/Src/usbd_dfu.o
 .text.USBD_DFU_Setup
                0x0000000008002208      0x31c ./Middlewares/ST/STM32_USB_Device_Library/Class/DFU/Src/usbd_dfu.o
 .text.USBD_DFU_DataOut
                0x0000000008002524        0x4 ./Middlewares/ST/STM32_USB_Device_Library/Class/DFU/Src/usbd_dfu.o
 .text.USBD_DFU_IsoINIncomplete
                0x0000000008002528        0x4 ./Middlewares/ST/STM32_USB_Device_Library/Class/DFU/Src/usbd_dfu.o
 .text.USBD_DFU_SOF
                0x000000000800252c        0x4 ./Middlewares/ST/STM32_USB_Device_Library/Class/DFU/Src/usbd_dfu.o
 .text.USBD_DFU_RegisterMedia
                0x0000000008002530        0xa ./Middlewares/ST/STM32_USB_Device_Library/Class/DFU/Src/usbd_dfu.o
                0x0000000008002530                USBD_DFU_RegisterMedia
 .text.USBD_Init
                0x000000000800253a       0x2a ./Middlewares/ST/STM32_USB_Device_Library/Core/Src/usbd_core.o
                0x000000000800253a                USBD_Init
 .text.USBD_RegisterClass
                0x0000000008002564        0xe ./Middlewares/ST/STM32_USB_Device_Library/Core/Src/usbd_core.o
                0x0000000008002564                USBD_RegisterClass
 .text.USBD_Start
                0x0000000008002572        0xa ./Middlewares/ST/STM32_USB_Device_Library/Core/Src/usbd_core.o
                0x0000000008002572                USBD_Start
 .text.USBD_Stop
                0x000000000800257c       0x18 ./Middlewares/ST/STM32_USB_Device_Library/Core/Src/usbd_core.o
                0x000000000800257c                USBD_Stop
 .text.USBD_SetClassConfig
                0x0000000008002594       0x16 ./Middlewares/ST/STM32_USB_Device_Library/Core/Src/usbd_core.o
                0x0000000008002594                USBD_SetClassConfig
 .text.USBD_ClrClassConfig
                0x00000000080025aa        0xe ./Middlewares/ST/STM32_USB_Device_Library/Core/Src/usbd_core.o
                0x00000000080025aa                USBD_ClrClassConfig
 .text.USBD_LL_SetupStage
                0x00000000080025b8       0x5a ./Middlewares/ST/STM32_USB_Device_Library/Core/Src/usbd_core.o
                0x00000000080025b8                USBD_LL_SetupStage
 .text.USBD_LL_DataOutStage
                0x0000000008002612       0x74 ./Middlewares/ST/STM32_USB_Device_Library/Core/Src/usbd_core.o
                0x0000000008002612                USBD_LL_DataOutStage
 .text.USBD_LL_DataInStage
                0x0000000008002686       0xb6 ./Middlewares/ST/STM32_USB_Device_Library/Core/Src/usbd_core.o
                0x0000000008002686                USBD_LL_DataInStage
 .text.USBD_LL_Reset
                0x000000000800273c       0x4e ./Middlewares/ST/STM32_USB_Device_Library/Core/Src/usbd_core.o
                0x000000000800273c                USBD_LL_Reset
 .text.USBD_LL_SetSpeed
                0x000000000800278a        0x6 ./Middlewares/ST/STM32_USB_Device_Library/Core/Src/usbd_core.o
                0x000000000800278a                USBD_LL_SetSpeed
 .text.USBD_LL_Suspend
                0x0000000008002790       0x12 ./Middlewares/ST/STM32_USB_Device_Library/Core/Src/usbd_core.o
                0x0000000008002790                USBD_LL_Suspend
 .text.USBD_LL_Resume
                0x00000000080027a2       0x14 ./Middlewares/ST/STM32_USB_Device_Library/Core/Src/usbd_core.o
                0x00000000080027a2                USBD_LL_Resume
 .text.USBD_LL_SOF
                0x00000000080027b6       0x18 ./Middlewares/ST/STM32_USB_Device_Library/Core/Src/usbd_core.o
                0x00000000080027b6                USBD_LL_SOF
 .text.USBD_CtlError.constprop.0
                0x00000000080027ce       0x16 ./Middlewares/ST/STM32_USB_Device_Library/Core/Src/usbd_ctlreq.o
 .text.USBD_StdDevReq
                0x00000000080027e4      0x264 ./Middlewares/ST/STM32_USB_Device_Library/Core/Src/usbd_ctlreq.o
                0x00000000080027e4                USBD_StdDevReq
 .text.USBD_StdItfReq
                0x0000000008002a48       0x48 ./Middlewares/ST/STM32_USB_Device_Library/Core/Src/usbd_ctlreq.o
                0x0000000008002a48                USBD_StdItfReq
 .text.USBD_StdEPReq
                0x0000000008002a90      0x114 ./Middlewares/ST/STM32_USB_Device_Library/Core/Src/usbd_ctlreq.o
                0x0000000008002a90                USBD_StdEPReq
 .text.USBD_ParseSetupRequest
                0x0000000008002ba4       0x28 ./Middlewares/ST/STM32_USB_Device_Library/Core/Src/usbd_ctlreq.o
                0x0000000008002ba4                USBD_ParseSetupRequest
 .text.USBD_CtlError
                0x0000000008002bcc       0x16 ./Middlewares/ST/STM32_USB_Device_Library/Core/Src/usbd_ctlreq.o
                0x0000000008002bcc                USBD_CtlError
 .text.USBD_GetString
                0x0000000008002be2       0x38 ./Middlewares/ST/STM32_USB_Device_Library/Core/Src/usbd_ctlreq.o
                0x0000000008002be2                USBD_GetString
 .text.USBD_CtlSendData
                0x0000000008002c1a       0x1a ./Middlewares/ST/STM32_USB_Device_Library/Core/Src/usbd_ioreq.o
                0x0000000008002c1a                USBD_CtlSendData
 .text.USBD_CtlContinueSendData
                0x0000000008002c34       0x10 ./Middlewares/ST/STM32_USB_Device_Library/Core/Src/usbd_ioreq.o
                0x0000000008002c34                USBD_CtlContinueSendData
 .text.USBD_CtlPrepareRx
                0x0000000008002c44       0x1a ./Middlewares/ST/STM32_USB_Device_Library/Core/Src/usbd_ioreq.o
                0x0000000008002c44                USBD_CtlPrepareRx
 .text.USBD_CtlContinueRx
                0x0000000008002c5e       0x10 ./Middlewares/ST/STM32_USB_Device_Library/Core/Src/usbd_ioreq.o
                0x0000000008002c5e                USBD_CtlContinueRx
 .text.USBD_CtlSendStatus
                0x0000000008002c6e       0x16 ./Middlewares/ST/STM32_USB_Device_Library/Core/Src/usbd_ioreq.o
                0x0000000008002c6e                USBD_CtlSendStatus
 .text.USBD_CtlReceiveStatus
                0x0000000008002c84       0x16 ./Middlewares/ST/STM32_USB_Device_Library/Core/Src/usbd_ioreq.o
                0x0000000008002c84                USBD_CtlReceiveStatus
 *fill*         0x0000000008002c9a        0x2 
 .text.MX_USB_DEVICE_Init
                0x0000000008002c9c       0x50 ./USB_DEVICE/App/usb_device.o
                0x0000000008002c9c                MX_USB_DEVICE_Init
 .text.USBD_FS_DeviceDescriptor
                0x0000000008002cec        0xc ./USB_DEVICE/App/usbd_desc.o
                0x0000000008002cec                USBD_FS_DeviceDescriptor
 .text.USBD_FS_LangIDStrDescriptor
                0x0000000008002cf8        0xc ./USB_DEVICE/App/usbd_desc.o
                0x0000000008002cf8                USBD_FS_LangIDStrDescriptor
 .text.IntToUnicode
                0x0000000008002d04       0x2a ./USB_DEVICE/App/usbd_desc.o
 *fill*         0x0000000008002d2e        0x2 
 .text.USBD_FS_SerialStrDescriptor
                0x0000000008002d30       0x3c ./USB_DEVICE/App/usbd_desc.o
                0x0000000008002d30                USBD_FS_SerialStrDescriptor
 .text.USBD_FS_ManufacturerStrDescriptor
                0x0000000008002d6c       0x1c ./USB_DEVICE/App/usbd_desc.o
                0x0000000008002d6c                USBD_FS_ManufacturerStrDescriptor
 .text.USBD_FS_ProductStrDescriptor
                0x0000000008002d88       0x1c ./USB_DEVICE/App/usbd_desc.o
                0x0000000008002d88                USBD_FS_ProductStrDescriptor
 .text.USBD_FS_ConfigStrDescriptor
                0x0000000008002da4       0x1c ./USB_DEVICE/App/usbd_desc.o
                0x0000000008002da4                USBD_FS_ConfigStrDescriptor
 .text.USBD_FS_InterfaceStrDescriptor
                0x0000000008002dc0       0x1c ./USB_DEVICE/App/usbd_desc.o
                0x0000000008002dc0                USBD_FS_InterfaceStrDescriptor
 .text.MEM_If_Init_FS
                0x0000000008002ddc        0x4 ./USB_DEVICE/App/usbd_dfu_if.o
 .text.MEM_If_Erase_FS
                0x0000000008002de0        0x4 ./USB_DEVICE/App/usbd_dfu_if.o
 .text.MEM_If_Write_FS
                0x0000000008002de4        0x4 ./USB_DEVICE/App/usbd_dfu_if.o
 .text.MEM_If_Read_FS
                0x0000000008002de8        0x4 ./USB_DEVICE/App/usbd_dfu_if.o
 .text.MEM_If_GetStatus_FS
                0x0000000008002dec        0x4 ./USB_DEVICE/App/usbd_dfu_if.o
 .text.MEM_If_DeInit_FS
                0x0000000008002df0        0x4 ./USB_DEVICE/App/usbd_dfu_if.o
 .text.USBD_Get_USB_Status
                0x0000000008002df4       0x10 ./USB_DEVICE/Target/usbd_conf.o
 .text.HAL_PCD_MspInit
                0x0000000008002e04       0x40 ./USB_DEVICE/Target/usbd_conf.o
                0x0000000008002e04                HAL_PCD_MspInit
 .text.HAL_PCD_SetupStageCallback
                0x0000000008002e44        0xc ./USB_DEVICE/Target/usbd_conf.o
                0x0000000008002e44                HAL_PCD_SetupStageCallback
 .text.HAL_PCD_DataOutStageCallback
                0x0000000008002e50       0x12 ./USB_DEVICE/Target/usbd_conf.o
                0x0000000008002e50                HAL_PCD_DataOutStageCallback
 .text.HAL_PCD_DataInStageCallback
                0x0000000008002e62       0x10 ./USB_DEVICE/Target/usbd_conf.o
                0x0000000008002e62                HAL_PCD_DataInStageCallback
 .text.HAL_PCD_SOFCallback
                0x0000000008002e72        0x8 ./USB_DEVICE/Target/usbd_conf.o
                0x0000000008002e72                HAL_PCD_SOFCallback
 .text.HAL_PCD_ResetCallback
                0x0000000008002e7a       0x24 ./USB_DEVICE/Target/usbd_conf.o
                0x0000000008002e7a                HAL_PCD_ResetCallback
 *fill*         0x0000000008002e9e        0x2 
 .text.HAL_PCD_SuspendCallback
                0x0000000008002ea0       0x20 ./USB_DEVICE/Target/usbd_conf.o
                0x0000000008002ea0                HAL_PCD_SuspendCallback
 .text.HAL_PCD_ResumeCallback
                0x0000000008002ec0        0x8 ./USB_DEVICE/Target/usbd_conf.o
                0x0000000008002ec0                HAL_PCD_ResumeCallback
 .text.USBD_LL_Init
                0x0000000008002ec8       0x54 ./USB_DEVICE/Target/usbd_conf.o
                0x0000000008002ec8                USBD_LL_Init
 .text.USBD_LL_Start
                0x0000000008002f1c       0x12 ./USB_DEVICE/Target/usbd_conf.o
                0x0000000008002f1c                USBD_LL_Start
 .text.USBD_LL_Stop
                0x0000000008002f2e       0x12 ./USB_DEVICE/Target/usbd_conf.o
                0x0000000008002f2e                USBD_LL_Stop
 .text.USBD_LL_OpenEP
                0x0000000008002f40       0x18 ./USB_DEVICE/Target/usbd_conf.o
                0x0000000008002f40                USBD_LL_OpenEP
 .text.USBD_LL_StallEP
                0x0000000008002f58       0x12 ./USB_DEVICE/Target/usbd_conf.o
                0x0000000008002f58                USBD_LL_StallEP
 .text.USBD_LL_ClearStallEP
                0x0000000008002f6a       0x12 ./USB_DEVICE/Target/usbd_conf.o
                0x0000000008002f6a                USBD_LL_ClearStallEP
 .text.USBD_LL_IsStallEP
                0x0000000008002f7c       0x24 ./USB_DEVICE/Target/usbd_conf.o
                0x0000000008002f7c                USBD_LL_IsStallEP
 .text.USBD_LL_SetUSBAddress
                0x0000000008002fa0       0x12 ./USB_DEVICE/Target/usbd_conf.o
                0x0000000008002fa0                USBD_LL_SetUSBAddress
 .text.USBD_LL_Transmit
                0x0000000008002fb2       0x12 ./USB_DEVICE/Target/usbd_conf.o
                0x0000000008002fb2                USBD_LL_Transmit
 .text.USBD_LL_PrepareReceive
                0x0000000008002fc4       0x12 ./USB_DEVICE/Target/usbd_conf.o
                0x0000000008002fc4                USBD_LL_PrepareReceive
 *fill*         0x0000000008002fd6        0x2 
 .text.USBD_static_malloc
                0x0000000008002fd8        0x8 ./USB_DEVICE/Target/usbd_conf.o
                0x0000000008002fd8                USBD_static_malloc
 .text.USBD_static_free
                0x0000000008002fe0        0x2 ./USB_DEVICE/Target/usbd_conf.o
                0x0000000008002fe0                USBD_static_free
 .text.HAL_PCDEx_SetConnectionState
                0x0000000008002fe2        0x2 ./USB_DEVICE/Target/usbd_conf.o
                0x0000000008002fe2                HAL_PCDEx_SetConnectionState
 .text.__libc_init_array
                0x0000000008002fe4       0x48 /home/lth/st/stm32cubeide_1.12.0/plugins/com.st.stm32cube.ide.mcu.externaltools.gnu-tools-for-stm32.10.3-2021.10.linux64_1.0.200.202301161003/tools/bin/../lib/gcc/arm-none-eabi/10.3.1/../../../../arm-none-eabi/lib/thumb/v7-m/nofp/libc_nano.a(lib_a-init.o)
                0x0000000008002fe4                __libc_init_array
 .text.memset   0x000000000800302c       0x10 /home/lth/st/stm32cubeide_1.12.0/plugins/com.st.stm32cube.ide.mcu.externaltools.gnu-tools-for-stm32.10.3-2021.10.linux64_1.0.200.202301161003/tools/bin/../lib/gcc/arm-none-eabi/10.3.1/../../../../arm-none-eabi/lib/thumb/v7-m/nofp/libc_nano.a(lib_a-memset.o)
                0x000000000800302c                memset
 *(.glue_7)
 .glue_7        0x000000000800303c        0x0 linker stubs
 *(.glue_7t)
 .glue_7t       0x000000000800303c        0x0 linker stubs
 *(.eh_frame)
 .eh_frame      0x000000000800303c        0x0 /home/lth/st/stm32cubeide_1.12.0/plugins/com.st.stm32cube.ide.mcu.externaltools.gnu-tools-for-stm32.10.3-2021.10.linux64_1.0.200.202301161003/tools/bin/../lib/gcc/arm-none-eabi/10.3.1/thumb/v7-m/nofp/crtbegin.o
 *(.init)
 .init          0x000000000800303c        0x4 /home/lth/st/stm32cubeide_1.12.0/plugins/com.st.stm32cube.ide.mcu.externaltools.gnu-tools-for-stm32.10.3-2021.10.linux64_1.0.200.202301161003/tools/bin/../lib/gcc/arm-none-eabi/10.3.1/thumb/v7-m/nofp/crti.o
                0x000000000800303c                _init
 .init          0x0000000008003040        0x8 /home/lth/st/stm32cubeide_1.12.0/plugins/com.st.stm32cube.ide.mcu.externaltools.gnu-tools-for-stm32.10.3-2021.10.linux64_1.0.200.202301161003/tools/bin/../lib/gcc/arm-none-eabi/10.3.1/thumb/v7-m/nofp/crtn.o
 *(.fini)
 .fini          0x0000000008003048        0x4 /home/lth/st/stm32cubeide_1.12.0/plugins/com.st.stm32cube.ide.mcu.externaltools.gnu-tools-for-stm32.10.3-2021.10.linux64_1.0.200.202301161003/tools/bin/../lib/gcc/arm-none-eabi/10.3.1/thumb/v7-m/nofp/crti.o
                0x0000000008003048                _fini
 .fini          0x000000000800304c        0x8 /home/lth/st/stm32cubeide_1.12.0/plugins/com.st.stm32cube.ide.mcu.externaltools.gnu-tools-for-stm32.10.3-2021.10.linux64_1.0.200.202301161003/tools/bin/../lib/gcc/arm-none-eabi/10.3.1/thumb/v7-m/nofp/crtn.o
                0x0000000008003054                . = ALIGN (0x4)
                0x0000000008003054                _etext = .

.vfp11_veneer   0x0000000008003054        0x0
 .vfp11_veneer  0x0000000008003054        0x0 linker stubs

.v4_bx          0x0000000008003054        0x0
 .v4_bx         0x0000000008003054        0x0 linker stubs

.iplt           0x0000000008003054        0x0
 .iplt          0x0000000008003054        0x0 /home/lth/st/stm32cubeide_1.12.0/plugins/com.st.stm32cube.ide.mcu.externaltools.gnu-tools-for-stm32.10.3-2021.10.linux64_1.0.200.202301161003/tools/bin/../lib/gcc/arm-none-eabi/10.3.1/thumb/v7-m/nofp/crtbegin.o

.rodata         0x0000000008003054       0xc0
                0x0000000008003054                . = ALIGN (0x4)
 *(.rodata)
 *(.rodata*)
 .rodata.AHBPrescTable
                0x0000000008003054       0x10 ./Core/Src/system_stm32f1xx.o
                0x0000000008003054                AHBPrescTable
 .rodata.HAL_RCC_GetSysClockFreq.str1.1
                0x0000000008003064       0x11 ./Drivers/STM32F1xx_HAL_Driver/Src/stm32f1xx_hal_rcc.o
 .rodata.USBD_FS_ManufacturerStrDescriptor.str1.1
                0x0000000008003075       0x15 ./USB_DEVICE/App/usbd_desc.o
 .rodata.USBD_FS_ProductStrDescriptor.str1.1
                0x000000000800308a        0xf ./USB_DEVICE/App/usbd_desc.o
 .rodata.USBD_FS_ConfigStrDescriptor.str1.1
                0x0000000008003099        0xb ./USB_DEVICE/App/usbd_desc.o
 .rodata.USBD_FS_InterfaceStrDescriptor.str1.1
                0x00000000080030a4        0xe ./USB_DEVICE/App/usbd_desc.o
 .rodata.str1.1
                0x00000000080030b2       0x5d ./USB_DEVICE/App/usbd_dfu_if.o
 .rodata.CSWTCH.3
                0x000000000800310f        0x4 ./USB_DEVICE/Target/usbd_conf.o
                0x0000000008003114                . = ALIGN (0x4)
 *fill*         0x0000000008003113        0x1 

.rel.dyn        0x0000000008003114        0x0
 .rel.iplt      0x0000000008003114        0x0 /home/lth/st/stm32cubeide_1.12.0/plugins/com.st.stm32cube.ide.mcu.externaltools.gnu-tools-for-stm32.10.3-2021.10.linux64_1.0.200.202301161003/tools/bin/../lib/gcc/arm-none-eabi/10.3.1/thumb/v7-m/nofp/crtbegin.o

.ARM.extab      0x0000000008003114        0x0
                0x0000000008003114                . = ALIGN (0x4)
 *(.ARM.extab* .gnu.linkonce.armextab.*)
                0x0000000008003114                . = ALIGN (0x4)

.ARM            0x0000000008003114        0x0
                0x0000000008003114                . = ALIGN (0x4)
                0x0000000008003114                __exidx_start = .
 *(.ARM.exidx*)
                0x0000000008003114                __exidx_end = .
                0x0000000008003114                . = ALIGN (0x4)

.preinit_array  0x0000000008003114        0x0
                0x0000000008003114                . = ALIGN (0x4)
                0x0000000008003114                PROVIDE (__preinit_array_start = .)
 *(.preinit_array*)
                0x0000000008003114                PROVIDE (__preinit_array_end = .)
                0x0000000008003114                . = ALIGN (0x4)

.init_array     0x0000000008003114        0x4
                0x0000000008003114                . = ALIGN (0x4)
                0x0000000008003114                PROVIDE (__init_array_start = .)
 *(SORT_BY_NAME(.init_array.*))
 *(.init_array*)
 .init_array    0x0000000008003114        0x4 /home/lth/st/stm32cubeide_1.12.0/plugins/com.st.stm32cube.ide.mcu.externaltools.gnu-tools-for-stm32.10.3-2021.10.linux64_1.0.200.202301161003/tools/bin/../lib/gcc/arm-none-eabi/10.3.1/thumb/v7-m/nofp/crtbegin.o
                0x0000000008003118                PROVIDE (__init_array_end = .)
                0x0000000008003118                . = ALIGN (0x4)

.fini_array     0x0000000008003118        0x4
                0x0000000008003118                . = ALIGN (0x4)
                [!provide]                        PROVIDE (__fini_array_start = .)
 *(SORT_BY_NAME(.fini_array.*))
 *(.fini_array*)
 .fini_array    0x0000000008003118        0x4 /home/lth/st/stm32cubeide_1.12.0/plugins/com.st.stm32cube.ide.mcu.externaltools.gnu-tools-for-stm32.10.3-2021.10.linux64_1.0.200.202301161003/tools/bin/../lib/gcc/arm-none-eabi/10.3.1/thumb/v7-m/nofp/crtbegin.o
                [!provide]                        PROVIDE (__fini_array_end = .)
                0x000000000800311c                . = ALIGN (0x4)
                0x000000000800311c                _sidata = LOADADDR (.data)

.data           0x0000000020000000       0xdc load address 0x000000000800311c
                0x0000000020000000                . = ALIGN (0x4)
                0x0000000020000000                _sdata = .
 *(.data)
 *(.data*)
 .data.SystemCoreClock
                0x0000000020000000        0x4 ./Core/Src/system_stm32f1xx.o
                0x0000000020000000                SystemCoreClock
 .data.uwTickFreq
                0x0000000020000004        0x1 ./Drivers/STM32F1xx_HAL_Driver/Src/stm32f1xx_hal.o
                0x0000000020000004                uwTickFreq
 *fill*         0x0000000020000005        0x3 
 .data.uwTickPrio
                0x0000000020000008        0x4 ./Drivers/STM32F1xx_HAL_Driver/Src/stm32f1xx_hal.o
                0x0000000020000008                uwTickPrio
 .data.USBD_DFU
                0x000000002000000c       0x3c ./Middlewares/ST/STM32_USB_Device_Library/Class/DFU/Src/usbd_dfu.o
                0x000000002000000c                USBD_DFU
 .data.USBD_DFU_CfgDesc
                0x0000000020000048       0x1b ./Middlewares/ST/STM32_USB_Device_Library/Class/DFU/Src/usbd_dfu.o
 *fill*         0x0000000020000063        0x1 
 .data.USBD_DFU_DeviceQualifierDesc
                0x0000000020000064        0xa ./Middlewares/ST/STM32_USB_Device_Library/Class/DFU/Src/usbd_dfu.o
 *fill*         0x000000002000006e        0x2 
 .data.FS_Desc  0x0000000020000070       0x1c ./USB_DEVICE/App/usbd_desc.o
                0x0000000020000070                FS_Desc
 .data.USBD_FS_DeviceDesc
                0x000000002000008c       0x12 ./USB_DEVICE/App/usbd_desc.o
                0x000000002000008c                USBD_FS_DeviceDesc
 *fill*         0x000000002000009e        0x2 
 .data.USBD_LangIDDesc
                0x00000000200000a0        0x4 ./USB_DEVICE/App/usbd_desc.o
                0x00000000200000a0                USBD_LangIDDesc
 .data.USBD_StringSerial
                0x00000000200000a4       0x1a ./USB_DEVICE/App/usbd_desc.o
                0x00000000200000a4                USBD_StringSerial
 *fill*         0x00000000200000be        0x2 
 .data.USBD_DFU_fops_FS
                0x00000000200000c0       0x1c ./USB_DEVICE/App/usbd_dfu_if.o
                0x00000000200000c0                USBD_DFU_fops_FS
 *(.RamFunc)
 *(.RamFunc*)
                0x00000000200000dc                . = ALIGN (0x4)
                0x00000000200000dc                _edata = .

.igot.plt       0x00000000200000dc        0x0 load address 0x00000000080031f8
 .igot.plt      0x00000000200000dc        0x0 /home/lth/st/stm32cubeide_1.12.0/plugins/com.st.stm32cube.ide.mcu.externaltools.gnu-tools-for-stm32.10.3-2021.10.linux64_1.0.200.202301161003/tools/bin/../lib/gcc/arm-none-eabi/10.3.1/thumb/v7-m/nofp/crtbegin.o
                0x00000000200000dc                . = ALIGN (0x4)

.bss            0x00000000200000dc      0xcf0 load address 0x00000000080031f8
                0x00000000200000dc                _sbss = .
                0x00000000200000dc                __bss_start__ = _sbss
 *(.bss)
 .bss           0x00000000200000dc       0x1c /home/lth/st/stm32cubeide_1.12.0/plugins/com.st.stm32cube.ide.mcu.externaltools.gnu-tools-for-stm32.10.3-2021.10.linux64_1.0.200.202301161003/tools/bin/../lib/gcc/arm-none-eabi/10.3.1/thumb/v7-m/nofp/crtbegin.o
 *(.bss*)
 .bss.uwTick    0x00000000200000f8        0x4 ./Drivers/STM32F1xx_HAL_Driver/Src/stm32f1xx_hal.o
                0x00000000200000f8                uwTick
 .bss.USBD_StrDesc.0
                0x00000000200000fc       0xff ./Middlewares/ST/STM32_USB_Device_Library/Class/DFU/Src/usbd_dfu.o
 .bss.cfgidx.0  0x00000000200001fb        0x1 ./Middlewares/ST/STM32_USB_Device_Library/Core/Src/usbd_ctlreq.o
 .bss.hUsbDeviceFS
                0x00000000200001fc      0x2c4 ./USB_DEVICE/App/usb_device.o
                0x00000000200001fc                hUsbDeviceFS
 .bss.USBD_StrDesc
                0x00000000200004c0      0x200 ./USB_DEVICE/App/usbd_desc.o
                0x00000000200004c0                USBD_StrDesc
 .bss.hpcd_USB_FS
                0x00000000200006c0      0x2ec ./USB_DEVICE/Target/usbd_conf.o
                0x00000000200006c0                hpcd_USB_FS
 .bss.mem.0     0x00000000200009ac      0x420 ./USB_DEVICE/Target/usbd_conf.o
 *(COMMON)
                0x0000000020000dcc                . = ALIGN (0x4)
                0x0000000020000dcc                _ebss = .
                0x0000000020000dcc                __bss_end__ = _ebss

._user_heap_stack
                0x0000000020000dcc      0x604 load address 0x00000000080031f8
                0x0000000020000dd0                . = ALIGN (0x8)
 *fill*         0x0000000020000dcc        0x4 
                [!provide]                        PROVIDE (end = .)
                0x0000000020000dd0                PROVIDE (_end = .)
                0x0000000020000fd0                . = (. + _Min_Heap_Size)
 *fill*         0x0000000020000dd0      0x200 
                0x00000000200013d0                . = (. + _Min_Stack_Size)
 *fill*         0x0000000020000fd0      0x400 
                0x00000000200013d0                . = ALIGN (0x8)

/DISCARD/
 libc.a(*)
 libm.a(*)
 libgcc.a(*)

.ARM.attributes
                0x0000000000000000       0x29
 *(.ARM.attributes)
 .ARM.attributes
                0x0000000000000000       0x1d /home/lth/st/stm32cubeide_1.12.0/plugins/com.st.stm32cube.ide.mcu.externaltools.gnu-tools-for-stm32.10.3-2021.10.linux64_1.0.200.202301161003/tools/bin/../lib/gcc/arm-none-eabi/10.3.1/thumb/v7-m/nofp/crti.o
 .ARM.attributes
                0x000000000000001d       0x2d /home/lth/st/stm32cubeide_1.12.0/plugins/com.st.stm32cube.ide.mcu.externaltools.gnu-tools-for-stm32.10.3-2021.10.linux64_1.0.200.202301161003/tools/bin/../lib/gcc/arm-none-eabi/10.3.1/thumb/v7-m/nofp/crtbegin.o
 .ARM.attributes
                0x000000000000004a       0x2d ./Core/Src/main.o
 .ARM.attributes
                0x0000000000000077       0x2d ./Core/Src/stm32f1xx_hal_msp.o
 .ARM.attributes
                0x00000000000000a4       0x2d ./Core/Src/stm32f1xx_it.o
 .ARM.attributes
                0x00000000000000d1       0x2d ./Core/Src/system_stm32f1xx.o
 .ARM.attributes
                0x00000000000000fe       0x21 ./Core/Startup/startup_stm32f103cbtx.o
 .ARM.attributes
                0x000000000000011f       0x2d ./Drivers/STM32F1xx_HAL_Driver/Src/stm32f1xx_hal.o
 .ARM.attributes
                0x000000000000014c       0x2d ./Drivers/STM32F1xx_HAL_Driver/Src/stm32f1xx_hal_cortex.o
 .ARM.attributes
                0x0000000000000179       0x2d ./Drivers/STM32F1xx_HAL_Driver/Src/stm32f1xx_hal_pcd.o
 .ARM.attributes
                0x00000000000001a6       0x2d ./Drivers/STM32F1xx_HAL_Driver/Src/stm32f1xx_hal_pcd_ex.o
 .ARM.attributes
                0x00000000000001d3       0x2d ./Drivers/STM32F1xx_HAL_Driver/Src/stm32f1xx_hal_rcc.o
 .ARM.attributes
                0x0000000000000200       0x2d ./Drivers/STM32F1xx_HAL_Driver/Src/stm32f1xx_hal_rcc_ex.o
 .ARM.attributes
                0x000000000000022d       0x2d ./Drivers/STM32F1xx_HAL_Driver/Src/stm32f1xx_ll_usb.o
 .ARM.attributes
                0x000000000000025a       0x2d ./Middlewares/ST/STM32_USB_Device_Library/Class/DFU/Src/usbd_dfu.o
 .ARM.attributes
                0x0000000000000287       0x2d ./Middlewares/ST/STM32_USB_Device_Library/Core/Src/usbd_core.o
 .ARM.attributes
                0x00000000000002b4       0x2d ./Middlewares/ST/STM32_USB_Device_Library/Core/Src/usbd_ctlreq.o
 .ARM.attributes
                0x00000000000002e1       0x2d ./Middlewares/ST/STM32_USB_Device_Library/Core/Src/usbd_ioreq.o
 .ARM.attributes
                0x000000000000030e       0x2d ./USB_DEVICE/App/usb_device.o
 .ARM.attributes
                0x000000000000033b       0x2d ./USB_DEVICE/App/usbd_desc.o
 .ARM.attributes
                0x0000000000000368       0x2d ./USB_DEVICE/App/usbd_dfu_if.o
 .ARM.attributes
                0x0000000000000395       0x2d ./USB_DEVICE/Target/usbd_conf.o
 .ARM.attributes
                0x00000000000003c2       0x2d /home/lth/st/stm32cubeide_1.12.0/plugins/com.st.stm32cube.ide.mcu.externaltools.gnu-tools-for-stm32.10.3-2021.10.linux64_1.0.200.202301161003/tools/bin/../lib/gcc/arm-none-eabi/10.3.1/../../../../arm-none-eabi/lib/thumb/v7-m/nofp/libc_nano.a(lib_a-init.o)
 .ARM.attributes
                0x00000000000003ef       0x2d /home/lth/st/stm32cubeide_1.12.0/plugins/com.st.stm32cube.ide.mcu.externaltools.gnu-tools-for-stm32.10.3-2021.10.linux64_1.0.200.202301161003/tools/bin/../lib/gcc/arm-none-eabi/10.3.1/../../../../arm-none-eabi/lib/thumb/v7-m/nofp/libc_nano.a(lib_a-memset.o)
 .ARM.attributes
                0x000000000000041c       0x1d /home/lth/st/stm32cubeide_1.12.0/plugins/com.st.stm32cube.ide.mcu.externaltools.gnu-tools-for-stm32.10.3-2021.10.linux64_1.0.200.202301161003/tools/bin/../lib/gcc/arm-none-eabi/10.3.1/thumb/v7-m/nofp/crtn.o
OUTPUT(boot_dfu.elf elf32-littlearm)
LOAD linker stubs
LOAD /home/lth/st/stm32cubeide_1.12.0/plugins/com.st.stm32cube.ide.mcu.externaltools.gnu-tools-for-stm32.10.3-2021.10.linux64_1.0.200.202301161003/tools/bin/../lib/gcc/arm-none-eabi/10.3.1/../../../../arm-none-eabi/lib/thumb/v7-m/nofp/libc.a
LOAD /home/lth/st/stm32cubeide_1.12.0/plugins/com.st.stm32cube.ide.mcu.externaltools.gnu-tools-for-stm32.10.3-2021.10.linux64_1.0.200.202301161003/tools/bin/../lib/gcc/arm-none-eabi/10.3.1/../../../../arm-none-eabi/lib/thumb/v7-m/nofp/libm.a
LOAD /home/lth/st/stm32cubeide_1.12.0/plugins/com.st.stm32cube.ide.mcu.externaltools.gnu-tools-for-stm32.10.3-2021.10.linux64_1.0.200.202301161003/tools/bin/../lib/gcc/arm-none-eabi/10.3.1/thumb/v7-m/nofp/libgcc.a

.debug_info     0x0000000000000000     0xdac5
 .debug_info    0x0000000000000000      0x59a ./Core/Src/main.o
 .debug_info    0x000000000000059a      0x209 ./Core/Src/stm32f1xx_hal_msp.o
 .debug_info    0x00000000000007a3      0x66f ./Core/Src/stm32f1xx_it.o
 .debug_info    0x0000000000000e12      0x24c ./Core/Src/system_stm32f1xx.o
 .debug_info    0x000000000000105e       0x22 ./Core/Startup/startup_stm32f103cbtx.o
 .debug_info    0x0000000000001080      0x808 ./Drivers/STM32F1xx_HAL_Driver/Src/stm32f1xx_hal.o
 .debug_info    0x0000000000001888      0xd6a ./Drivers/STM32F1xx_HAL_Driver/Src/stm32f1xx_hal_cortex.o
 .debug_info    0x00000000000025f2     0x1d63 ./Drivers/STM32F1xx_HAL_Driver/Src/stm32f1xx_hal_pcd.o
 .debug_info    0x0000000000004355      0x72a ./Drivers/STM32F1xx_HAL_Driver/Src/stm32f1xx_hal_pcd_ex.o
 .debug_info    0x0000000000004a7f      0xa89 ./Drivers/STM32F1xx_HAL_Driver/Src/stm32f1xx_hal_rcc.o
 .debug_info    0x0000000000005508      0x43f ./Drivers/STM32F1xx_HAL_Driver/Src/stm32f1xx_hal_rcc_ex.o
 .debug_info    0x0000000000005947     0x1afe ./Drivers/STM32F1xx_HAL_Driver/Src/stm32f1xx_ll_usb.o
 .debug_info    0x0000000000007445     0x13ed ./Middlewares/ST/STM32_USB_Device_Library/Class/DFU/Src/usbd_dfu.o
 .debug_info    0x0000000000008832      0xe5a ./Middlewares/ST/STM32_USB_Device_Library/Core/Src/usbd_core.o
 .debug_info    0x000000000000968c      0xe28 ./Middlewares/ST/STM32_USB_Device_Library/Core/Src/usbd_ctlreq.o
 .debug_info    0x000000000000a4b4      0x856 ./Middlewares/ST/STM32_USB_Device_Library/Core/Src/usbd_ioreq.o
 .debug_info    0x000000000000ad0a      0x774 ./USB_DEVICE/App/usb_device.o
 .debug_info    0x000000000000b47e      0x66d ./USB_DEVICE/App/usbd_desc.o
 .debug_info    0x000000000000baeb      0x338 ./USB_DEVICE/App/usbd_dfu_if.o
 .debug_info    0x000000000000be23     0x1ca2 ./USB_DEVICE/Target/usbd_conf.o

.debug_abbrev   0x0000000000000000     0x2ecc
 .debug_abbrev  0x0000000000000000      0x24a ./Core/Src/main.o
 .debug_abbrev  0x000000000000024a       0xe4 ./Core/Src/stm32f1xx_hal_msp.o
 .debug_abbrev  0x000000000000032e      0x1cc ./Core/Src/stm32f1xx_it.o
 .debug_abbrev  0x00000000000004fa      0x141 ./Core/Src/system_stm32f1xx.o
 .debug_abbrev  0x000000000000063b       0x12 ./Core/Startup/startup_stm32f103cbtx.o
 .debug_abbrev  0x000000000000064d      0x277 ./Drivers/STM32F1xx_HAL_Driver/Src/stm32f1xx_hal.o
 .debug_abbrev  0x00000000000008c4      0x352 ./Drivers/STM32F1xx_HAL_Driver/Src/stm32f1xx_hal_cortex.o
 .debug_abbrev  0x0000000000000c16      0x3ce ./Drivers/STM32F1xx_HAL_Driver/Src/stm32f1xx_hal_pcd.o
 .debug_abbrev  0x0000000000000fe4      0x1c8 ./Drivers/STM32F1xx_HAL_Driver/Src/stm32f1xx_hal_pcd_ex.o
 .debug_abbrev  0x00000000000011ac      0x2f5 ./Drivers/STM32F1xx_HAL_Driver/Src/stm32f1xx_hal_rcc.o
 .debug_abbrev  0x00000000000014a1      0x1d3 ./Drivers/STM32F1xx_HAL_Driver/Src/stm32f1xx_hal_rcc_ex.o
 .debug_abbrev  0x0000000000001674      0x297 ./Drivers/STM32F1xx_HAL_Driver/Src/stm32f1xx_ll_usb.o
 .debug_abbrev  0x000000000000190b      0x459 ./Middlewares/ST/STM32_USB_Device_Library/Class/DFU/Src/usbd_dfu.o
 .debug_abbrev  0x0000000000001d64      0x300 ./Middlewares/ST/STM32_USB_Device_Library/Core/Src/usbd_core.o
 .debug_abbrev  0x0000000000002064      0x38e ./Middlewares/ST/STM32_USB_Device_Library/Core/Src/usbd_ctlreq.o
 .debug_abbrev  0x00000000000023f2      0x1ae ./Middlewares/ST/STM32_USB_Device_Library/Core/Src/usbd_ioreq.o
 .debug_abbrev  0x00000000000025a0      0x1bc ./USB_DEVICE/App/usb_device.o
 .debug_abbrev  0x000000000000275c      0x2ca ./USB_DEVICE/App/usbd_desc.o
 .debug_abbrev  0x0000000000002a26      0x14b ./USB_DEVICE/App/usbd_dfu_if.o
 .debug_abbrev  0x0000000000002b71      0x35b ./USB_DEVICE/Target/usbd_conf.o

.debug_aranges  0x0000000000000000      0x858
 .debug_aranges
                0x0000000000000000       0x30 ./Core/Src/main.o
 .debug_aranges
                0x0000000000000030       0x20 ./Core/Src/stm32f1xx_hal_msp.o
 .debug_aranges
                0x0000000000000050       0x58 ./Core/Src/stm32f1xx_it.o
 .debug_aranges
                0x00000000000000a8       0x28 ./Core/Src/system_stm32f1xx.o
 .debug_aranges
                0x00000000000000d0       0x28 ./Core/Startup/startup_stm32f103cbtx.o
 .debug_aranges
                0x00000000000000f8       0xd8 ./Drivers/STM32F1xx_HAL_Driver/Src/stm32f1xx_hal.o
 .debug_aranges
                0x00000000000001d0       0x90 ./Drivers/STM32F1xx_HAL_Driver/Src/stm32f1xx_hal_cortex.o
 .debug_aranges
                0x0000000000000260       0xc8 ./Drivers/STM32F1xx_HAL_Driver/Src/stm32f1xx_hal_pcd.o
 .debug_aranges
                0x0000000000000328       0x28 ./Drivers/STM32F1xx_HAL_Driver/Src/stm32f1xx_hal_pcd_ex.o
 .debug_aranges
                0x0000000000000350       0x88 ./Drivers/STM32F1xx_HAL_Driver/Src/stm32f1xx_hal_rcc.o
 .debug_aranges
                0x00000000000003d8       0x30 ./Drivers/STM32F1xx_HAL_Driver/Src/stm32f1xx_hal_rcc_ex.o
 .debug_aranges
                0x0000000000000408       0xd0 ./Drivers/STM32F1xx_HAL_Driver/Src/stm32f1xx_ll_usb.o
 .debug_aranges
                0x00000000000004d8       0x68 ./Middlewares/ST/STM32_USB_Device_Library/Class/DFU/Src/usbd_dfu.o
 .debug_aranges
                0x0000000000000540       0xa8 ./Middlewares/ST/STM32_USB_Device_Library/Core/Src/usbd_core.o
 .debug_aranges
                0x00000000000005e8       0x50 ./Middlewares/ST/STM32_USB_Device_Library/Core/Src/usbd_ctlreq.o
 .debug_aranges
                0x0000000000000638       0x50 ./Middlewares/ST/STM32_USB_Device_Library/Core/Src/usbd_ioreq.o
 .debug_aranges
                0x0000000000000688       0x20 ./USB_DEVICE/App/usb_device.o
 .debug_aranges
                0x00000000000006a8       0x58 ./USB_DEVICE/App/usbd_desc.o
 .debug_aranges
                0x0000000000000700       0x40 ./USB_DEVICE/App/usbd_dfu_if.o
 .debug_aranges
                0x0000000000000740      0x118 ./USB_DEVICE/Target/usbd_conf.o

.debug_ranges   0x0000000000000000     0x1028
 .debug_ranges  0x0000000000000000       0x88 ./Core/Src/main.o
 .debug_ranges  0x0000000000000088       0x58 ./Core/Src/stm32f1xx_hal_msp.o
 .debug_ranges  0x00000000000000e0       0x48 ./Core/Src/stm32f1xx_it.o
 .debug_ranges  0x0000000000000128       0x18 ./Core/Src/system_stm32f1xx.o
 .debug_ranges  0x0000000000000140       0x20 ./Core/Startup/startup_stm32f103cbtx.o
 .debug_ranges  0x0000000000000160       0xc8 ./Drivers/STM32F1xx_HAL_Driver/Src/stm32f1xx_hal.o
 .debug_ranges  0x0000000000000228      0x148 ./Drivers/STM32F1xx_HAL_Driver/Src/stm32f1xx_hal_cortex.o
 .debug_ranges  0x0000000000000370      0x240 ./Drivers/STM32F1xx_HAL_Driver/Src/stm32f1xx_hal_pcd.o
 .debug_ranges  0x00000000000005b0       0x18 ./Drivers/STM32F1xx_HAL_Driver/Src/stm32f1xx_hal_pcd_ex.o
 .debug_ranges  0x00000000000005c8       0xc0 ./Drivers/STM32F1xx_HAL_Driver/Src/stm32f1xx_hal_rcc.o
 .debug_ranges  0x0000000000000688       0x58 ./Drivers/STM32F1xx_HAL_Driver/Src/stm32f1xx_hal_rcc_ex.o
 .debug_ranges  0x00000000000006e0      0x4c8 ./Drivers/STM32F1xx_HAL_Driver/Src/stm32f1xx_ll_usb.o
 .debug_ranges  0x0000000000000ba8       0xe8 ./Middlewares/ST/STM32_USB_Device_Library/Class/DFU/Src/usbd_dfu.o
 .debug_ranges  0x0000000000000c90       0x98 ./Middlewares/ST/STM32_USB_Device_Library/Core/Src/usbd_core.o
 .debug_ranges  0x0000000000000d28       0xc0 ./Middlewares/ST/STM32_USB_Device_Library/Core/Src/usbd_ctlreq.o
 .debug_ranges  0x0000000000000de8       0x40 ./Middlewares/ST/STM32_USB_Device_Library/Core/Src/usbd_ioreq.o
 .debug_ranges  0x0000000000000e28       0x10 ./USB_DEVICE/App/usb_device.o
 .debug_ranges  0x0000000000000e38       0x90 ./USB_DEVICE/App/usbd_desc.o
 .debug_ranges  0x0000000000000ec8       0x30 ./USB_DEVICE/App/usbd_dfu_if.o
 .debug_ranges  0x0000000000000ef8      0x130 ./USB_DEVICE/Target/usbd_conf.o

.debug_macro    0x0000000000000000    0x193d1
 .debug_macro   0x0000000000000000      0x39d ./Core/Src/main.o
 .debug_macro   0x000000000000039d      0xa72 ./Core/Src/main.o
 .debug_macro   0x0000000000000e0f      0x215 ./Core/Src/main.o
 .debug_macro   0x0000000000001024       0x2e ./Core/Src/main.o
 .debug_macro   0x0000000000001052       0x22 ./Core/Src/main.o
 .debug_macro   0x0000000000001074       0x22 ./Core/Src/main.o
 .debug_macro   0x0000000000001096       0x8e ./Core/Src/main.o
 .debug_macro   0x0000000000001124       0x51 ./Core/Src/main.o
 .debug_macro   0x0000000000001175      0x103 ./Core/Src/main.o
 .debug_macro   0x0000000000001278       0x6a ./Core/Src/main.o
 .debug_macro   0x00000000000012e2      0x1df ./Core/Src/main.o
 .debug_macro   0x00000000000014c1       0x1c ./Core/Src/main.o
 .debug_macro   0x00000000000014dd       0x22 ./Core/Src/main.o
 .debug_macro   0x00000000000014ff       0xbd ./Core/Src/main.o
 .debug_macro   0x00000000000015bc      0xd23 ./Core/Src/main.o
 .debug_macro   0x00000000000022df     0xe09e ./Core/Src/main.o
 .debug_macro   0x000000000001037d       0x6d ./Core/Src/main.o
 .debug_macro   0x00000000000103ea     0x3468 ./Core/Src/main.o
 .debug_macro   0x0000000000013852      0x174 ./Core/Src/main.o
 .debug_macro   0x00000000000139c6       0x5c ./Core/Src/main.o
 .debug_macro   0x0000000000013a22      0x5be ./Core/Src/main.o
 .debug_macro   0x0000000000013fe0      0x289 ./Core/Src/main.o
 .debug_macro   0x0000000000014269      0x1cb ./Core/Src/main.o
 .debug_macro   0x0000000000014434      0x114 ./Core/Src/main.o
 .debug_macro   0x0000000000014548      0x1b2 ./Core/Src/main.o
 .debug_macro   0x00000000000146fa       0x27 ./Core/Src/main.o
 .debug_macro   0x0000000000014721      0x136 ./Core/Src/main.o
 .debug_macro   0x0000000000014857      0x1bc ./Core/Src/main.o
 .debug_macro   0x0000000000014a13       0x34 ./Core/Src/main.o
 .debug_macro   0x0000000000014a47       0x3c ./Core/Src/main.o
 .debug_macro   0x0000000000014a83       0x57 ./Core/Src/main.o
 .debug_macro   0x0000000000014ada       0x88 ./Core/Src/main.o
 .debug_macro   0x0000000000014b62      0x241 ./Core/Src/main.o
 .debug_macro   0x0000000000014da3      0x141 ./Core/Src/main.o
 .debug_macro   0x0000000000014ee4       0x65 ./Core/Src/main.o
 .debug_macro   0x0000000000014f49      0x249 ./Core/Src/main.o
 .debug_macro   0x0000000000015192       0x83 ./Core/Src/main.o
 .debug_macro   0x0000000000015215       0x52 ./Core/Src/main.o
 .debug_macro   0x0000000000015267       0x18 ./Core/Src/main.o
 .debug_macro   0x000000000001527f       0x3c ./Core/Src/main.o
 .debug_macro   0x00000000000152bb       0x34 ./Core/Src/main.o
 .debug_macro   0x00000000000152ef       0x16 ./Core/Src/main.o
 .debug_macro   0x0000000000015305       0x35 ./Core/Src/main.o
 .debug_macro   0x000000000001533a      0x341 ./Core/Src/main.o
 .debug_macro   0x000000000001567b       0x10 ./Core/Src/main.o
 .debug_macro   0x000000000001568b       0x16 ./Core/Src/main.o
 .debug_macro   0x00000000000156a1       0x43 ./Core/Src/main.o
 .debug_macro   0x00000000000156e4       0x34 ./Core/Src/main.o
 .debug_macro   0x0000000000015718       0x10 ./Core/Src/main.o
 .debug_macro   0x0000000000015728       0x58 ./Core/Src/main.o
 .debug_macro   0x0000000000015780       0x71 ./Core/Src/main.o
 .debug_macro   0x00000000000157f1       0x1c ./Core/Src/main.o
 .debug_macro   0x000000000001580d      0x12a ./Core/Src/main.o
 .debug_macro   0x0000000000015937       0x10 ./Core/Src/main.o
 .debug_macro   0x0000000000015947       0x1c ./Core/Src/main.o
 .debug_macro   0x0000000000015963       0x52 ./Core/Src/main.o
 .debug_macro   0x00000000000159b5       0x22 ./Core/Src/main.o
 .debug_macro   0x00000000000159d7       0x10 ./Core/Src/main.o
 .debug_macro   0x00000000000159e7       0x52 ./Core/Src/main.o
 .debug_macro   0x0000000000015a39       0xd5 ./Core/Src/main.o
 .debug_macro   0x0000000000015b0e       0x1c ./Core/Src/main.o
 .debug_macro   0x0000000000015b2a       0x3d ./Core/Src/main.o
 .debug_macro   0x0000000000015b67       0x16 ./Core/Src/main.o
 .debug_macro   0x0000000000015b7d      0x145 ./Core/Src/main.o
 .debug_macro   0x0000000000015cc2       0x16 ./Core/Src/main.o
 .debug_macro   0x0000000000015cd8       0x16 ./Core/Src/main.o
 .debug_macro   0x0000000000015cee       0x29 ./Core/Src/main.o
 .debug_macro   0x0000000000015d17       0x16 ./Core/Src/main.o
 .debug_macro   0x0000000000015d2d       0x20 ./Core/Src/main.o
 .debug_macro   0x0000000000015d4d       0x72 ./Core/Src/main.o
 .debug_macro   0x0000000000015dbf      0x1c2 ./Core/Src/main.o
 .debug_macro   0x0000000000015f81      0x1b2 ./Core/Src/stm32f1xx_hal_msp.o
 .debug_macro   0x0000000000016133      0x1bc ./Core/Src/stm32f1xx_it.o
 .debug_macro   0x00000000000162ef      0x1a8 ./Core/Src/system_stm32f1xx.o
 .debug_macro   0x0000000000016497      0x1cc ./Drivers/STM32F1xx_HAL_Driver/Src/stm32f1xx_hal.o
 .debug_macro   0x0000000000016663      0x1a8 ./Drivers/STM32F1xx_HAL_Driver/Src/stm32f1xx_hal_cortex.o
 .debug_macro   0x000000000001680b      0x1b4 ./Drivers/STM32F1xx_HAL_Driver/Src/stm32f1xx_hal_pcd.o
 .debug_macro   0x00000000000169bf      0x1a8 ./Drivers/STM32F1xx_HAL_Driver/Src/stm32f1xx_hal_pcd_ex.o
 .debug_macro   0x0000000000016b67      0x1ba ./Drivers/STM32F1xx_HAL_Driver/Src/stm32f1xx_hal_rcc.o
 .debug_macro   0x0000000000016d21      0x1a8 ./Drivers/STM32F1xx_HAL_Driver/Src/stm32f1xx_hal_rcc_ex.o
 .debug_macro   0x0000000000016ec9      0x1a8 ./Drivers/STM32F1xx_HAL_Driver/Src/stm32f1xx_ll_usb.o
 .debug_macro   0x0000000000017071      0x3c8 ./Middlewares/ST/STM32_USB_Device_Library/Class/DFU/Src/usbd_dfu.o
 .debug_macro   0x0000000000017439       0x97 ./Middlewares/ST/STM32_USB_Device_Library/Class/DFU/Src/usbd_dfu.o
 .debug_macro   0x00000000000174d0       0xfd ./Middlewares/ST/STM32_USB_Device_Library/Class/DFU/Src/usbd_dfu.o
 .debug_macro   0x00000000000175cd       0x56 ./Middlewares/ST/STM32_USB_Device_Library/Class/DFU/Src/usbd_dfu.o
 .debug_macro   0x0000000000017623      0x10a ./Middlewares/ST/STM32_USB_Device_Library/Class/DFU/Src/usbd_dfu.o
 .debug_macro   0x000000000001772d      0x3af ./Middlewares/ST/STM32_USB_Device_Library/Core/Src/usbd_core.o
 .debug_macro   0x0000000000017adc      0x1c8 ./Middlewares/ST/STM32_USB_Device_Library/Core/Src/usbd_core.o
 .debug_macro   0x0000000000017ca4      0x3b9 ./Middlewares/ST/STM32_USB_Device_Library/Core/Src/usbd_ctlreq.o
 .debug_macro   0x000000000001805d      0x3b5 ./Middlewares/ST/STM32_USB_Device_Library/Core/Src/usbd_ioreq.o
 .debug_macro   0x0000000000018412      0x3ef ./USB_DEVICE/App/usb_device.o
 .debug_macro   0x0000000000018801       0x22 ./USB_DEVICE/App/usb_device.o
 .debug_macro   0x0000000000018823      0x3ec ./USB_DEVICE/App/usbd_desc.o
 .debug_macro   0x0000000000018c0f       0x1c ./USB_DEVICE/App/usbd_desc.o
 .debug_macro   0x0000000000018c2b      0x3d4 ./USB_DEVICE/App/usbd_dfu_if.o
 .debug_macro   0x0000000000018fff      0x3d2 ./USB_DEVICE/Target/usbd_conf.o

.debug_line     0x0000000000000000     0xedc1
 .debug_line    0x0000000000000000      0xa96 ./Core/Src/main.o
 .debug_line    0x0000000000000a96      0x686 ./Core/Src/stm32f1xx_hal_msp.o
 .debug_line    0x000000000000111c      0x752 ./Core/Src/stm32f1xx_it.o
 .debug_line    0x000000000000186e      0x6f7 ./Core/Src/system_stm32f1xx.o
 .debug_line    0x0000000000001f65       0x87 ./Core/Startup/startup_stm32f103cbtx.o
 .debug_line    0x0000000000001fec      0x990 ./Drivers/STM32F1xx_HAL_Driver/Src/stm32f1xx_hal.o
 .debug_line    0x000000000000297c      0xb31 ./Drivers/STM32F1xx_HAL_Driver/Src/stm32f1xx_hal_cortex.o
 .debug_line    0x00000000000034ad     0x172e ./Drivers/STM32F1xx_HAL_Driver/Src/stm32f1xx_hal_pcd.o
 .debug_line    0x0000000000004bdb      0x6e5 ./Drivers/STM32F1xx_HAL_Driver/Src/stm32f1xx_hal_pcd_ex.o
 .debug_line    0x00000000000052c0     0x106e ./Drivers/STM32F1xx_HAL_Driver/Src/stm32f1xx_hal_rcc.o
 .debug_line    0x000000000000632e      0x925 ./Drivers/STM32F1xx_HAL_Driver/Src/stm32f1xx_hal_rcc_ex.o
 .debug_line    0x0000000000006c53     0x1b58 ./Drivers/STM32F1xx_HAL_Driver/Src/stm32f1xx_ll_usb.o
 .debug_line    0x00000000000087ab     0x1193 ./Middlewares/ST/STM32_USB_Device_Library/Class/DFU/Src/usbd_dfu.o
 .debug_line    0x000000000000993e      0xe20 ./Middlewares/ST/STM32_USB_Device_Library/Core/Src/usbd_core.o
 .debug_line    0x000000000000a75e      0xf60 ./Middlewares/ST/STM32_USB_Device_Library/Core/Src/usbd_ctlreq.o
 .debug_line    0x000000000000b6be      0xa48 ./Middlewares/ST/STM32_USB_Device_Library/Core/Src/usbd_ioreq.o
 .debug_line    0x000000000000c106      0x9e8 ./USB_DEVICE/App/usb_device.o
 .debug_line    0x000000000000caee      0xafc ./USB_DEVICE/App/usbd_desc.o
 .debug_line    0x000000000000d5ea      0x9f3 ./USB_DEVICE/App/usbd_dfu_if.o
 .debug_line    0x000000000000dfdd      0xde4 ./USB_DEVICE/Target/usbd_conf.o

.debug_str      0x0000000000000000    0x84884
 .debug_str     0x0000000000000000    0x81ad9 ./Core/Src/main.o
                                      0x81e67 (size before relaxing)
 .debug_str     0x0000000000081ad9       0x5a ./Core/Src/stm32f1xx_hal_msp.o
                                      0x7d3c4 (size before relaxing)
 .debug_str     0x0000000000081b33      0x41d ./Core/Src/stm32f1xx_it.o
                                      0x7d798 (size before relaxing)
 .debug_str     0x0000000000081f50       0x7e ./Core/Src/system_stm32f1xx.o
                                      0x7d3ef (size before relaxing)
 .debug_str     0x0000000000081fce       0x36 ./Core/Startup/startup_stm32f103cbtx.o
                                         0x64 (size before relaxing)
 .debug_str     0x0000000000082004      0x607 ./Drivers/STM32F1xx_HAL_Driver/Src/stm32f1xx_hal.o
                                      0x7db22 (size before relaxing)
 .debug_str     0x000000000008260b      0x293 ./Drivers/STM32F1xx_HAL_Driver/Src/stm32f1xx_hal_cortex.o
                                      0x7da6e (size before relaxing)
 .debug_str     0x000000000008289e      0x590 ./Drivers/STM32F1xx_HAL_Driver/Src/stm32f1xx_hal_pcd.o
                                      0x7dcc7 (size before relaxing)
 .debug_str     0x0000000000082e2e      0x170 ./Drivers/STM32F1xx_HAL_Driver/Src/stm32f1xx_hal_pcd_ex.o
                                      0x7d863 (size before relaxing)
 .debug_str     0x0000000000082f9e      0x264 ./Drivers/STM32F1xx_HAL_Driver/Src/stm32f1xx_hal_rcc.o
                                      0x7d81e (size before relaxing)
 .debug_str     0x0000000000083202       0x9f ./Drivers/STM32F1xx_HAL_Driver/Src/stm32f1xx_hal_rcc_ex.o
                                      0x7d56e (size before relaxing)
 .debug_str     0x00000000000832a1      0x12e ./Drivers/STM32F1xx_HAL_Driver/Src/stm32f1xx_ll_usb.o
                                      0x7d896 (size before relaxing)
 .debug_str     0x00000000000833cf      0xc08 ./Middlewares/ST/STM32_USB_Device_Library/Class/DFU/Src/usbd_dfu.o
                                      0x8290f (size before relaxing)
 .debug_str     0x0000000000083fd7      0x292 ./Middlewares/ST/STM32_USB_Device_Library/Core/Src/usbd_core.o
                                      0x82292 (size before relaxing)
 .debug_str     0x0000000000084269      0x10c ./Middlewares/ST/STM32_USB_Device_Library/Core/Src/usbd_ctlreq.o
                                      0x821ac (size before relaxing)
 .debug_str     0x0000000000084375       0x78 ./Middlewares/ST/STM32_USB_Device_Library/Core/Src/usbd_ioreq.o
                                      0x820d9 (size before relaxing)
 .debug_str     0x00000000000843ed       0xd3 ./USB_DEVICE/App/usb_device.o
                                      0x82655 (size before relaxing)
 .debug_str     0x00000000000844c0      0x246 ./USB_DEVICE/App/usbd_desc.o
                                      0x81ffc (size before relaxing)
 .debug_str     0x0000000000084706       0xf6 ./USB_DEVICE/App/usbd_dfu_if.o
                                      0x82286 (size before relaxing)
 .debug_str     0x00000000000847fc       0x88 ./USB_DEVICE/Target/usbd_conf.o
                                      0x83113 (size before relaxing)

.comment        0x0000000000000000       0x50
 .comment       0x0000000000000000       0x50 ./Core/Src/main.o
                                         0x51 (size before relaxing)
 .comment       0x0000000000000050       0x51 ./Core/Src/stm32f1xx_hal_msp.o
 .comment       0x0000000000000050       0x51 ./Core/Src/stm32f1xx_it.o
 .comment       0x0000000000000050       0x51 ./Core/Src/system_stm32f1xx.o
 .comment       0x0000000000000050       0x51 ./Drivers/STM32F1xx_HAL_Driver/Src/stm32f1xx_hal.o
 .comment       0x0000000000000050       0x51 ./Drivers/STM32F1xx_HAL_Driver/Src/stm32f1xx_hal_cortex.o
 .comment       0x0000000000000050       0x51 ./Drivers/STM32F1xx_HAL_Driver/Src/stm32f1xx_hal_pcd.o
 .comment       0x0000000000000050       0x51 ./Drivers/STM32F1xx_HAL_Driver/Src/stm32f1xx_hal_pcd_ex.o
 .comment       0x0000000000000050       0x51 ./Drivers/STM32F1xx_HAL_Driver/Src/stm32f1xx_hal_rcc.o
 .comment       0x0000000000000050       0x51 ./Drivers/STM32F1xx_HAL_Driver/Src/stm32f1xx_hal_rcc_ex.o
 .comment       0x0000000000000050       0x51 ./Drivers/STM32F1xx_HAL_Driver/Src/stm32f1xx_ll_usb.o
 .comment       0x0000000000000050       0x51 ./Middlewares/ST/STM32_USB_Device_Library/Class/DFU/Src/usbd_dfu.o
 .comment       0x0000000000000050       0x51 ./Middlewares/ST/STM32_USB_Device_Library/Core/Src/usbd_core.o
 .comment       0x0000000000000050       0x51 ./Middlewares/ST/STM32_USB_Device_Library/Core/Src/usbd_ctlreq.o
 .comment       0x0000000000000050       0x51 ./Middlewares/ST/STM32_USB_Device_Library/Core/Src/usbd_ioreq.o
 .comment       0x0000000000000050       0x51 ./USB_DEVICE/App/usb_device.o
 .comment       0x0000000000000050       0x51 ./USB_DEVICE/App/usbd_desc.o
 .comment       0x0000000000000050       0x51 ./USB_DEVICE/App/usbd_dfu_if.o
 .comment       0x0000000000000050       0x51 ./USB_DEVICE/Target/usbd_conf.o

.debug_frame    0x0000000000000000     0x143c
 .debug_frame   0x0000000000000000       0x58 ./Core/Src/main.o
 .debug_frame   0x0000000000000058       0x28 ./Core/Src/stm32f1xx_hal_msp.o
 .debug_frame   0x0000000000000080       0xb0 ./Core/Src/stm32f1xx_it.o
 .debug_frame   0x0000000000000130       0x30 ./Core/Src/system_stm32f1xx.o
 .debug_frame   0x0000000000000160      0x1d4 ./Drivers/STM32F1xx_HAL_Driver/Src/stm32f1xx_hal.o
 .debug_frame   0x0000000000000334      0x120 ./Drivers/STM32F1xx_HAL_Driver/Src/stm32f1xx_hal_cortex.o
 .debug_frame   0x0000000000000454      0x2d8 ./Drivers/STM32F1xx_HAL_Driver/Src/stm32f1xx_hal_pcd.o
 .debug_frame   0x000000000000072c       0x58 ./Drivers/STM32F1xx_HAL_Driver/Src/stm32f1xx_hal_pcd_ex.o
 .debug_frame   0x0000000000000784      0x150 ./Drivers/STM32F1xx_HAL_Driver/Src/stm32f1xx_hal_rcc.o
 .debug_frame   0x00000000000008d4       0x70 ./Drivers/STM32F1xx_HAL_Driver/Src/stm32f1xx_hal_rcc_ex.o
 .debug_frame   0x0000000000000944      0x20c ./Drivers/STM32F1xx_HAL_Driver/Src/stm32f1xx_ll_usb.o
 .debug_frame   0x0000000000000b50      0x134 ./Middlewares/ST/STM32_USB_Device_Library/Class/DFU/Src/usbd_dfu.o
 .debug_frame   0x0000000000000c84      0x1c8 ./Middlewares/ST/STM32_USB_Device_Library/Core/Src/usbd_core.o
 .debug_frame   0x0000000000000e4c       0xcc ./Middlewares/ST/STM32_USB_Device_Library/Core/Src/usbd_ctlreq.o
 .debug_frame   0x0000000000000f18       0xb0 ./Middlewares/ST/STM32_USB_Device_Library/Core/Src/usbd_ioreq.o
 .debug_frame   0x0000000000000fc8       0x30 ./USB_DEVICE/App/usb_device.o
 .debug_frame   0x0000000000000ff8       0xc4 ./USB_DEVICE/App/usbd_desc.o
 .debug_frame   0x00000000000010bc       0x70 ./USB_DEVICE/App/usbd_dfu_if.o
 .debug_frame   0x000000000000112c      0x2c4 ./USB_DEVICE/Target/usbd_conf.o
 .debug_frame   0x00000000000013f0       0x2c /home/lth/st/stm32cubeide_1.12.0/plugins/com.st.stm32cube.ide.mcu.externaltools.gnu-tools-for-stm32.10.3-2021.10.linux64_1.0.200.202301161003/tools/bin/../lib/gcc/arm-none-eabi/10.3.1/../../../../arm-none-eabi/lib/thumb/v7-m/nofp/libc_nano.a(lib_a-init.o)
 .debug_frame   0x000000000000141c       0x20 /home/lth/st/stm32cubeide_1.12.0/plugins/com.st.stm32cube.ide.mcu.externaltools.gnu-tools-for-stm32.10.3-2021.10.linux64_1.0.200.202301161003/tools/bin/../lib/gcc/arm-none-eabi/10.3.1/../../../../arm-none-eabi/lib/thumb/v7-m/nofp/libc_nano.a(lib_a-memset.o)

.debug_loc      0x0000000000000000     0x6d37
 .debug_loc     0x0000000000000000       0x15 ./Core/Src/stm32f1xx_hal_msp.o
 .debug_loc     0x0000000000000015       0xe7 ./Core/Src/system_stm32f1xx.o
 .debug_loc     0x00000000000000fc      0x139 ./Drivers/STM32F1xx_HAL_Driver/Src/stm32f1xx_hal.o
 .debug_loc     0x0000000000000235      0x4c5 ./Drivers/STM32F1xx_HAL_Driver/Src/stm32f1xx_hal_cortex.o
 .debug_loc     0x00000000000006fa     0x1275 ./Drivers/STM32F1xx_HAL_Driver/Src/stm32f1xx_hal_pcd.o
 .debug_loc     0x000000000000196f       0xae ./Drivers/STM32F1xx_HAL_Driver/Src/stm32f1xx_hal_pcd_ex.o
 .debug_loc     0x0000000000001a1d      0x5f1 ./Drivers/STM32F1xx_HAL_Driver/Src/stm32f1xx_hal_rcc.o
 .debug_loc     0x000000000000200e      0x38c ./Drivers/STM32F1xx_HAL_Driver/Src/stm32f1xx_hal_rcc_ex.o
 .debug_loc     0x000000000000239a     0x1af3 ./Drivers/STM32F1xx_HAL_Driver/Src/stm32f1xx_ll_usb.o
 .debug_loc     0x0000000000003e8d      0xbac ./Middlewares/ST/STM32_USB_Device_Library/Class/DFU/Src/usbd_dfu.o
 .debug_loc     0x0000000000004a39      0x7dd ./Middlewares/ST/STM32_USB_Device_Library/Core/Src/usbd_core.o
 .debug_loc     0x0000000000005216      0xb31 ./Middlewares/ST/STM32_USB_Device_Library/Core/Src/usbd_ctlreq.o
 .debug_loc     0x0000000000005d47      0x284 ./Middlewares/ST/STM32_USB_Device_Library/Core/Src/usbd_ioreq.o
 .debug_loc     0x0000000000005fcb      0x373 ./USB_DEVICE/App/usbd_desc.o
 .debug_loc     0x000000000000633e       0x94 ./USB_DEVICE/App/usbd_dfu_if.o
 .debug_loc     0x00000000000063d2      0x965 ./USB_DEVICE/Target/usbd_conf.o
