../Middlewares/ST/STM32_USB_Device_Library/Class/DFU/Src/usbd_dfu.c:490:18:USBD_DFU_GetCfgDesc	0	static
../Middlewares/ST/STM32_USB_Device_Library/Class/DFU/Src/usbd_dfu.c:503:17:USBD_DFU_DataIn	0	static
../Middlewares/ST/STM32_USB_Device_Library/Class/DFU/Src/usbd_dfu.c:516:17:USBD_DFU_EP0_RxReady	0	static
../Middlewares/ST/STM32_USB_Device_Library/Class/DFU/Src/usbd_dfu.c:670:18:USBD_DFU_GetDeviceQualifierDesc	0	static
../Middlewares/ST/STM32_USB_Device_Library/Class/DFU/Src/usbd_dfu.c:527:17:USBD_DFU_EP0_TxReady	24	static,ignoring_inline_asm
../Middlewares/ST/STM32_USB_Device_Library/Class/DFU/Src/usbd_dfu.c:325:17:USBD_DFU_DeInit	16	static
../Middlewares/ST/STM32_USB_Device_Library/Class/DFU/Src/usbd_dfu.c:278:17:USBD_DFU_Init	8	static
../Middlewares/ST/STM32_USB_Device_Library/Class/DFU/Src/usbd_dfu.c:645:17:USBD_DFU_IsoOutIncomplete	0	static
../Middlewares/ST/STM32_USB_Device_Library/Class/DFU/Src/usbd_dfu.c:685:17:USBD_DFU_GetUsrStringDesc	8	static
../Middlewares/ST/STM32_USB_Device_Library/Class/DFU/Src/usbd_dfu.c:357:17:USBD_DFU_Setup	32	static
../Middlewares/ST/STM32_USB_Device_Library/Class/DFU/Src/usbd_dfu.c:657:17:USBD_DFU_DataOut	0	static
../Middlewares/ST/STM32_USB_Device_Library/Class/DFU/Src/usbd_dfu.c:633:17:USBD_DFU_IsoINIncomplete	0	static
../Middlewares/ST/STM32_USB_Device_Library/Class/DFU/Src/usbd_dfu.c:621:17:USBD_DFU_SOF	0	static
../Middlewares/ST/STM32_USB_Device_Library/Class/DFU/Src/usbd_dfu.c:707:10:USBD_DFU_RegisterMedia	0	static
