../Drivers/STM32F1xx_HAL_Driver/Src/stm32f1xx_ll_usb.c:1831:19:USB_CoreInit	0	static
../Drivers/STM32F1xx_HAL_Driver/Src/stm32f1xx_ll_usb.c:1851:19:USB_EnableGlobalInt	0	static
../Drivers/STM32F1xx_HAL_Driver/Src/stm32f1xx_ll_usb.c:1876:19:USB_DisableGlobalInt	0	static
../Drivers/STM32F1xx_HAL_Driver/Src/stm32f1xx_ll_usb.c:1900:19:USB_SetCurrentMode	0	static
../Drivers/STM32F1xx_HAL_Driver/Src/stm32f1xx_ll_usb.c:1921:19:USB_DevInit	8	static
../Drivers/STM32F1xx_HAL_Driver/Src/stm32f1xx_ll_usb.c:1950:19:USB_FlushTxFifo	0	static
../Drivers/STM32F1xx_HAL_Driver/Src/stm32f1xx_ll_usb.c:1969:19:USB_FlushRxFifo	0	static
../Drivers/STM32F1xx_HAL_Driver/Src/stm32f1xx_ll_usb.c:1989:19:USB_ActivateEndpoint	20	static
../Drivers/STM32F1xx_HAL_Driver/Src/stm32f1xx_ll_usb.c:2104:19:USB_DeactivateEndpoint	0	static
../Drivers/STM32F1xx_HAL_Driver/Src/stm32f1xx_ll_usb.c:2421:19:USB_EPSetStall	0	static
../Drivers/STM32F1xx_HAL_Driver/Src/stm32f1xx_ll_usb.c:2441:19:USB_EPClearStall	0	static
../Drivers/STM32F1xx_HAL_Driver/Src/stm32f1xx_ll_usb.c:2473:19:USB_StopDevice	0	static
../Drivers/STM32F1xx_HAL_Driver/Src/stm32f1xx_ll_usb.c:2494:20:USB_SetDevAddress	0	static
../Drivers/STM32F1xx_HAL_Driver/Src/stm32f1xx_ll_usb.c:2510:20:USB_DevConnect	0	static
../Drivers/STM32F1xx_HAL_Driver/Src/stm32f1xx_ll_usb.c:2528:20:USB_DevDisconnect	0	static
../Drivers/STM32F1xx_HAL_Driver/Src/stm32f1xx_ll_usb.c:2546:11:USB_ReadInterrupts	0	static
../Drivers/STM32F1xx_HAL_Driver/Src/stm32f1xx_ll_usb.c:2559:10:USB_ReadDevAllOutEpInterrupt	0	static
../Drivers/STM32F1xx_HAL_Driver/Src/stm32f1xx_ll_usb.c:2575:10:USB_ReadDevAllInEpInterrupt	0	static
../Drivers/STM32F1xx_HAL_Driver/Src/stm32f1xx_ll_usb.c:2593:10:USB_ReadDevOutEPInterrupt	0	static
../Drivers/STM32F1xx_HAL_Driver/Src/stm32f1xx_ll_usb.c:2612:10:USB_ReadDevInEPInterrupt	0	static
../Drivers/STM32F1xx_HAL_Driver/Src/stm32f1xx_ll_usb.c:2630:7:USB_ClearInterrupts	0	static
../Drivers/STM32F1xx_HAL_Driver/Src/stm32f1xx_ll_usb.c:2647:19:USB_EP0_OutStart	0	static
../Drivers/STM32F1xx_HAL_Driver/Src/stm32f1xx_ll_usb.c:2664:19:USB_ActivateRemoteWakeup	0	static
../Drivers/STM32F1xx_HAL_Driver/Src/stm32f1xx_ll_usb.c:2676:19:USB_DeActivateRemoteWakeup	0	static
../Drivers/STM32F1xx_HAL_Driver/Src/stm32f1xx_ll_usb.c:2691:6:USB_WritePMA	0	static
../Drivers/STM32F1xx_HAL_Driver/Src/stm32f1xx_ll_usb.c:2160:19:USB_EPStartXfer	24	static
../Drivers/STM32F1xx_HAL_Driver/Src/stm32f1xx_ll_usb.c:2725:6:USB_ReadPMA	20	static
