../Drivers/STM32F1xx_HAL_Driver/Src/stm32f1xx_hal_pcd.c:282:13:HAL_PCD_MspInit	0	static
../Drivers/STM32F1xx_HAL_Driver/Src/stm32f1xx_hal_pcd.c:131:19:HAL_PCD_Init	24	static
../Drivers/STM32F1xx_HAL_Driver/Src/stm32f1xx_hal_pcd.c:297:13:HAL_PCD_MspDeInit	0	static
../Drivers/STM32F1xx_HAL_Driver/Src/stm32f1xx_hal_pcd.c:243:19:HAL_PCD_DeInit	16	static
../Drivers/STM32F1xx_HAL_Driver/Src/stm32f1xx_hal_pcd.c:855:19:HAL_PCD_Start	16	static
../Drivers/STM32F1xx_HAL_Driver/Src/stm32f1xx_hal_pcd.c:875:19:HAL_PCD_Stop	8	static
../Drivers/STM32F1xx_HAL_Driver/Src/stm32f1xx_hal_pcd.c:1456:6:HAL_PCD_WKUP_IRQHandler	0	static
../Drivers/STM32F1xx_HAL_Driver/Src/stm32f1xx_hal_pcd.c:1469:13:HAL_PCD_DataOutStageCallback	0	static
../Drivers/STM32F1xx_HAL_Driver/Src/stm32f1xx_hal_pcd.c:1486:13:HAL_PCD_DataInStageCallback	0	static
../Drivers/STM32F1xx_HAL_Driver/Src/stm32f1xx_hal_pcd.c:1501:13:HAL_PCD_SetupStageCallback	0	static
../Drivers/STM32F1xx_HAL_Driver/Src/stm32f1xx_hal_pcd.c:1516:13:HAL_PCD_SOFCallback	0	static
../Drivers/STM32F1xx_HAL_Driver/Src/stm32f1xx_hal_pcd.c:1531:13:HAL_PCD_ResetCallback	0	static
../Drivers/STM32F1xx_HAL_Driver/Src/stm32f1xx_hal_pcd.c:1546:13:HAL_PCD_SuspendCallback	0	static
../Drivers/STM32F1xx_HAL_Driver/Src/stm32f1xx_hal_pcd.c:1561:13:HAL_PCD_ResumeCallback	0	static
../Drivers/STM32F1xx_HAL_Driver/Src/stm32f1xx_hal_pcd.c:1577:13:HAL_PCD_ISOOUTIncompleteCallback	0	static
../Drivers/STM32F1xx_HAL_Driver/Src/stm32f1xx_hal_pcd.c:1594:13:HAL_PCD_ISOINIncompleteCallback	0	static
../Drivers/STM32F1xx_HAL_Driver/Src/stm32f1xx_hal_pcd.c:1610:13:HAL_PCD_ConnectCallback	0	static
../Drivers/STM32F1xx_HAL_Driver/Src/stm32f1xx_hal_pcd.c:1625:13:HAL_PCD_DisconnectCallback	0	static
../Drivers/STM32F1xx_HAL_Driver/Src/stm32f1xx_hal_pcd.c:1659:19:HAL_PCD_DevConnect	8	static
../Drivers/STM32F1xx_HAL_Driver/Src/stm32f1xx_hal_pcd.c:1678:19:HAL_PCD_DevDisconnect	8	static
../Drivers/STM32F1xx_HAL_Driver/Src/stm32f1xx_hal_pcd.c:1698:19:HAL_PCD_SetAddress	8	static
../Drivers/STM32F1xx_HAL_Driver/Src/stm32f1xx_hal_pcd.c:1321:6:HAL_PCD_IRQHandler	56	static
../Drivers/STM32F1xx_HAL_Driver/Src/stm32f1xx_hal_pcd.c:1715:19:HAL_PCD_EP_Open	16	static
../Drivers/STM32F1xx_HAL_Driver/Src/stm32f1xx_hal_pcd.c:1763:19:HAL_PCD_EP_Close	8	static
../Drivers/STM32F1xx_HAL_Driver/Src/stm32f1xx_hal_pcd.c:1794:19:HAL_PCD_EP_Receive	16	static
../Drivers/STM32F1xx_HAL_Driver/Src/stm32f1xx_hal_pcd.c:1818:10:HAL_PCD_EP_GetRxCount	0	static
../Drivers/STM32F1xx_HAL_Driver/Src/stm32f1xx_hal_pcd.c:1830:19:HAL_PCD_EP_Transmit	16	static
../Drivers/STM32F1xx_HAL_Driver/Src/stm32f1xx_hal_pcd.c:1858:19:HAL_PCD_EP_SetStall	16	static
../Drivers/STM32F1xx_HAL_Driver/Src/stm32f1xx_hal_pcd.c:1901:19:HAL_PCD_EP_ClrStall	16	static
../Drivers/STM32F1xx_HAL_Driver/Src/stm32f1xx_hal_pcd.c:1937:19:HAL_PCD_EP_Abort	0	static
../Drivers/STM32F1xx_HAL_Driver/Src/stm32f1xx_hal_pcd.c:1963:19:HAL_PCD_EP_Flush	8	static
../Drivers/STM32F1xx_HAL_Driver/Src/stm32f1xx_hal_pcd.c:1986:19:HAL_PCD_ActivateRemoteWakeup	0	static
../Drivers/STM32F1xx_HAL_Driver/Src/stm32f1xx_hal_pcd.c:1996:19:HAL_PCD_DeActivateRemoteWakeup	0	static
../Drivers/STM32F1xx_HAL_Driver/Src/stm32f1xx_hal_pcd.c:2025:18:HAL_PCD_GetState	0	static
