../Drivers/STM32F1xx_HAL_Driver/Src/stm32f1xx_hal_pcd.c:285:13:HAL_PCD_MspInit	0	static
../Drivers/STM32F1xx_HAL_Driver/Src/stm32f1xx_hal_pcd.c:128:19:HAL_PCD_Init	48	static
../Drivers/STM32F1xx_HAL_Driver/Src/stm32f1xx_hal_pcd.c:300:13:HAL_PCD_MspDeInit	0	static
../Drivers/STM32F1xx_HAL_Driver/Src/stm32f1xx_hal_pcd.c:246:19:HAL_PCD_DeInit	16	static
../Drivers/STM32F1xx_HAL_Driver/Src/stm32f1xx_hal_pcd.c:858:19:HAL_PCD_Start	16	static
../Drivers/STM32F1xx_HAL_Driver/Src/stm32f1xx_hal_pcd.c:878:19:HAL_PCD_Stop	8	static
../Drivers/STM32F1xx_HAL_Driver/Src/stm32f1xx_hal_pcd.c:1371:6:HAL_PCD_WKUP_IRQHandler	0	static
../Drivers/STM32F1xx_HAL_Driver/Src/stm32f1xx_hal_pcd.c:1384:13:HAL_PCD_DataOutStageCallback	0	static
../Drivers/STM32F1xx_HAL_Driver/Src/stm32f1xx_hal_pcd.c:1401:13:HAL_PCD_DataInStageCallback	0	static
../Drivers/STM32F1xx_HAL_Driver/Src/stm32f1xx_hal_pcd.c:1416:13:HAL_PCD_SetupStageCallback	0	static
../Drivers/STM32F1xx_HAL_Driver/Src/stm32f1xx_hal_pcd.c:1431:13:HAL_PCD_SOFCallback	0	static
../Drivers/STM32F1xx_HAL_Driver/Src/stm32f1xx_hal_pcd.c:1446:13:HAL_PCD_ResetCallback	0	static
../Drivers/STM32F1xx_HAL_Driver/Src/stm32f1xx_hal_pcd.c:1461:13:HAL_PCD_SuspendCallback	0	static
../Drivers/STM32F1xx_HAL_Driver/Src/stm32f1xx_hal_pcd.c:1476:13:HAL_PCD_ResumeCallback	0	static
../Drivers/STM32F1xx_HAL_Driver/Src/stm32f1xx_hal_pcd.c:1492:13:HAL_PCD_ISOOUTIncompleteCallback	0	static
../Drivers/STM32F1xx_HAL_Driver/Src/stm32f1xx_hal_pcd.c:1509:13:HAL_PCD_ISOINIncompleteCallback	0	static
../Drivers/STM32F1xx_HAL_Driver/Src/stm32f1xx_hal_pcd.c:1525:13:HAL_PCD_ConnectCallback	0	static
../Drivers/STM32F1xx_HAL_Driver/Src/stm32f1xx_hal_pcd.c:1540:13:HAL_PCD_DisconnectCallback	0	static
../Drivers/STM32F1xx_HAL_Driver/Src/stm32f1xx_hal_pcd.c:1574:19:HAL_PCD_DevConnect	8	static
../Drivers/STM32F1xx_HAL_Driver/Src/stm32f1xx_hal_pcd.c:1593:19:HAL_PCD_DevDisconnect	8	static
../Drivers/STM32F1xx_HAL_Driver/Src/stm32f1xx_hal_pcd.c:1613:19:HAL_PCD_SetAddress	8	static
../Drivers/STM32F1xx_HAL_Driver/Src/stm32f1xx_hal_pcd.c:1253:6:HAL_PCD_IRQHandler	56	static
../Drivers/STM32F1xx_HAL_Driver/Src/stm32f1xx_hal_pcd.c:1630:19:HAL_PCD_EP_Open	16	static
../Drivers/STM32F1xx_HAL_Driver/Src/stm32f1xx_hal_pcd.c:1675:19:HAL_PCD_EP_Close	8	static
../Drivers/STM32F1xx_HAL_Driver/Src/stm32f1xx_hal_pcd.c:1706:19:HAL_PCD_EP_Receive	16	static
../Drivers/STM32F1xx_HAL_Driver/Src/stm32f1xx_hal_pcd.c:1737:10:HAL_PCD_EP_GetRxCount	0	static
../Drivers/STM32F1xx_HAL_Driver/Src/stm32f1xx_hal_pcd.c:1749:19:HAL_PCD_EP_Transmit	16	static
../Drivers/STM32F1xx_HAL_Driver/Src/stm32f1xx_hal_pcd.c:1784:19:HAL_PCD_EP_SetStall	16	static
../Drivers/STM32F1xx_HAL_Driver/Src/stm32f1xx_hal_pcd.c:1827:19:HAL_PCD_EP_ClrStall	16	static
../Drivers/STM32F1xx_HAL_Driver/Src/stm32f1xx_hal_pcd.c:1863:19:HAL_PCD_EP_Flush	8	static
../Drivers/STM32F1xx_HAL_Driver/Src/stm32f1xx_hal_pcd.c:1886:19:HAL_PCD_ActivateRemoteWakeup	0	static
../Drivers/STM32F1xx_HAL_Driver/Src/stm32f1xx_hal_pcd.c:1896:19:HAL_PCD_DeActivateRemoteWakeup	0	static
../Drivers/STM32F1xx_HAL_Driver/Src/stm32f1xx_hal_pcd.c:1925:18:HAL_PCD_GetState	0	static
